
[1m[46m RUN [49m[22m [36mv3.2.4 [39m[90mC:/temp_private/firmascope[39m

(node:13960) [DEP0040] DeprecationWarning: The `punycode` module is deprecated. Please use a userland alternative instead.
(Use `node --trace-deprecation ...` to show where the warning was created)
(node:30080) [DEP0040] DeprecationWarning: The `punycode` module is deprecated. Please use a userland alternative instead.
(Use `node --trace-deprecation ...` to show where the warning was created)
(node:39512) [DEP0040] DeprecationWarning: The `punycode` module is deprecated. Please use a userland alternative instead.
(Use `node --trace-deprecation ...` to show where the warning was created)
(node:47864) [DEP0040] DeprecationWarning: The `punycode` module is deprecated. Please use a userland alternative instead.
(Use `node --trace-deprecation ...` to show where the warning was created)
(node:11556) [DEP0040] DeprecationWarning: The `punycode` module is deprecated. Please use a userland alternative instead.
(Use `node --trace-deprecation ...` to show where the warning was created)
(node:32484) [DEP0040] DeprecationWarning: The `punycode` module is deprecated. Please use a userland alternative instead.
(Use `node --trace-deprecation ...` to show where the warning was created)
(node:32664) [DEP0040] DeprecationWarning: The `punycode` module is deprecated. Please use a userland alternative instead.
(Use `node --trace-deprecation ...` to show where the warning was created)
(node:45168) [DEP0040] DeprecationWarning: The `punycode` module is deprecated. Please use a userland alternative instead.
(Use `node --trace-deprecation ...` to show where the warning was created)
(node:48204) [DEP0040] DeprecationWarning: The `punycode` module is deprecated. Please use a userland alternative instead.
(Use `node --trace-deprecation ...` to show where the warning was created)
(node:49476) [DEP0040] DeprecationWarning: The `punycode` module is deprecated. Please use a userland alternative instead.
(Use `node --trace-deprecation ...` to show where the warning was created)
(node:8016) [DEP0040] DeprecationWarning: The `punycode` module is deprecated. Please use a userland alternative instead.
(Use `node --trace-deprecation ...` to show where the warning was created)
(node:13672) [DEP0040] DeprecationWarning: The `punycode` module is deprecated. Please use a userland alternative instead.
(Use `node --trace-deprecation ...` to show where the warning was created)
(node:4416) [DEP0040] DeprecationWarning: The `punycode` module is deprecated. Please use a userland alternative instead.
(Use `node --trace-deprecation ...` to show where the warning was created)
(node:47460) [DEP0040] DeprecationWarning: The `punycode` module is deprecated. Please use a userland alternative instead.
(Use `node --trace-deprecation ...` to show where the warning was created)
 [32mΓ£ô[39m src/test/example.test.ts[2m > [22mexample[2m > [22mshould pass[32m 1[2mms[22m[39m
 [32mΓ£ô[39m src/hooks/__tests__/useSalaryGate.test.ts[2m > [22museSalaryGate[2m > [22mreturns isGated=true when not logged in[32m 26[2mms[22m[39m
 [32mΓ£ô[39m src/hooks/__tests__/useSalaryGate.test.ts[2m > [22museSalaryGate[2m > [22mreturns hasSubmitted=true when user has submitted salary[32m 78[2mms[22m[39m
 [32mΓ£ô[39m src/hooks/__tests__/useSalaryGate.test.ts[2m > [22museSalaryGate[2m > [22mreturns hasSubmitted=false when user has not submitted salary[32m 2[2mms[22m[39m
 [32mΓ£ô[39m src/hooks/__tests__/useSalaryGate.test.ts[2m > [22museSalaryGate[2m > [22mhandles RPC error gracefully[32m 78[2mms[22m[39m
 [32mΓ£ô[39m src/hooks/__tests__/useSalaryGate.test.ts[2m > [22museSalaryGate[2m > [22mcalls has_submitted_salary RPC with correct user id[32m 16[2mms[22m[39m
stderr | src/components/__tests__/SalaryGateOverlay.test.tsx > SalaryGateOverlay > shows 'Giri┼ƒ Yap' link when not logged in
ΓÜá∩╕Å React Router Future Flag Warning: React Router will begin wrapping state updates in `React.startTransition` in v7. You can use the `v7_startTransition` future flag to opt-in early. For more information, see https://reactrouter.com/v6/upgrading/future#v7_starttransition.
ΓÜá∩╕Å React Router Future Flag Warning: Relative route resolution within Splat routes is changing in v7. You can use the `v7_relativeSplatPath` future flag to opt-in early. For more information, see https://reactrouter.com/v6/upgrading/future#v7_relativesplatpath.

 [32mΓ£ô[39m src/components/__tests__/SalaryGateOverlay.test.tsx[2m > [22mSalaryGateOverlay[2m > [22mshows 'Giri┼ƒ Yap' link when not logged in[32m 54[2mms[22m[39m
 [32mΓ£ô[39m src/components/__tests__/SalaryGateOverlay.test.tsx[2m > [22mSalaryGateOverlay[2m > [22mshows 'Maa┼ƒ Bilgisi Payla┼ƒ' button when logged in[32m 12[2mms[22m[39m
stderr | src/components/__tests__/Navbar.test.tsx > Navbar > shows Giri┼ƒ Yap button when not logged in
ΓÜá∩╕Å React Router Future Flag Warning: React Router will begin wrapping state updates in `React.startTransition` in v7. You can use the `v7_startTransition` future flag to opt-in early. For more information, see https://reactrouter.com/v6/upgrading/future#v7_starttransition.
ΓÜá∩╕Å React Router Future Flag Warning: Relative route resolution within Splat routes is changing in v7. You can use the `v7_relativeSplatPath` future flag to opt-in early. For more information, see https://reactrouter.com/v6/upgrading/future#v7_relativesplatpath.

 [32mΓ£ô[39m src/components/__tests__/SalaryGateOverlay.test.tsx[2m > [22mSalaryGateOverlay[2m > [22mcalls onSubmitSalary when button clicked[32m 86[2mms[22m[39m
 [32mΓ£ô[39m src/components/__tests__/SalaryGateOverlay.test.tsx[2m > [22mSalaryGateOverlay[2m > [22mrenders blurred preview placeholders[32m 8[2mms[22m[39m
 [32mΓ£ô[39m src/components/__tests__/SalaryGateOverlay.test.tsx[2m > [22mSalaryGateOverlay[2m > [22mrenders gate description text[32m 6[2mms[22m[39m
 [32mΓ£ô[39m src/components/__tests__/Navbar.test.tsx[2m > [22mNavbar[2m > [22mshows Giri┼ƒ Yap button when not logged in[32m 60[2mms[22m[39m
stderr | src/pages/__tests__/Auth.test.tsx > Auth Page > Render Tests > shows login form by default
ΓÜá∩╕Å React Router Future Flag Warning: React Router will begin wrapping state updates in `React.startTransition` in v7. You can use the `v7_startTransition` future flag to opt-in early. For more information, see https://reactrouter.com/v6/upgrading/future#v7_starttransition.
ΓÜá∩╕Å React Router Future Flag Warning: Relative route resolution within Splat routes is changing in v7. You can use the `v7_relativeSplatPath` future flag to opt-in early. For more information, see https://reactrouter.com/v6/upgrading/future#v7_relativesplatpath.

 [31m├ù[39m src/pages/__tests__/Auth.test.tsx[2m > [22mAuth Page[2m > [22mRender Tests[2m > [22mshows login form by default[32m 60[2mms[22m[39m
[31m   ΓåÆ Found multiple elements with the text: Giri┼ƒ Yap

Here are the matching elements:

Ignored nodes: comments, script, style
[36m<a[31m
  [33mclass[31m=[32m"inline-flex items-center justify-center gap-2 whitespace-nowrap text-sm font-medium ring-offset-background transition-colors focus-visible:outline-none focus-visible:ring-2 focus-visible:ring-ring focus-visible:ring-offset-2 disabled:pointer-events-none disabled:opacity-50 [&_svg]:pointer-events-none [&_svg]:size-4 [&_svg]:shrink-0 bg-primary text-primary-foreground hover:bg-primary/90 h-9 rounded-md px-3"[31m
  [33mhref[31m=[32m"/giris"[31m
[36m>[31m
  [0mGiri┼ƒ Yap[0m
[36m</a>[31m

Ignored nodes: comments, script, style
[36m<h1[31m
  [33mclass[31m=[32m"font-display text-2xl font-bold text-foreground text-center mb-2"[31m
[36m>[31m
  [0mGiri┼ƒ Yap[0m
[36m</h1>[31m

Ignored nodes: comments, script, style
[36m<button[31m
  [33mclass[31m=[32m"inline-flex items-center justify-center gap-2 whitespace-nowrap rounded-md text-sm font-medium ring-offset-background transition-colors focus-visible:outline-none focus-visible:ring-2 focus-visible:ring-ring focus-visible:ring-offset-2 disabled:pointer-events-none disabled:opacity-50 [&_svg]:pointer-events-none [&_svg]:size-4 [&_svg]:shrink-0 bg-primary text-primary-foreground hover:bg-primary/90 px-4 py-2 w-full h-11"[31m
  [33mtype[31m=[32m"submit"[31m
[36m>[31m
  [0mGiri┼ƒ Yap[0m
[36m</button>[31m

(If this is intentional, then use the `*AllBy*` variant of the query (like `queryAllByText`, `getAllByText`, or `findAllByText`)).

Ignored nodes: comments, script, style
[36m<body>[31m
  [36m<div>[31m
    [36m<div[31m
      [33mclass[31m=[32m"flex min-h-screen flex-col bg-background"[31m
    [36m>[31m
      [36m<div[31m
        [33maria-hidden[31m=[32m"true"[31m
        [33mclass[31m=[32m"h-9"[31m
      [36m/>[31m
      [36m<div[31m
        [33mclass[31m=[32m"fixed inset-x-0 top-0 z-[60] bg-orange-500 px-3 py-2 text-center text-sm font-semibold text-white"[31m
      [36m>[31m
        [36m<div[31m
          [33mclass[31m=[32m"mx-auto flex max-w-6xl items-center justify-center"[31m
        [36m>[31m
          [36m<p>[31m
            [0mfirmascope test yayininda! devami cok yakinda![0m
          [36m</p>[31m
          [36m<button[31m
            [33maria-label[31m=[32m"Test bannerini kapat"[31m
            [33mclass[31m=[32m"absolute right-3 rounded p-1 text-white/90 transition hover:bg-white/20 hover:text-white"[31m
            [33mtype[31m=[32m"button"[31m
          [36m>[31m
            [36m<svg[31m
              [33mclass[31m=[32m"lucide lucide-x h-4 w-4"[31m
              [33mfill[31m=[32m"none"[31m
              [33mheight[31m=[32m"24"[31m
              [33mstroke[31m=[32m"currentColor"[31m
              [33mstroke-linecap[31m=[32m"round"[31m
              [33mstroke-linejoin[31m=[32m"round"[31m
              [33mstroke-width[31m=[32m"2"[31m
              [33mviewBox[31m=[32m"0 0 24 24"[31m
              [33mwidth[31m=[32m"24"[31m
              [33mxmlns[31m=[32m"http://www.w3.org/2000/svg"[31m
            [36m>[31m
              [36m<path[31m
                [33md[31m=[32m"M18 6 6 18"[31m
              [36m/>[31m
              [36m<path[31m
                [33md[31m=[32m"m6 6 12 12"[31m
              [36m/>[31m
            [36m</svg>[31m
          [36m</button>[31m
        [36m</div>[31m
      [36m</div>[31m
      [36m<header[31m
        [33mclass[31m=[32m"sticky top-0 z-50 border-b border-border bg-background/95 backdrop-blur supports-[backdrop-filter]:bg-background/60"[31m
      [36m>[31m
        [36m<div[31m
          [33mclass[31m=[32m"container mx-auto flex h-14 items-center justify-between px-4"[31m
        [36m>[31m
          [36m<a[31m
            [33mclass[31m=[32m"flex flex-col leading-tight"[31m
            [33mhref[31m=[32m"/"[31m
          [36m>[31m
            [36m<span[31m
              [33mclass[31m=[32m"font-display text-lg font-bold text-foreground"[31m
            [36m>[31m
              [0mfirmascope[0m
            [36m</span>[31m
            [36m<span[31m
              [33mclass[31m=[32m"text-xs font-medium text-muted-foreground"[31m
            [36m>[31m
              [0moffline[0m
            [36m</span>[31m
          [36m</a>[31m
          [36m<nav[31m
            [33mclass[31m=[32m"hidden items-center gap-4 md:flex"[31m
          [36m>[31m
            [36m<div[31m
              [33mclass[31m=[32m"flex items-center text-sm text-muted-foreground"[31m
            [36m>[31m
              [36m<div[31m
                [33mclass[31m=[32m"flex items-center"[31m
              [36m>[31m
                [36m<a[31m
                  [33mclass[31m=[32m"transition-colors hover:text-foreground"[31m
                  [33mhref[31m=[32m"/sirketler"[31m
                [36m>[31m
                  [0mAra[0m
                [36m</a>[31m
              [36m</div>[31m
              [36m<div[31m
                [33mclass[31m=[32m"flex items-center"[31m
              [36m>[31m
                [36m<span[31m
                  [33mclass[31m=[32m"px-2 text-border"[31m
                [36m>[31m
                  [0m|[0m
                [36m</span>[31m
                [36m<a[31m
                  [33mclass[31m=[32m"transition-colors hover:text-foreground"[31m
                  [33mhref[31m=[32m"/sirket-oner"[31m
                [36m>[31m
                  [0m├ûner[0m
                [36m</a>[31m
              [36m</div>[31m
              [36m<div[31m
                [33mclass[31m=[32m"flex items-center"[31m
              [36m>[31m
                [36m<span[31m
                  [33mclass[31m=[32m"px-2 text-border"[31m
                [36m>[31m
                  [0m|[0m
                [36m</span>[31m
                [36m<a[31m
                  [33mclass[31m=[32m"transition-colors hover:text-foreground"[31m
                  [33mhref[31m=[32m"/sirketler"[31m
                [36m>[31m
                  [0mDe─ƒerlendir[0m
                [36m</a>[31m
              [36m</div>[31m
              [36m<div[31m
                [33mclass[31m=[32m"flex items-center"[31m
              [36m>[31m
                [36m<span[31m
                  [33mclass[31m=[32m"px-2 text-border"[31m
                [36m>[31m
                  [0m|[0m
                [36m</span>[31m
                [36m<a[31m
                  [33mclass[31m=[32m"transition-colors hover:text-foreground"[31m
                  [33mhref[31m=[32m"/sirketler"[31m
                [36m>[31m
                  [0mM├╝lakat[0m
                [36m</a>[31m
              [36m</div>[31m
              [36m<div[31m
                [33mclass[31m=[32m"flex items-center"[31m
              [36m>[31m
                [36m<span[31m
                  [33mclass[31m=[32m"px-2 text-border"[31m
                [36m>[31m
                  [0m|[0m
                [36m</span>[31m
                [36m<a[31m
                  [33mclass[31m=[32m"transition-colors hover:text-foreground"[31m
                  [33mhref[31m=[32m"/sirketler"[31m
                [36m>[31m
                  [0mMaa┼ƒ[0m
                [36m</a>[31m
              [36m</div>[31m
              [36m<div[31m
                [33mclass[31m=[32m"flex items-center"[31m
              [36m>[31m
                [36m<span[31m
                  [33mclass[31m=[32m"px-2 text-border"[31m
                [36m>[31m
                  [0m|[0m
                [36m</span>[31m
                [36m<a[31m
                  [33mclass[31m=[32m"transition-colors hover:text-foreground"[31m
                  [33mhref[31m=[32m"/giris"[31m
                [36m>[31m
                  [0m├£ye Ol[0m
                [36m</a>[31m
              [36m</div>[31m
            [36m</div>[31m
            [36m<a[31m
              [33mclass[31m=[32m"inline-flex items-center justify-center gap-2 whitespace-nowrap text-sm font-medium ring-offset-background transition-colors focus-visible:outline-none focus-visible:ring-2 focus-visible:ring-ring focus-visible:ring-offset-2 disabled:pointer-events-none disabled:opacity-50 [&_svg]:pointer-events-none [&_svg]:size-4 [&_svg]:shrink-0 bg-primary text-primary-foreground hover:bg-primary/90 h-9 rounded-md px-3"[31m
              [33mhref...[39m
 [31m├ù[39m src/components/__tests__/Navbar.test.tsx[2m > [22mNavbar[2m > [22mshows user email and logout button when logged in[32m 195[2mms[22m[39m
[31m   ΓåÆ Unable to find an accessible element with the role "button" and name `/logout|├º─▒k─▒┼ƒ/i`

Here are the accessible roles:

  banner:

  Name "":
  [36m<header[31m
    [33mclass[31m=[32m"sticky top-0 z-50 border-b border-border bg-background/95 backdrop-blur supports-[backdrop-filter]:bg-background/60"[31m
  [36m/>[31m

  --------------------------------------------------
  link:

  Name "firmascope online":
  [36m<a[31m
    [33mclass[31m=[32m"flex flex-col leading-tight"[31m
    [33mhref[31m=[32m"/"[31m
  [36m/>[31m

  Name "Ara":
  [36m<a[31m
    [33mclass[31m=[32m"transition-colors hover:text-foreground"[31m
    [33mhref[31m=[32m"/sirketler"[31m
  [36m/>[31m

  Name "├ûner":
  [36m<a[31m
    [33mclass[31m=[32m"transition-colors hover:text-foreground"[31m
    [33mhref[31m=[32m"/sirket-oner"[31m
  [36m/>[31m

  Name "De─ƒerlendir":
  [36m<a[31m
    [33mclass[31m=[32m"transition-colors hover:text-foreground"[31m
    [33mhref[31m=[32m"/sirketler"[31m
  [36m/>[31m

  Name "M├╝lakat":
  [36m<a[31m
    [33mclass[31m=[32m"transition-colors hover:text-foreground"[31m
    [33mhref[31m=[32m"/sirketler"[31m
  [36m/>[31m

  Name "Maa┼ƒ":
  [36m<a[31m
    [33mclass[31m=[32m"transition-colors hover:text-foreground"[31m
    [33mhref[31m=[32m"/sirketler"[31m
  [36m/>[31m

  Name "admin@example.com":
  [36m<a[31m
    [33mclass[31m=[32m"flex items-center gap-1.5 text-sm text-muted-foreground hover:text-foreground transition-colors"[31m
    [33mhref[31m=[32m"/profil"[31m
  [36m/>[31m

  --------------------------------------------------
  navigation:

  Name "":
  [36m<nav[31m
    [33mclass[31m=[32m"hidden items-center gap-4 md:flex"[31m
  [36m/>[31m

  --------------------------------------------------
  button:

  Name "":
  [36m<button[31m
    [33mclass[31m=[32m"inline-flex items-center justify-center gap-2 whitespace-nowrap text-sm font-medium ring-offset-background transition-colors focus-visible:outline-none focus-visible:ring-2 focus-visible:ring-ring focus-visible:ring-offset-2 disabled:pointer-events-none disabled:opacity-50 [&_svg]:pointer-events-none [&_svg]:size-4 [&_svg]:shrink-0 hover:bg-accent hover:text-accent-foreground h-9 rounded-md px-3 text-muted-foreground"[31m
  [36m/>[31m

  Name "":
  [36m<button[31m
    [33mclass[31m=[32m"md:hidden text-foreground"[31m
  [36m/>[31m

  --------------------------------------------------

Ignored nodes: comments, script, style
[36m<body>[31m
  [36m<div>[31m
    [36m<header[31m
      [33mclass[31m=[32m"sticky top-0 z-50 border-b border-border bg-background/95 backdrop-blur supports-[backdrop-filter]:bg-background/60"[31m
    [36m>[31m
      [36m<div[31m
        [33mclass[31m=[32m"container mx-auto flex h-14 items-center justify-between px-4"[31m
      [36m>[31m
        [36m<a[31m
          [33mclass[31m=[32m"flex flex-col leading-tight"[31m
          [33mhref[31m=[32m"/"[31m
        [36m>[31m
          [36m<span[31m
            [33mclass[31m=[32m"font-display text-lg font-bold text-foreground"[31m
          [36m>[31m
            [0mfirmascope[0m
          [36m</span>[31m
          [36m<span[31m
            [33mclass[31m=[32m"text-xs font-medium text-green-600"[31m
          [36m>[31m
            [0monline[0m
          [36m</span>[31m
        [36m</a>[31m
        [36m<nav[31m
          [33mclass[31m=[32m"hidden items-center gap-4 md:flex"[31m
        [36m>[31m
          [36m<div[31m
            [33mclass[31m=[32m"flex items-center text-sm text-muted-foreground"[31m
          [36m>[31m
            [36m<div[31m
              [33mclass[31m=[32m"flex items-center"[31m
            [36m>[31m
              [36m<a[31m
                [33mclass[31m=[32m"transition-colors hover:text-foreground"[31m
                [33mhref[31m=[32m"/sirketler"[31m
              [36m>[31m
                [0mAra[0m
              [36m</a>[31m
            [36m</div>[31m
            [36m<div[31m
              [33mclass[31m=[32m"flex items-center"[31m
            [36m>[31m
              [36m<span[31m
                [33mclass[31m=[32m"px-2 text-border"[31m
              [36m>[31m
                [0m|[0m
              [36m</span>[31m
              [36m<a[31m
                [33mclass[31m=[32m"transition-colors hover:text-foreground"[31m
                [33mhref[31m=[32m"/sirket-oner"[31m
              [36m>[31m
                [0m├ûner[0m
              [36m</a>[31m
            [36m</div>[31m
            [36m<div[31m
              [33mclass[31m=[32m"flex items-center"[31m
            [36m>[31m
              [36m<span[31m
                [33mclass[31m=[32m"px-2 text-border"[31m
              [36m>[31m
                [0m|[0m
              [36m</span>[31m
              [36m<a[31m
                [33mclass[31m=[32m"transition-colors hover:text-foreground"[31m
                [33mhref[31m=[32m"/sirketler"[31m
              [36m>[31m
                [0mDe─ƒerlendir[0m
              [36m</a>[31m
            [36m</div>[31m
            [36m<div[31m
              [33mclass[31m=[32m"flex items-center"[31m
            [36m>[31m
              [36m<span[31m
                [33mclass[31m=[32m"px-2 text-border"[31m
              [36m>[31m
                [0m|[0m
              [36m</span>[31m
              [36m<a[31m
                [33mclass[31m=[32m"transition-colors hover:text-foreground"[31m
                [33mhref[31m=[32m"/sirketler"[31m
              [36m>[31m
                [0mM├╝lakat[0m
              [36m</a>[31m
            [36m</div>[31m
            [36m<div[31m
              [33mclass[31m=[32m"flex items-center"[31m
            [36m>[31m
              [36m<span[31m
                [33mclass[31m=[32m"px-2 text-border"[31m
              [36m>[31m
                [0m|[0m
              [36m</span>[31m
              [36m<a[31m
                [33mclass[31m=[32m"transition-colors hover:text-foreground"[31m
                [33mhref[31m=[32m"/sirketler"[31m
              [36m>[31m
                [0mMaa┼ƒ[0m
              [36m</a>[31m
            [36m</div>[31m
          [36m</div>[31m
          [36m<div[31m
            [33mclass[31m=[32m"flex items-center gap-2"[31m
          [36m>[31m
            [36m<a[31m
              [33mclass[31m=[32m"flex items-center gap-1.5 text-sm text-muted-foreground hover:text-foreground transition-colors"[31m
              [33mhref[31m=[32m"/profil"[31m
            [36m>[31m
              [36m<svg[31m
                [33mclass[31m=[32m"lucide lucide-user h-3.5 w-3.5"[31m
                [33mfill[31m=[32m"none"[31m
                [33mheight[31m=[32m"24"[31m
                [33mstroke[31m=[32m"currentColor"[31m
                [33mstroke-linecap[31m=[32m"round"[31m
                [33mstroke-linejoin[31m=[32m"round"[31m
                [33mstroke-width[31m=[32m"2"[31m
                [33mviewBox[31m=[32m"0 0 24 24"[31m
                [33mwidth[31m=[32m"24"[31m
                [33mxmlns[31m=[32m"http://www.w3.org/2000/svg"[31m
              [36m>[31m
                [36m<path[31m
                  [33md[31m=[32m"M19 21v-2a4 4 0 0 0-4-4H9a4 4 0 0 0-4 4v2"[31m
                [36m/>[31m
                [36m<circle[31m
                  [33mcx[31m=[32m"12"[31m
                  [33mcy[31m=[32m"7"[31m
                  [33mr[31m=[32m"4"[31m
                [36m/>[31m
              [36m</svg>[31m
              [36m<span[31m
                [33mclass[31m=[32m"max-w-[120px] truncate"[31m
              [36m>[31m
                [0madmin@example.com[0m
              [36m</span>[31m
            [36m</a>[31m
            [36m<button[31m
              [33mclass[31m=[32m"inline-flex items-center justify-center gap-2 whitespace-nowrap text-sm font-medium ring-offset-background transition-colors focus-visible:outline-none focus-visible:ring-2 focus-visible:ring-ring focus-visible:ring-offset-2 disabled:pointer-events-none disabled:opacity-50 [&_svg]:pointer-events-none [&_svg]:size-4 [&_svg]:shrink-0 hover:bg-accent hover:text-accent-foreground h-9 rounded-md px-3 text-muted-foreground"[31m
            [36m>[31m
              [36m<svg[31m
                [33mclass[31m=[32m"lucide lucide-log-out h-4 w-4"[31m
                [33mfill[31m=[32m"none"[31m
                [33mheight[31m=[32m"24"[31m
                [33mstroke[31m=[32m"currentColor"[31m
                [33mstroke-linecap[31m=[32m"round"[31m
                [33mstroke-linejoin[31m=[32m"round"[31m
                [33mstroke-width[31m=[32m"2"[31m
                [33mviewBox[31m=[32m"0 0 24 24"[31m
                [33mwidth[31m=[32m"24"[31m
                [33mxmlns[31m=[32m"http://www.w3.org/2000/svg"[31m
              [36m>[31m
                [36m<path[31m
                  [33md[31m=[32m"M9 21H5a2 2 0 0 1-2-2V5a2 2 0 0 1 2-2h4"[31m
                [36m/>[31m
                [36m<polyline[31m
                  [33mpoints[31m=[32m"16 17 21 12 16 7"[31m
                [36m/>[31m
                [36m<line[31m
                  [33mx1[31m=[32m"21"[31m
                  [33mx2[31m=[32m"9"[31m
                  [33my1[31m=[32m"12"[31m
                  [33my2[31m=[32m"12"[31m
                [36m/>[31m
              [36m</svg>[31m
            [36m</button>[31m
          [36m</div>[31m
        [36m</nav>[31m
        [36m<button[31m
          [33mclass[31m=[32m"md:hidden text-foreground"[31m
        [36m>[31m
          [36m<svg[31m
            [33mclass[31m=[32m"lucide lucide-menu h-5 w-5"[31m
            [33mfill[31m=[32m"none"[31m
            [33mheight[31m=[32m"24"[31m
            [33mstroke[31m=[32m"currentColor"[31m
            [33mstroke-linecap[31m=[32m"round"[31m
            [33mstroke-linejoin[31m=[32m"round"[31m
            [33mstroke-width[31m=[32m"2"[31m
            [33mviewBox[31m=[32m"0 0 24 24"[31m
            [33mwidth[31m=[32m"24"[31m
            [33mxmlns[31m=[32m"http://www.w3.org/2000/svg"[31m
          [36m>[31m
            [36m<line[31m
              [33mx1[31m=[32m"4"[31m
              [33mx2[31m=[32m"20"[31m
              [33my1[31m=[32m"12"[31m
              [33my2[31m=[32m"12"[31m
            [36m/>[31m
            [36m<line[31m
              [33mx1[31m=[32m"4"[31m
              [33mx2[31m=[32m"20"[31m
              [33my1[31m=[32m"6"[31m
              [33my2[31m=[32m"6"[31m
            [36m/>[31m
            [36m<line[31m
              [33mx1[31m=[32m"4"[31m
              [33mx2[31m=[32m"20"[31m
              [33my1[31m=[32m"18"[31m
              [33my2[31m=[32m"18"[31m
            [36m/>[31m
          [36m</svg>[31m
        [36m</button>[31m
      [36m</div>[31m
    [36m</header>[31m
  [36m</div>[31m
[36m</body>[31m[39m
 [32mΓ£ô[39m src/components/__tests__/Navbar.test.tsx[2m > [22mNavbar[2m > [22mshows admin link when user is admin[32m 7[2mms[22m[39m
 [32mΓ£ô[39m src/components/__tests__/Navbar.test.tsx[2m > [22mNavbar[2m > [22mhides admin link when user is not admin[32m 5[2mms[22m[39m
 [32mΓ£ô[39m src/components/__tests__/Navbar.test.tsx[2m > [22mNavbar[2m > [22mcalls signOut on logout click[32m 55[2mms[22m[39m
 [31m├ù[39m src/components/__tests__/Navbar.test.tsx[2m > [22mNavbar[2m > [22mopens mobile menu on hamburger click[32m 52[2mms[22m[39m
[31m   ΓåÆ Unable to find an element with the text: ├ç─▒k─▒┼ƒ Yap. This could be because the text is broken up by multiple elements. In this case, you can provide a function for your text matcher to make your matcher more flexible.

Ignored nodes: comments, script, style
[36m<body>[31m
  [36m<div>[31m
    [36m<header[31m
      [33mclass[31m=[32m"sticky top-0 z-50 border-b border-border bg-background/95 backdrop-blur supports-[backdrop-filter]:bg-background/60"[31m
    [36m>[31m
      [36m<div[31m
        [33mclass[31m=[32m"container mx-auto flex h-14 items-center justify-between px-4"[31m
      [36m>[31m
        [36m<a[31m
          [33mclass[31m=[32m"flex flex-col leading-tight"[31m
          [33mhref[31m=[32m"/"[31m
        [36m>[31m
          [36m<span[31m
            [33mclass[31m=[32m"font-display text-lg font-bold text-foreground"[31m
          [36m>[31m
            [0mfirmascope[0m
          [36m</span>[31m
          [36m<span[31m
            [33mclass[31m=[32m"text-xs font-medium text-muted-foreground"[31m
          [36m>[31m
            [0moffline[0m
          [36m</span>[31m
        [36m</a>[31m
        [36m<nav[31m
          [33mclass[31m=[32m"hidden items-center gap-4 md:flex"[31m
        [36m>[31m
          [36m<div[31m
            [33mclass[31m=[32m"flex items-center text-sm text-muted-foreground"[31m
          [36m>[31m
            [36m<div[31m
              [33mclass[31m=[32m"flex items-center"[31m
            [36m>[31m
              [36m<a[31m
                [33mclass[31m=[32m"transition-colors hover:text-foreground"[31m
                [33mhref[31m=[32m"/sirketler"[31m
              [36m>[31m
                [0mAra[0m
              [36m</a>[31m
            [36m</div>[31m
            [36m<div[31m
              [33mclass[31m=[32m"flex items-center"[31m
            [36m>[31m
              [36m<span[31m
                [33mclass[31m=[32m"px-2 text-border"[31m
              [36m>[31m
                [0m|[0m
              [36m</span>[31m
              [36m<a[31m
                [33mclass[31m=[32m"transition-colors hover:text-foreground"[31m
                [33mhref[31m=[32m"/sirket-oner"[31m
              [36m>[31m
                [0m├ûner[0m
              [36m</a>[31m
            [36m</div>[31m
            [36m<div[31m
              [33mclass[31m=[32m"flex items-center"[31m
            [36m>[31m
              [36m<span[31m
                [33mclass[31m=[32m"px-2 text-border"[31m
              [36m>[31m
                [0m|[0m
              [36m</span>[31m
              [36m<a[31m
                [33mclass[31m=[32m"transition-colors hover:text-foreground"[31m
                [33mhref[31m=[32m"/sirketler"[31m
              [36m>[31m
                [0mDe─ƒerlendir[0m
              [36m</a>[31m
            [36m</div>[31m
            [36m<div[31m
              [33mclass[31m=[32m"flex items-center"[31m
            [36m>[31m
              [36m<span[31m
                [33mclass[31m=[32m"px-2 text-border"[31m
              [36m>[31m
                [0m|[0m
              [36m</span>[31m
              [36m<a[31m
                [33mclass[31m=[32m"transition-colors hover:text-foreground"[31m
                [33mhref[31m=[32m"/sirketler"[31m
              [36m>[31m
                [0mM├╝lakat[0m
              [36m</a>[31m
            [36m</div>[31m
            [36m<div[31m
              [33mclass[31m=[32m"flex items-center"[31m
            [36m>[31m
              [36m<span[31m
                [33mclass[31m=[32m"px-2 text-border"[31m
              [36m>[31m
                [0m|[0m
              [36m</span>[31m
              [36m<a[31m
                [33mclass[31m=[32m"transition-colors hover:text-foreground"[31m
                [33mhref[31m=[32m"/sirketler"[31m
              [36m>[31m
                [0mMaa┼ƒ[0m
              [36m</a>[31m
            [36m</div>[31m
            [36m<div[31m
              [33mclass[31m=[32m"flex items-center"[31m
            [36m>[31m
              [36m<span[31m
                [33mclass[31m=[32m"px-2 text-border"[31m
              [36m>[31m
                [0m|[0m
              [36m</span>[31m
              [36m<a[31m
                [33mclass[31m=[32m"transition-colors hover:text-foreground"[31m
                [33mhref[31m=[32m"/giris"[31m
              [36m>[31m
                [0m├£ye Ol[0m
              [36m</a>[31m
            [36m</div>[31m
          [36m</div>[31m
          [36m<a[31m
            [33mclass[31m=[32m"inline-flex items-center justify-center gap-2 whitespace-nowrap text-sm font-medium ring-offset-background transition-colors focus-visible:outline-none focus-visible:ring-2 focus-visible:ring-ring focus-visible:ring-offset-2 disabled:pointer-events-none disabled:opacity-50 [&_svg]:pointer-events-none [&_svg]:size-4 [&_svg]:shrink-0 bg-primary text-primary-foreground hover:bg-primary/90 h-9 rounded-md px-3"[31m
            [33mhref[31m=[32m"/giris"[31m
          [36m>[31m
            [0mGiri┼ƒ Yap[0m
          [36m</a>[31m
        [36m</nav>[31m
        [36m<button[31m
          [33mclass[31m=[32m"md:hidden text-foreground"[31m
        [36m>[31m
          [36m<svg[31m
            [33mclass[31m=[32m"lucide lucide-x h-5 w-5"[31m
            [33mfill[31m=[32m"none"[31m
            [33mheight[31m=[32m"24"[31m
            [33mstroke[31m=[32m"currentColor"[31m
            [33mstroke-linecap[31m=[32m"round"[31m
            [33mstroke-linejoin[31m=[32m"round"[31m
            [33mstroke-width[31m=[32m"2"[31m
            [33mviewBox[31m=[32m"0 0 24 24"[31m
            [33mwidth[31m=[32m"24"[31m
            [33mxmlns[31m=[32m"http://www.w3.org/2000/svg"[31m
          [36m>[31m
            [36m<path[31m
              [33md[31m=[32m"M18 6 6 18"[31m
            [36m/>[31m
            [36m<path[31m
              [33md[31m=[32m"m6 6 12 12"[31m
            [36m/>[31m
          [36m</svg>[31m
        [36m</button>[31m
      [36m</div>[31m
      [36m<div[31m
        [33mclass[31m=[32m"border-t border-border bg-background px-4 py-3 md:hidden"[31m
      [36m>[31m
        [36m<nav[31m
          [33mclass[31m=[32m"flex flex-col gap-2"[31m
        [36m>[31m
          [36m<a[31m
            [33mclass[31m=[32m"text-sm text-muted-foreground hover:text-foreground py-1"[31m
            [33mhref[31m=[32m"/sirketler"[31m
          [36m>[31m
            [0mAra[0m
          [36m</a>[31m
          [36m<a[31m
            [33mclass[31m=[32m"text-sm text-muted-foreground hover:text-foreground py-1"[31m
            [33mhref[31m=[32m"/sirket-oner"[31m
          [36m>[31m
            [0m├ûner[0m
          [36m</a>[31m
          [36m<a[31m
            [33mclass[31m=[32m"text-sm text-muted-foreground hover:text-foreground py-1"[31m
            [33mhref[31m=[32m"/sirketler"[31m
          [36m>[31m
            [0mDe─ƒerlendir[0m
          [36m</a>[31m
          [36m<a[31m
            [33mclass[31m=[32m"text-sm text-muted-foreground hover:text-foreground py-1"[31m
            [33mhref[31m=[32m"/sirketler"[31m
          [36m>[31m
            [0mM├╝lakat[0m
          [36m</a>[31m
          [36m<a[31m
            [33mclass[31m=[32m"text-sm text-muted-foreground hover:text-foreground py-1"[31m
            [33mhref[31m=[32m"/sirketler"[31m
          [36m>[31m
            [0mMaa┼ƒ[0m
          [36m</a>[31m
          [36m<a[31m
            [33mclass[31m=[32m"inline-flex items-center justify-center gap-2 whitespace-nowrap text-sm font-medium ring-offset-background transition-colors focus-visible:outline-none focus-visible:ring-2 focus-visible:ring-ring focus-visible:ring-offset-2 disabled:pointer-events-none disabled:opacity-50 [&_svg]:pointer-events-none [&_svg]:size-4 [&_svg]:shrink-0 bg-primary text-primary-foreground hover:bg-primary/90 h-9 rounded-md px-3 w-fit"[31m
            [33mhref[31m=[32m"/giris"[31m
          [36m>[31m
            [0mGiri┼ƒ Yap[0m
          [36m</a>[31m
        [36m</nav>[31m
      [36m</div>[31m
    [36m</header>[31m
  [36m</div>[31m
[36m</body>[31m[39m
 [32mΓ£ô[39m src/components/__tests__/Navbar.test.tsx[2m > [22mNavbar[2m > [22mshows ... when loading[32m 4[2mms[22m[39m
 [31m├ù[39m src/pages/__tests__/Auth.test.tsx[2m > [22mAuth Page[2m > [22mRender Tests[2m > [22mswitches to signup mode[32m 85[2mms[22m[39m
[31m   ΓåÆ Found multiple elements with the text: Kay─▒t Ol

Here are the matching elements:

Ignored nodes: comments, script, style
[36m<h1[31m
  [33mclass[31m=[32m"font-display text-2xl font-bold text-foreground text-center mb-2"[31m
[36m>[31m
  [0mKay─▒t Ol[0m
[36m</h1>[31m

Ignored nodes: comments, script, style
[36m<button[31m
  [33mclass[31m=[32m"inline-flex items-center justify-center gap-2 whitespace-nowrap rounded-md text-sm font-medium ring-offset-background transition-colors focus-visible:outline-none focus-visible:ring-2 focus-visible:ring-ring focus-visible:ring-offset-2 disabled:pointer-events-none disabled:opacity-50 [&_svg]:pointer-events-none [&_svg]:size-4 [&_svg]:shrink-0 bg-primary text-primary-foreground hover:bg-primary/90 px-4 py-2 w-full h-11"[31m
  [33mtype[31m=[32m"submit"[31m
[36m>[31m
  [0mKay─▒t Ol[0m
[36m</button>[31m

(If this is intentional, then use the `*AllBy*` variant of the query (like `queryAllByText`, `getAllByText`, or `findAllByText`)).

Ignored nodes: comments, script, style
[36m<body>[31m
  [36m<div>[31m
    [36m<div[31m
      [33mclass[31m=[32m"flex min-h-screen flex-col bg-background"[31m
    [36m>[31m
      [36m<div[31m
        [33maria-hidden[31m=[32m"true"[31m
        [33mclass[31m=[32m"h-9"[31m
      [36m/>[31m
      [36m<div[31m
        [33mclass[31m=[32m"fixed inset-x-0 top-0 z-[60] bg-orange-500 px-3 py-2 text-center text-sm font-semibold text-white"[31m
      [36m>[31m
        [36m<div[31m
          [33mclass[31m=[32m"mx-auto flex max-w-6xl items-center justify-center"[31m
        [36m>[31m
          [36m<p>[31m
            [0mfirmascope test yayininda! devami cok yakinda![0m
          [36m</p>[31m
          [36m<button[31m
            [33maria-label[31m=[32m"Test bannerini kapat"[31m
            [33mclass[31m=[32m"absolute right-3 rounded p-1 text-white/90 transition hover:bg-white/20 hover:text-white"[31m
            [33mtype[31m=[32m"button"[31m
          [36m>[31m
            [36m<svg[31m
              [33mclass[31m=[32m"lucide lucide-x h-4 w-4"[31m
              [33mfill[31m=[32m"none"[31m
              [33mheight[31m=[32m"24"[31m
              [33mstroke[31m=[32m"currentColor"[31m
              [33mstroke-linecap[31m=[32m"round"[31m
              [33mstroke-linejoin[31m=[32m"round"[31m
              [33mstroke-width[31m=[32m"2"[31m
              [33mviewBox[31m=[32m"0 0 24 24"[31m
              [33mwidth[31m=[32m"24"[31m
              [33mxmlns[31m=[32m"http://www.w3.org/2000/svg"[31m
            [36m>[31m
              [36m<path[31m
                [33md[31m=[32m"M18 6 6 18"[31m
              [36m/>[31m
              [36m<path[31m
                [33md[31m=[32m"m6 6 12 12"[31m
              [36m/>[31m
            [36m</svg>[31m
          [36m</button>[31m
        [36m</div>[31m
      [36m</div>[31m
      [36m<header[31m
        [33mclass[31m=[32m"sticky top-0 z-50 border-b border-border bg-background/95 backdrop-blur supports-[backdrop-filter]:bg-background/60"[31m
      [36m>[31m
        [36m<div[31m
          [33mclass[31m=[32m"container mx-auto flex h-14 items-center justify-between px-4"[31m
        [36m>[31m
          [36m<a[31m
            [33mclass[31m=[32m"flex flex-col leading-tight"[31m
            [33mhref[31m=[32m"/"[31m
          [36m>[31m
            [36m<span[31m
              [33mclass[31m=[32m"font-display text-lg font-bold text-foreground"[31m
            [36m>[31m
              [0mfirmascope[0m
            [36m</span>[31m
            [36m<span[31m
              [33mclass[31m=[32m"text-xs font-medium text-muted-foreground"[31m
            [36m>[31m
              [0moffline[0m
            [36m</span>[31m
          [36m</a>[31m
          [36m<nav[31m
            [33mclass[31m=[32m"hidden items-center gap-4 md:flex"[31m
          [36m>[31m
            [36m<div[31m
              [33mclass[31m=[32m"flex items-center text-sm text-muted-foreground"[31m
            [36m>[31m
              [36m<div[31m
                [33mclass[31m=[32m"flex items-center"[31m
              [36m>[31m
                [36m<a[31m
                  [33mclass[31m=[32m"transition-colors hover:text-foreground"[31m
                  [33mhref[31m=[32m"/sirketler"[31m
                [36m>[31m
                  [0mAra[0m
                [36m</a>[31m
              [36m</div>[31m
              [36m<div[31m
                [33mclass[31m=[32m"flex items-center"[31m
              [36m>[31m
                [36m<span[31m
                  [33mclass[31m=[32m"px-2 text-border"[31m
                [36m>[31m
                  [0m|[0m
                [36m</span>[31m
                [36m<a[31m
                  [33mclass[31m=[32m"transition-colors hover:text-foreground"[31m
                  [33mhref[31m=[32m"/sirket-oner"[31m
                [36m>[31m
                  [0m├ûner[0m
                [36m</a>[31m
              [36m</div>[31m
              [36m<div[31m
                [33mclass[31m=[32m"flex items-center"[31m
              [36m>[31m
                [36m<span[31m
                  [33mclass[31m=[32m"px-2 text-border"[31m
                [36m>[31m
                  [0m|[0m
                [36m</span>[31m
                [36m<a[31m
                  [33mclass[31m=[32m"transition-colors hover:text-foreground"[31m
                  [33mhref[31m=[32m"/sirketler"[31m
                [36m>[31m
                  [0mDe─ƒerlendir[0m
                [36m</a>[31m
              [36m</div>[31m
              [36m<div[31m
                [33mclass[31m=[32m"flex items-center"[31m
              [36m>[31m
                [36m<span[31m
                  [33mclass[31m=[32m"px-2 text-border"[31m
                [36m>[31m
                  [0m|[0m
                [36m</span>[31m
                [36m<a[31m
                  [33mclass[31m=[32m"transition-colors hover:text-foreground"[31m
                  [33mhref[31m=[32m"/sirketler"[31m
                [36m>[31m
                  [0mM├╝lakat[0m
                [36m</a>[31m
              [36m</div>[31m
              [36m<div[31m
                [33mclass[31m=[32m"flex items-center"[31m
              [36m>[31m
                [36m<span[31m
                  [33mclass[31m=[32m"px-2 text-border"[31m
                [36m>[31m
                  [0m|[0m
                [36m</span>[31m
                [36m<a[31m
                  [33mclass[31m=[32m"transition-colors hover:text-foreground"[31m
                  [33mhref[31m=[32m"/sirketler"[31m
                [36m>[31m
                  [0mMaa┼ƒ[0m
                [36m</a>[31m
              [36m</div>[31m
              [36m<div[31m
                [33mclass[31m=[32m"flex items-center"[31m
              [36m>[31m
                [36m<span[31m
                  [33mclass[31m=[32m"px-2 text-border"[31m
                [36m>[31m
                  [0m|[0m
                [36m</span>[31m
                [36m<a[31m
                  [33mclass[31m=[32m"transition-colors hover:text-foreground"[31m
                  [33mhref[31m=[32m"/giris"[31m
                [36m>[31m
                  [0m├£ye Ol[0m
                [36m</a>[31m
              [36m</div>[31m
            [36m</div>[31m
            [36m<a[31m
              [33mclass[31m=[32m"inline-flex items-center justify-center gap-2 whitespace-nowrap text-sm font-medium ring-offset-background transition-colors focus-visible:outline-none focus-visible:ring-2 focus-visible:ring-ring focus-visible:ring-offset-2 disabled:pointer-events-none disabled:opacity-50 [&_svg]:pointer-events-none [&_svg]:size-4 [&_svg]:shrink-0 bg-primary text-primary-foreground hover:bg-primary/90 h-9 rounded-md px-3"[31m
              [33mhref...[39m
 [32mΓ£ô[39m src/pages/__tests__/Auth.test.tsx[2m > [22mAuth Page[2m > [22mRender Tests[2m > [22mredirects to home if user is already logged in[32m 10[2mms[22m[39m
stderr | src/pages/__tests__/Admin.test.tsx > Admin Page Authorization > redirects to home when not logged in
ΓÜá∩╕Å React Router Future Flag Warning: React Router will begin wrapping state updates in `React.startTransition` in v7. You can use the `v7_startTransition` future flag to opt-in early. For more information, see https://reactrouter.com/v6/upgrading/future#v7_starttransition.
ΓÜá∩╕Å React Router Future Flag Warning: Relative route resolution within Splat routes is changing in v7. You can use the `v7_relativeSplatPath` future flag to opt-in early. For more information, see https://reactrouter.com/v6/upgrading/future#v7_relativesplatpath.

 [32mΓ£ô[39m src/pages/__tests__/Admin.test.tsx[2m > [22mAdmin Page Authorization[2m > [22mredirects to home when not logged in[32m 45[2mms[22m[39m
 [32mΓ£ô[39m src/pages/__tests__/Admin.test.tsx[2m > [22mAdmin Page Authorization[2m > [22mredirects to home when logged in but not admin[32m 14[2mms[22m[39m
 [32mΓ£ô[39m src/pages/__tests__/Auth.test.tsx[2m > [22mAuth Page[2m > [22mEmail/Password Login[2m > [22mcalls signInWithPassword with valid credentials[33m 633[2mms[22m[39m
 [31m├ù[39m src/pages/__tests__/Admin.test.tsx[2m > [22mAdmin Page Authorization[2m > [22mrenders admin panel for admin users[33m 1022[2mms[22m[39m
[31m   ΓåÆ Unable to find an element with the text: Y├╢netim paneli. This could be because the text is broken up by multiple elements. In this case, you can provide a function for your text matcher to make your matcher more flexible.

Ignored nodes: comments, script, style
[36m<body>[31m
  [36m<div>[31m
    [36m<div[31m
      [33mclass[31m=[32m"flex min-h-screen flex-col bg-background"[31m
    [36m>[31m
      [36m<div[31m
        [33maria-hidden[31m=[32m"true"[31m
        [33mclass[31m=[32m"h-9"[31m
      [36m/>[31m
      [36m<div[31m
        [33mclass[31m=[32m"fixed inset-x-0 top-0 z-[60] bg-orange-500 px-3 py-2 text-center text-sm font-semibold text-white"[31m
      [36m>[31m
        [36m<div[31m
          [33mclass[31m=[32m"mx-auto flex max-w-6xl items-center justify-center"[31m
        [36m>[31m
          [36m<p>[31m
            [0mfirmascope test yayininda! devami cok yakinda![0m
          [36m</p>[31m
          [36m<button[31m
            [33maria-label[31m=[32m"Test bannerini kapat"[31m
            [33mclass[31m=[32m"absolute right-3 rounded p-1 text-white/90 transition hover:bg-white/20 hover:text-white"[31m
            [33mtype[31m=[32m"button"[31m
          [36m>[31m
            [36m<svg[31m
              [33mclass[31m=[32m"lucide lucide-x h-4 w-4"[31m
              [33mfill[31m=[32m"none"[31m
              [33mheight[31m=[32m"24"[31m
              [33mstroke[31m=[32m"currentColor"[31m
              [33mstroke-linecap[31m=[32m"round"[31m
              [33mstroke-linejoin[31m=[32m"round"[31m
              [33mstroke-width[31m=[32m"2"[31m
              [33mviewBox[31m=[32m"0 0 24 24"[31m
              [33mwidth[31m=[32m"24"[31m
              [33mxmlns[31m=[32m"http://www.w3.org/2000/svg"[31m
            [36m>[31m
              [36m<path[31m
                [33md[31m=[32m"M18 6 6 18"[31m
              [36m/>[31m
              [36m<path[31m
                [33md[31m=[32m"m6 6 12 12"[31m
              [36m/>[31m
            [36m</svg>[31m
          [36m</button>[31m
        [36m</div>[31m
      [36m</div>[31m
      [36m<header[31m
        [33mclass[31m=[32m"sticky top-0 z-50 border-b border-border bg-background/95 backdrop-blur supports-[backdrop-filter]:bg-background/60"[31m
      [36m>[31m
        [36m<div[31m
          [33mclass[31m=[32m"container mx-auto flex h-14 items-center justify-between px-4"[31m
        [36m>[31m
          [36m<a[31m
            [33mclass[31m=[32m"flex flex-col leading-tight"[31m
            [33mhref[31m=[32m"/"[31m
          [36m>[31m
            [36m<span[31m
              [33mclass[31m=[32m"font-display text-lg font-bold text-foreground"[31m
            [36m>[31m
              [0mfirmascope[0m
            [36m</span>[31m
            [36m<span[31m
              [33mclass[31m=[32m"text-xs font-medium text-green-600"[31m
            [36m>[31m
              [0monline[0m
            [36m</span>[31m
          [36m</a>[31m
          [36m<nav[31m
            [33mclass[31m=[32m"hidden items-center gap-4 md:flex"[31m
          [36m>[31m
            [36m<div[31m
              [33mclass[31m=[32m"flex items-center text-sm text-muted-foreground"[31m
            [36m>[31m
              [36m<div[31m
                [33mclass[31m=[32m"flex items-center"[31m
              [36m>[31m
                [36m<a[31m
                  [33mclass[31m=[32m"transition-colors hover:text-foreground"[31m
                  [33mhref[31m=[32m"/sirketler"[31m
                [36m>[31m
                  [0mAra[0m
                [36m</a>[31m
              [36m</div>[31m
              [36m<div[31m
                [33mclass[31m=[32m"flex items-center"[31m
              [36m>[31m
                [36m<span[31m
                  [33mclass[31m=[32m"px-2 text-border"[31m
                [36m>[31m
                  [0m|[0m
                [36m</span>[31m
                [36m<a[31m
                  [33mclass[31m=[32m"transition-colors hover:text-foreground"[31m
                  [33mhref[31m=[32m"/sirket-oner"[31m
                [36m>[31m
                  [0m├ûner[0m
                [36m</a>[31m
              [36m</div>[31m
              [36m<div[31m
                [33mclass[31m=[32m"flex items-center"[31m
              [36m>[31m
                [36m<span[31m
                  [33mclass[31m=[32m"px-2 text-border"[31m
                [36m>[31m
                  [0m|[0m
                [36m</span>[31m
                [36m<a[31m
                  [33mclass[31m=[32m"transition-colors hover:text-foreground"[31m
                  [33mhref[31m=[32m"/sirketler"[31m
                [36m>[31m
                  [0mDe─ƒerlendir[0m
                [36m</a>[31m
              [36m</div>[31m
              [36m<div[31m
                [33mclass[31m=[32m"flex items-center"[31m
              [36m>[31m
                [36m<span[31m
                  [33mclass[31m=[32m"px-2 text-border"[31m
                [36m>[31m
                  [0m|[0m
                [36m</span>[31m
                [36m<a[31m
                  [33mclass[31m=[32m"transition-colors hover:text-foreground"[31m
                  [33mhref[31m=[32m"/sirketler"[31m
                [36m>[31m
                  [0mM├╝lakat[0m
                [36m</a>[31m
              [36m</div>[31m
              [36m<div[31m
                [33mclass[31m=[32m"flex items-center"[31m
              [36m>[31m
                [36m<span[31m
                  [33mclass[31m=[32m"px-2 text-border"[31m
                [36m>[31m
                  [0m|[0m
                [36m</span>[31m
                [36m<a[31m
                  [33mclass[31m=[32m"transition-colors hover:text-foreground"[31m
                  [33mhref[31m=[32m"/sirketler"[31m
                [36m>[31m
                  [0mMaa┼ƒ[0m
                [36m</a>[31m
              [36m</div>[31m
            [36m</div>[31m
            [36m<a[31m
              [33mclass[31m=[32m"text-sm text-muted-foreground hover:text-foreground transition-colors flex items-center gap-1"[31m
              [33mhref[31m=[32m"/admin"[31m
            [36m>[31m
              [36m<svg[31m
                [33mclass[31m=[32m"lucide lucide-shield h-3.5 w-3.5"[31m
                [33mfill[31m=[32m"none"[31m
                [33mheight[31m=[32m"24"[31m
                [33mstroke[31m=[32m"currentColor"[31m
                [33mstroke-linecap[31m=[32m"round"[31m
                [33mstroke-linejoin[31m=[32m"round"[31m
                [33mstroke-width[31m=[32m"2"[31m
                [33mviewBox[31m=[32m"0 0 24 24"[31m
                [33mwidth[31m=[32m"24"[31m
                [33mxmlns[31m=[32m"http://www.w3.org/2000/svg"[31m
              [36m>[31m
                [36m<path[31m
                  [33md[31m=[32m"M20 13c0 5-3.5 7.5-7.66 8.95a1 1 0 0 1-.67-.01C7.5 20.5 4 18 4 13V6a1 1 0 0 1 1-1c2 0 4.5-1.2 6.24-2.72a1.17 1.17 0 0 1 1.52 0C14.51 3.81 17 5 19 5a1 1 0 0 1 1 1z"[31m
                [36m/>[31m
              [36m</svg>[31m
              [0m Admin[0m
            [36m</a>[31m
            [36m<div[31m
              [33mclass[31m=[32m"flex items-center gap-2"[31m
            [36m>[31m
              [36m<a[31m
                [33mclass[31m=[32m"flex items-center gap-1.5 text-sm text-muted-foreground hover:text-foreground transition-colors"[31m
                [33mhref[31m=[32m"/profil"[31m
              [36m>[31m
                [36m<svg[31m
                  [33mclass[31m=[32m"lucide lucide-user h-3.5 w-3.5"[31m
                  [33mfill[31m=[32m"none"[31m
                  [33mheight[31m=[32m"24"[31m
                  [33mstroke[31m=[32m"currentColor"[31m
                  [33mstroke-linecap[31m=[32m"round"[31m
                  [33mstroke-linejoin[31m=[32m"round"[31m
                  [33mstroke-width[31m=[32m"2"[31m
                  [33mviewBox[31m=[32m"0 0 24 24"[31m
                  [33mwidth[31m=[32m"24"[31m
                  [33mxmlns[31m=[32m"http://www.w3.org/2000/svg"[31m
                [36m>[31m
                  [36m<path[31m
                    [33md[31m=[32m"M19 21v-2a4 4 0 0 0-4-4H9a4 4 0 0 0-4 4v2"[31m
                  [36m/>[31m
                  [36m<circle[31m
                    [33mcx[31m=[32m"12"[31m
                    [33mcy[31m=[32m"7"[31m
                    [33mr[31m=[32m"4"[31m
                  [36m/>[31m
                [36m</svg>[31m
                [36m<span[31m
                  [33mclass[31m=[32m"max-w-[120px] truncate"[31m
                [36m>[31m
                  [0madmin@example.com[0m
                [36m</span>[31m
              [36m</a>[31m
              [36m<button[31m
                [33mclass[31m=[32m"inline-flex items-center justify-center gap-2 whitespace-nowrap text-sm font-medium ring-offset-background transition-colors focus-visible:outline-none focus-visible:ring-2 focus-visible:ring-ring focus-visible:ring-offset-2 disabled:pointer-events-none disabled:opacity-50 [&_svg]:pointer-events-none [&_svg]:size-4 [&_svg]:shrink-0 hover:bg-accent hover:text-accent-foreground h-9 rounded-md px-3 text-muted-foreground"[31m
              [36m>[31m
                [36m<svg[31m
                  [33mclass[31m=[32m"lucide lucide-log-out h-4 w-4"[31m
                  [33mfill[31m=[32m"none"[31m
                  [33mheight[31m=[32m"24"[31m
                  [33mstroke[31m=[32m"currentColor"[31m
                  [33mstroke-linecap[31m=[32m"round"[31m
                  [33mstroke-linejoin[31m=[32m"round"[31m
                  [33mstroke-width[31m=[32m"2"[31m
                  [33mviewBox[31m=[32m"0 0 24 24"[31m
                  [33mwidth[31m=[32m"24"[31m
                  [33mxmlns[31m=[32m"http://www.w3.org/2000/svg"[31m
                [36m>[31m
                  [36m<path[31m
                    [33md[31m=[32m"M9 21H5a2 2 0 0 1-2-2V5a2 2 0 0 1 2-2h4"[31m
                  [36m/>[31m
                  [36m<polyline[31m
                    [33mpoints[31m=[32m"16 17 21 12 16 7"[31m
                  [36m/>[31m
                  [36m<line[31m
                    [33mx1[31m=[32m"21"[31m
                    [33mx2[31m=[32m"9"[31m
                    [33my1[31m=[32m"12"[31m
                    [33my2[31m=[32m"12"[31m
                  [36m/>[31m
                [36m</svg>[31m
              [36m</button>[31m
            [36m</div>[31m
          [36m</nav>[31m
          [36m<button[31m
            [33mclass[31m=[32m"md:hidden text-foreground"[31m
          [36m>[31m
            [36m<svg[31m
              [33mclass[31m=[32m"lucide lucide-menu h-5 w-5"[31m
              [33mfill[31m=[32m"none"[31m
              [33mheight[31m=[32m"24"[31m
              [33mstroke[31m=[32m"currentColor"[31m
              [33mstroke-linecap[31m=[32m"round"[31m
              [33mstroke-linejoin[31m=[32m"round"[31m
              [33mstroke-width[31m=[32m"2"[31m
              [33mviewBox[31m=[32m"0 0 24 24"[31m
              [33mwidth[31m=[32m"24"[31m
              [33mxmlns[31m=[32m"http://www.w3.org/2000/svg"[31m
            [36m>[31m
              [36m<line[31m
                [33mx1[31m=[32m"4"[31m
                [33mx2[31m=[32m"20"[31m
                [33my1[31m=[32m"12"[31m
                [33my2[31m=[32m"12"[31m
              [36m/>[31m
              [36m<line[31m
                [33mx1[31m=[32m"4"[31m
                [33mx2[31m=[32m"20"[31m
                [33my1[31m=[32m"6"[31m
                [33my2[31m=[32m"6"[31m
              [36m/>[31m
              [36m<line[31m
                [33mx1[31m=[32m"4"[31m
                [33mx2[31m=[32m"20"[31m
                [33my1[31m=[32m"18"[31m
                [33my2[31m=[32m"18"[31m
              [36m/>[31m
            [36m</svg>[31m
          [36m</button>[31m
        [36m</div>[31m
      [36m</header>[31m
      [36m<main[31m
        [33mclass[31m=[32m"flex-1"[31m
      [36m>[31m
        [36m<div[31m
          [33mclass[31m=[32m"flex items-center justify-center min-h-[50vh]"[31m
        [36m>[31m
          [36m<p[31m
            [33mclass[31m=[32m"text-muted-foreground"[31m
          [36m>[31m
            [0mY├╝kleniyor...[0m
          [36m</p>[31m
        [36m</div>[31m
      [36m</main>[31m
      [36m<footer[31m
        [33mclass[31m=[32m"border-t border-border bg-background"[31m
      [36m>[31m
        [36m<div[31m
          [33mclass[31m=[32m"container mx-auto px-4 py-6"[31m
        [36m>[31m
          [36m<div[31m
            [33mclass[31m=[32m"flex items-center justify-between"[31m
          [36m>[31m
            [36m<a[31m
              [33mclass[31m=[32m"font-display text-sm font-bold text-foreground"[31m
              [33mhref[31m=[32m"/"[31m
            [36m>[31m
              [0mfirmascope[0m
            [36m</a>[31m
            [36m<a[31m
              [33mclass[31m=[32m"font-display text-sm font-bold text-foreground hover:text-foreground/80 transition-colors"[31m
              [33mhref[31m=[32m"/yasal"[31m
            [36m>[31m
              [0myasal bilgiler[0m
            [36m</a>[31m
          [36m</div>[31m
          [36m<div[31m
            [33mclass[31m=[32m"mt-4 border-t border-border pt-4 text-center"[31m
          [36m>[31m
            [36m<span[31m
              [33mclass[31m=[32m"text-xs text-muted-foreground"[31m
            [36m>[31m
              [0m┬⌐ [0m
              [0m2026[0m
              [0m firmascope. t├╝m haklar─▒ sakl─▒d─▒r.[0m
            [36m</span>[31m
          [36m</div>[31m
        [36m</div>[31m
      [36m</footer>[31m
      [36m<div[31m
        [33mclass[31m=[32m"fixed inset-x-0 bottom-0 z-50 border-t border-border bg-background/95 backdrop-blur supports-[backdrop-filter]:bg-background/85"[31m
      [36m>[31m
        [36m<div[31m
          [33mclass[31m=[32m"container mx-auto flex flex-col gap-3 px-4 py-4 md:flex-row md:items-center md:justify-between"[31m
        [36m>[31m
          [36m<div[31m
            [33mclass[31m=[32m"max-w-3xl"[31m
          [36m>[31m
            [36m<p[31m
              [33mclass[31m=[32m"text-sm font-medium text-foreground"[31m
            [36m>[31m
              [0mDeneyimi iyile┼ƒtirmek ve kullan─▒m ak─▒┼ƒ─▒n─▒ anlamak i├ºin analiz ├ºerezleri kullanabiliriz.[0m
            [36m</p>[31m
            [36m<p[31m
              [33mclass[31m=[32m"mt-1 text-xs leading-relaxed text-muted-foreground"[31m
            [36m>[31m
              [0mAyr─▒nt─▒lar i├ºin [0m
              [36m<a[31m
                [33mclass[31m=[32m"font-medium text-foreground underline underline-offset-2"[31m
                [33mhref[31m=[32m"/yasal"[31m
              [36m>[31m
                [0myasal bilgiler[0m
              [36m</a>[31m
              [0m.[0m
            [36m</p>[31m
          [36m</div>[31m
          [36m<div[31m
            [33mclass[31m=[32m"flex flex-col gap-2 sm:flex-row"[31m
          [36m>[31m
            [36m<button[31m
              [33mclass[31m=[32m"inline-flex items-center justify-center gap-2 whitespace-nowrap text-sm font-medium ring-offset-background transition-colors focus-visible:outline-none focus-visible:ring-2 focus-visible:ring-ring focus-visible:ring-offset-2 disabled:pointer-events-none disabled:opacity-50 [&_svg]:pointer-events-none [&_svg]:size-4 [&_svg]:shrink-0 border border-input bg-background hover:bg-accent hover:text-accent-foreground h-10 px-4 py-2 rounded-md"[31m
              [33mtype[31m=[32m"button"[31m
            [36m>[31m
              [0mReddet[0m
            [36m</button>[31m
            [36m<button[31m
              [33mclass[31m=[32m"inline-flex items-center justify-center gap-2 whitespace-nowrap text-sm font-medium ring-offset-background transition-colors focus-visible:outline-none focus-visible:ring-2 focus-visible:ring-ring focus-visible:ring-offset-2 disabled:pointer-events-none disabled:opacity-50 [&_svg]:pointer-events-none [&_svg]:size-4 [&_svg]:shrink-0 bg-primary text-primary-foreground hover:bg-primary/90 h-10 px-4 py-2 rounded-md"[31m
              [33mtype[31m=[32m"button"[31m
            [36m>[31m
              [0mKabul Et[0m
            [36m</button>[31m
          [36m</div>[31m
        [36m</div>[31m
      [36m</div>[31m
    [36m</div>[31m
  [36m</div>[31m
[36m</body>[31m

Ignored nodes: comments, script, style
[36m<html>[31m
  [36m<head />[31m
  [36m<body>[31m
    [36m<div>[31m
      [36m<div[31m
        [33mclass[31m=[32m"flex min-h-screen flex-col bg-background"[31m
      [36m>[31m
        [36m<div[31m
          [33maria-hidden[31m=[32m"true"[31m
          [33mclass[31m=[32m"h-9"[31m
        [36m/>[31m
        [36m<div[31m
          [33mclass[31m=[32m"fixed inset-x-0 top-0 z-[60] bg-orange-500 px-3 py-2 text-center text-sm font-semibold text-white"[31m
        [36m>[31m
          [36m<div[31m
            [33mclass[31m=[32m"mx-auto flex max-w-6xl items-center justify-center"[31m
          [36m>[31m
            [36m<p>[31m
              [0mfirmascope test yayininda! devami cok yakinda![0m
            [36m</p>[31m
            [36m<button[31m
              [33maria-label[31m=[32m"Test bannerini kapat"[31m
              [33mclass[31m=[32m"absolute right-3 rounded p-1 text-white/90 transition hover:bg-white/20 hover:text-white"[31m
              [33mtype[31m=[32m"button"[31m
            [36m>[31m
              [36m<svg[31m
                [33mclass[31m=[32m"lucide lucide-x h-4 w-4"[31m
                [33mfill[31m=[32m"none"[31m
                [33mheight[31m=[32m"24"[31m
                [33mstroke[31m=[32m"currentColor"[31m
                [33mstroke-linecap[31m=[32m"round"[31m
                [33mstroke-linejoin[31m=[32m"round"[31m
                [33mstroke-width[31m=[32m"2"[31m
                [33mviewBox[31m=[32m"0 0 24 24"[31m
                [33mwidth[31m=[32m"24"[31m
                [33mxmlns[31m=[32m"http://www.w3.org/2000/svg"[31m
              [36m>[31m
                [36m<path[31m
                  [33md[31m=[32m"M18 6 6 18"[31m
                [36m/>[31m
                [36m<path[31m
                  [33md[31m=[32m"m6 6 12 12"[31m
                [36m/>[31m
              [36m</svg>[31m
            [36m</button>[31m
          [36m</div>[31m
        [36m</div>[31m
        [36m<header[31m
          [33mclass[31m=[32m"sticky top-0 z-50 border-b border-border bg-background/95 backdrop-blur supports-[backdrop-filter]:bg-background/60"[31m
        [36m>[31m
          [36m<div[31m
            [33mclass[31m=[32m"container mx-auto flex h-14 items-center justify-between px-4"[31m
          [36m>[31m
            [36m<a[31m
              [33mclass[31m=[32m"flex flex-col leading-tight"[31m
              [33mhref[31m=[32m"/"[31m
            [36m>[31m
              [36m<span[31m
                [33mclass[31m=[32m"font-display text-lg font-bold text-foreground"[31m
              [36m>[31m
                [0mfirmascope[0m
              [36m</span>[31m
              [36m<span[31m
                [33mclass[31m=[32m"text-xs font-medium text-green-600"[31m
              [36m>[31m
                [0monline[0m
              [36m</span>[31m
            [36m</a>[31m
            [36m<nav[31m
              [33mclass[31m=[32m"hidden items-center gap-4 md:flex"[31m
            [36m>[31m
              [36m<div[31m
                [33mclass[31m=[32m"flex items-center text-sm text-muted-foreground"[31m
              [36m>[31m
                [36m<div[31m
                  [33mclass[31m=[32m"flex items-center"[31m
                [36m>[31m
                  [36m<a[31m
                    [33mclass[31m=[32m"transition-colors hover:text-foreground"[31m
                    [33mhref[31m=[32m"/sirketler"[31m
                  [36m>[31m
                    [0mAra[0m
                  [36m</a>[31m
                [36m</div>[31m
                [36m<div[31m
                  [33mclass[31m=[32m"flex items-center"[31m
                [36m>[31m
                  [36m<span[31m
                    [33mclass[31m=[32m"px-2 text-border"[31m
                  [36m>[31m
                    [0m|[0m
                  [36m</span>[31m
                  [36m<a[31m
                    [33mclass[31m=[32m"transition-colors hover:text-foreground"[31m
                    [33mhref[31m=[32m"/sirket-oner"[31m
                  [36m>[31m
                    [0m├ûner[0m
                  [36m</a>[31m
                [36m</div>[31m
                [36m<div[31m
                  [33mclass[31m=[32m"flex items-center"[31m
                [36m>[31m
                  [36m<span[31m
                    [33mclass[31m=[32m"px-2 text-border"[31m
                  [36m>[31m
                    [0m|[0m
                  [36m</span>[31m
                  [36m<a[31m
                    [33mclass[31m=[32m"transition-colors hover:text-foreground"[31m
                    [33mhref[31m=[32m"/sirketler"[31m
                  [36m>[31m
                    [0mDe─ƒerlendir[0m
                  [36m</a>[31m
                [36m</div>[31m
                [36m<div[31m
                  [33mclass[31m=[32m"flex items-center"[31m
                [36m>[31m
                  [36m<span[31m
                    [33mclass[31m=[32m"px-2 text-border"[31m
                  [36m>[31m
                    [0m|[0m
                  [36m</span>[31m
                  [36m<a[31m
                    [33mclass[31m=[32m"transition-colors hover:text-foreground"[31m
                    [33mhref[31m=[32m"/sirketler"[31m
                  [36m>[31m
                    [0mM├╝lakat[0m
                  [36m</a>[31m
                [36m</div>[31m
                [36m<div[31m
                  [33mclass[31m=[32m"flex items-center"[31m
                [36m>[31m
                  [36m<span[31m
                    [33mclass[31m=[32m"px-2 text-border"[31m
                  [36m>[31m
                    [0m|[0m
                  [36m</span>[31m
                  [36m<a[31m
                    [33mclass[31m=[32m"transition-colors hover:text-foreground"[31m
                    [33mhref[31m=[32m"/sirketler"[31m
                  [36m>[31m
                    [0mMaa┼ƒ[0m
                  [36m</a>[31m
                [36m</div>[31m
              [36m</div>[31m
              [36m<a[31m
                [33mclass[31m=[32m"text-sm text-muted-foreground hover:text-foreground transition-colors flex items-center gap-1"[31m
                [33mhref[31m=[32m"/admin"[31m
              [36m>[31m
                [36m<svg[31m
                  [33mclass[31m=[32m"lucide lucide-shield h-3.5 w-3.5"[31m
                  [33mfill[31m=[32m"none"[31m
                  [33mheight[31m=[32m"24"[31m
                  [33mstroke[31m=[32m"currentColor"[31m
                  [33mstroke-linecap[31m=[32m"round"[31m
                  [33mstroke-linejoin[31m=[32m"round"[31m
                  [33mstroke-width[31m=[32m"2"[31m
                  [33mviewBox[31m=[32m"0 0 24 24"[31m
                  [33mwidth[31m=[32m"24"[31m
                  [33mxmlns[31m=[32m"http://www.w3.org/2000/svg"[31m
                [36m>[31m
                  [36m<path[31m
                    [33md[31m=[32m"M20 13c0 5-3.5 7.5-7.66 8.95a1 1 0 0 1-.67-.01C7.5 20.5 4 18 4 13V6a1 1 0 0 1 1-1c2 0 4.5-1.2 6.24-2.72a1.17 1.17 0 0 1 1.52 0C14.51 3.81 17 5 19 5a1 1 0 0 1 1 1z"[31m
                  [36m/>[31m
                [36m</svg>[31m
                [0m Admin[0m
              [36m</a>[31m
              [36m<div[31m
                [33mclass[31m=[32m"flex items-center gap-2"[31m
              [36m>[31m
                [36m<a[31m
                  [33mclass[31m=[32m"flex items-center gap-1.5 text-sm text-muted-foreground hover:text-foreground transition-colors"[31m
                  [33mhref[31m=[32m"/profil"[31m
                [36m>[31m
                  [36m<svg[31m
                    [33mclass[31m=[32m"lucide lucide-user h-3.5 w-3.5"[31m
                    [33mfill[31m=[32m"none"[31m
                    [33mheight[31m=[32m"24"[31m
                    [33mstroke[31m=[32m"currentColor"[31m
                    [33mstroke-linecap[31m=[32m"round"[31m
                    [33mstroke-linejoin[31m=[32m"round"[31m
                    [33mstroke-width[31m=[32m"2"[31m
                    [33mviewBox[31m=[32m"0 0 24 24"[31m
                    [33mwidth[31m=[32m"24"[31m
                    [33mxmlns[31m=[32m"http://www.w3.org/2000/svg"[31m
                  [36m>[31m
                    [36m<path[31m
                      [33md[31m=[32m"M19 21v-2a4 4 0 0 0-4-4H9a4 4 0 0 0-4 4v2"[31m
                    [36m/>[31m
                    [36m<circle[31m
                      [33mcx[31m=[32m"12"[31m
                      [33mcy[31m=[32m"7"[31m
                      [33mr[31m=[32m"4"[31m
                    [36m/>[31m
                  [36m</svg>[31m
                  [36m<span[31m
                    [33mclass[31m=[32m"max-w-[120px] truncate"[31m
                  [36m>[31m
                    [0madmin@example.com[0m
                  [36m</span>[31m
                [36m</a>[31m
                [36m<button[31m
                  [33mclass[31m=[32m"inline-flex items-center justify-center gap-2 whitespace-nowrap text-sm font-medium ring-offset-background transition-colors focus-visible:outline-none focus-visible:ring-2 focus-visible:ring-ring focus-visible:ring-offset-2 disabled:pointer-events-none disabled:opacity-50 [&_svg]:pointer-events-none [&_svg]:size-4 [&_svg]:shrink-0 hover:bg-accent hover:text-accent-foreground h-9 rounded-md px-3 text-muted-foreground"[31m
                [36m>[31m
                  [36m<svg[31m
                    [33mclass[31m=[32m"lucide lucide-log-out h-4 w-4"[31m
                    [33mfill[31m=[32m"none"[31m
                    [33mheight[31m=[32m"24"[31m
                    [33mstroke[31m=[32m"currentColor"[31m
                    [33mstroke-linecap[31m=[32m"round"[31m
                    [33mstroke-linejoin[31m=[32m"round"[31m
                    [33mstroke-width[31m=[32m"2"[31m
                    [33mviewBox[31m=[32m"0 0 24 24"[31m
                    [33mwidth[31m=[32m"24"[31m
                    [33mxmlns[31m=[32m"http://www.w3.org/2000/svg"[31m
                  [36m>[31m
                    [36m<path[31m
                      [33md[31m=[32m"M9 21H5a2 2 0 0 1-2-2V5a2 2 0 0 1 2-2h4"[31m
                    [36m/>[31m
                    [36m<polyline[31m
                      [33mpoints[31m=[32m"16 17 21 12 16 7"[31m
                    [36m/>[31m
                    [36m<line[31m
                      [33mx1[31m=[32m"21"[31m
                      [33mx2[31m=[32m"9"[31m
                      [33my1[31m=[32m"12"[31m
                      [33my2[31m=[32m"12"[31m
                    [36m/>[31m
                  [36m</svg>[31m
                [36m</button>[31m
              [36m</div>[31m
            [36m</nav>[31m
            [36m<button[31m
              [33mclass[31m=[32m"md:hidden text-foreground"[31m
            [36m>[31m
              [36m<svg[31m
                [33mclass[31m=[32m"lucide lucide-menu h-5 w-5"[31m
                [33mfill[31m=[32m"none"[31m
                [33mheight[31m=[32m"24"[31m
                [33mstroke[31m=[32m"currentColor"[31m
                [33mstroke-linecap[31m=[32m"round"[31m
                [33mstroke-linejoin[31m=[32m"round"[31m
                [33mstroke-width[31m=[32m"2"[31m
                [33mviewBox[31m=[32m"0 0 24 24"[31m
                [33mwidth[31m=[32m"24"[31m
                [33mxmlns[31m=[32m"http://www.w3.org/2000/svg"[31m
              [36m>[31m
                [36m<line[31m
                  [33mx1[31m=[32m"4"[31m
                  [33mx2[31m=[32m"20"[31m
                  [33my1[31m=[32m"12"[31m
                  [33my2[31m=[32m"12"[31m
                [36m/>[31m
                [36m<line[31m
                  [33mx1[31m=[32m"4"[31m
                  [33mx2[31m=[32m"20"[31m
                  [33my1[31m=[32m"6"[31m
                  [33my2[31m=[32m"6"[31m
                [36m/>[31m
                [36m<line[31m
                  [33mx1[31m=[32m"4"[31m
                  [33mx2[31m=[32m"20"[31m
                  [33my1[31m=[32m"18"[31m
                  [33my2[31m=[32m"18"[31m
                [36m/>[31m
              [36m</svg>[31m
            [36m</button>[31m
          [36m</div>[31m
        [36m</header>[31m
        [36m<main[31m
          [33mclass[31m=[32m"flex-1"[31m
        [36m>[31m
          [36m<div[31m
            [33mclass[31m=[32m"flex items-center justify-center min-h-[50vh]"[31m
          [36m>[31m
            [36m<p[31m
              [33mclass[31m=[32m"text-muted-foreground"[31m
            [36m>[31m
              [0mY├╝kleniyor...[0m
            [36m</p>[31m
          [36m</div>[31m
        [36m</main>[31m
        [36m<footer[31m
          [33mclass[31m=[32m"border-t border-border bg-background"[31m
        [36m>[31m
          [36m<div[31m
            [33mclass[31m=[32m"container mx-auto px-4 py-6"[31m
          [36m>[31m
            [36m<div[31m
              [33mclass[31m=[32m"flex items-center justify-between"[31m
            [36m>[31m
              [36m<a[31m
                [33mclass[31m=[32m"font-display text-sm font-bold text-foreground"[31m
                [33mhref[31m=[32m"/"[31m
              [36m>[31m
                [0mfirmascope[0m
              [36m</a>[31m
              [36m<a[31m
                [33mclass[31m=[32m"font-display text-sm font-bold text-foreground hover:text-foreground/80 transition-colors"[31m
                [33mhref[31m=[32m"/yasal"[31m
              [36m>[31m
                [0myasal bilgiler[0m
              [36m</a>[31m
            [36m</div>[31m
            [36m<div[31m
              [33mclass[31m=[32m"mt-4 border-t border-border pt-4 text-center"[31m
            [36m>[31m
              [36m<span[31m
                [33mclass[31m=[32m"text-xs text-muted-foreground"[31m
              [36m>[31m
                [0m┬⌐ [0m
                [0m2026[0m
                [0m firmascope. t├╝m haklar─▒ sakl─▒d─▒r.[0m
              [36m</span>[31m
            [36m</div>[31m
          [36m</div>[31m
        [36m</footer>[31m
        [36m<div[31m
          [33mclass[31m=[32m"fixed inset-x-0 bottom-0 z-50 border-t border-border bg-background/95 backdrop-blur supports-[backdrop-filter]:bg-background/85"[31m
        [36m>[31m
          [36m<div[31m
            [33mclass[31m=[32m"container mx-auto flex flex-col gap-3 px-4 py-4 md:flex-row md:items-center md:justify-between"[31m
          [36m>[31m
            [36m<div[31m
              [33mclass[31m=[32m"max-w-3xl"[31m
            [36m>[31m
              [36m<p[31m
                [33mclass[31m=[32m"text-sm font-medium text-foreground"[31m
              [36m>[31m
                [0mDeneyimi iyile┼ƒtirmek ve kullan─▒m ak─▒┼ƒ─▒n─▒ anlamak i├ºin analiz ├ºerezleri kullanabiliriz.[0m
              [36m</p>[31m
              [36m<p[31m
                [33mclass[31m=[32m"mt-1 text-xs leading-relaxed text-muted-foreground"[31m
              [36m>[31m
                [0mAyr─▒nt─▒lar i├ºin [0m
                [36m<a[31m
                  [33mclass[31m=[32m"font-medium text-foreground underline underline-offset-2"[31m
                  [33mhref[31m=[32m"/yasal"[31m
                [36m>[31m
                  [0myasal bilgiler[0m
                [36m</a>[31m
                [0m.[0m
              [36m</p>[31m
            [36m</div>[31m
            [36m<div[31m
              [33mclass[31m=[32m"flex flex-col gap-2 sm:flex-row"[31m
            [36m>[31m
              [36m<button[31m
                [33mclass[31m=[32m"inline-flex items-center justify-center gap-2 whitespace-nowrap text-sm font-medium ring-offset-background transition-colors focus-visible:outline-none focus-visible:ring-2 focus-visible:ring-ring focus-visible:ring-offset-2 disabled:pointer-events-none disabled:opacity-50 [&_svg]:pointer-events-none [&_svg]:size-4 [&_svg]:shrink-0 border border-input bg-background hover:bg-accent hover:text-accent-foreground h-10 px-4 py-2 rounded-md"[31m
                [33mtype[31m=[32m"button"[31m
              [36m>[31m
                [0mReddet[0m
              [36m</button>[31m
              [36m<button[31m
                [33mclass[31m=[32m"inline-flex items-center justify-center gap-2 whitespace-nowrap text-sm font-medium ring-offset-background transition-colors focus-visible:outline-none focus-visible:ring-2 focus-visible:ring-ring focus-visible:ring-offset-2 disabled:pointer-events-none disabled:opacity-50 [&_svg]:pointer-events-none [&_svg]:size-4 [&_svg]:shrink-0 bg-primary text-primary-foreground hover:bg-primary/90 h-10 px-4 py-2 rounded-md"[31m
                [33mtype[31m=[32m"button"[31m
              [36m>[31m
                [0mKabul Et[0m
              [36m</button>[31m
            [36m</div>[31m
          [36m</div>[31m
        [36m</div>[31m
      [36m</div>[31m
    [36m</div>[31m
  [36m</body>[31m
[36m</html>[31m[39m
 [32mΓ£ô[39m src/pages/__tests__/Admin.test.tsx[2m > [22mAdmin Page Authorization[2m > [22mshows loading state while auth is loading[32m 5[2mms[22m[39m
 [31m├ù[39m src/pages/__tests__/Auth.test.tsx[2m > [22mAuth Page[2m > [22mEmail/Password Login[2m > [22mshows validation error for invalid email[33m 580[2mms[22m[39m
[31m   ΓåÆ Unable to find an element with the text: Ge├ºerli bir e-posta adresi girin. This could be because the text is broken up by multiple elements. In this case, you can provide a function for your text matcher to make your matcher more flexible.

Ignored nodes: comments, script, style
[36m<body>[31m
  [36m<div>[31m
    [36m<div[31m
      [33mclass[31m=[32m"flex min-h-screen flex-col bg-background"[31m
    [36m>[31m
      [36m<div[31m
        [33maria-hidden[31m=[32m"true"[31m
        [33mclass[31m=[32m"h-9"[31m
      [36m/>[31m
      [36m<div[31m
        [33mclass[31m=[32m"fixed inset-x-0 top-0 z-[60] bg-orange-500 px-3 py-2 text-center text-sm font-semibold text-white"[31m
      [36m>[31m
        [36m<div[31m
          [33mclass[31m=[32m"mx-auto flex max-w-6xl items-center justify-center"[31m
        [36m>[31m
          [36m<p>[31m
            [0mfirmascope test yayininda! devami cok yakinda![0m
          [36m</p>[31m
          [36m<button[31m
            [33maria-label[31m=[32m"Test bannerini kapat"[31m
            [33mclass[31m=[32m"absolute right-3 rounded p-1 text-white/90 transition hover:bg-white/20 hover:text-white"[31m
            [33mtype[31m=[32m"button"[31m
          [36m>[31m
            [36m<svg[31m
              [33mclass[31m=[32m"lucide lucide-x h-4 w-4"[31m
              [33mfill[31m=[32m"none"[31m
              [33mheight[31m=[32m"24"[31m
              [33mstroke[31m=[32m"currentColor"[31m
              [33mstroke-linecap[31m=[32m"round"[31m
              [33mstroke-linejoin[31m=[32m"round"[31m
              [33mstroke-width[31m=[32m"2"[31m
              [33mviewBox[31m=[32m"0 0 24 24"[31m
              [33mwidth[31m=[32m"24"[31m
              [33mxmlns[31m=[32m"http://www.w3.org/2000/svg"[31m
            [36m>[31m
              [36m<path[31m
                [33md[31m=[32m"M18 6 6 18"[31m
              [36m/>[31m
              [36m<path[31m
                [33md[31m=[32m"m6 6 12 12"[31m
              [36m/>[31m
            [36m</svg>[31m
          [36m</button>[31m
        [36m</div>[31m
      [36m</div>[31m
      [36m<header[31m
        [33mclass[31m=[32m"sticky top-0 z-50 border-b border-border bg-background/95 backdrop-blur supports-[backdrop-filter]:bg-background/60"[31m
      [36m>[31m
        [36m<div[31m
          [33mclass[31m=[32m"container mx-auto flex h-14 items-center justify-between px-4"[31m
        [36m>[31m
          [36m<a[31m
            [33mclass[31m=[32m"flex flex-col leading-tight"[31m
            [33mhref[31m=[32m"/"[31m
          [36m>[31m
            [36m<span[31m
              [33mclass[31m=[32m"font-display text-lg font-bold text-foreground"[31m
            [36m>[31m
              [0mfirmascope[0m
            [36m</span>[31m
            [36m<span[31m
              [33mclass[31m=[32m"text-xs font-medium text-muted-foreground"[31m
            [36m>[31m
              [0moffline[0m
            [36m</span>[31m
          [36m</a>[31m
          [36m<nav[31m
            [33mclass[31m=[32m"hidden items-center gap-4 md:flex"[31m
          [36m>[31m
            [36m<div[31m
              [33mclass[31m=[32m"flex items-center text-sm text-muted-foreground"[31m
            [36m>[31m
              [36m<div[31m
                [33mclass[31m=[32m"flex items-center"[31m
              [36m>[31m
                [36m<a[31m
                  [33mclass[31m=[32m"transition-colors hover:text-foreground"[31m
                  [33mhref[31m=[32m"/sirketler"[31m
                [36m>[31m
                  [0mAra[0m
                [36m</a>[31m
              [36m</div>[31m
              [36m<div[31m
                [33mclass[31m=[32m"flex items-center"[31m
              [36m>[31m
                [36m<span[31m
                  [33mclass[31m=[32m"px-2 text-border"[31m
                [36m>[31m
                  [0m|[0m
                [36m</span>[31m
                [36m<a[31m
                  [33mclass[31m=[32m"transition-colors hover:text-foreground"[31m
                  [33mhref[31m=[32m"/sirket-oner"[31m
                [36m>[31m
                  [0m├ûner[0m
                [36m</a>[31m
              [36m</div>[31m
              [36m<div[31m
                [33mclass[31m=[32m"flex items-center"[31m
              [36m>[31m
                [36m<span[31m
                  [33mclass[31m=[32m"px-2 text-border"[31m
                [36m>[31m
                  [0m|[0m
                [36m</span>[31m
                [36m<a[31m
                  [33mclass[31m=[32m"transition-colors hover:text-foreground"[31m
                  [33mhref[31m=[32m"/sirketler"[31m
                [36m>[31m
                  [0mDe─ƒerlendir[0m
                [36m</a>[31m
              [36m</div>[31m
              [36m<div[31m
                [33mclass[31m=[32m"flex items-center"[31m
              [36m>[31m
                [36m<span[31m
                  [33mclass[31m=[32m"px-2 text-border"[31m
                [36m>[31m
                  [0m|[0m
                [36m</span>[31m
                [36m<a[31m
                  [33mclass[31m=[32m"transition-colors hover:text-foreground"[31m
                  [33mhref[31m=[32m"/sirketler"[31m
                [36m>[31m
                  [0mM├╝lakat[0m
                [36m</a>[31m
              [36m</div>[31m
              [36m<div[31m
                [33mclass[31m=[32m"flex items-center"[31m
              [36m>[31m
                [36m<span[31m
                  [33mclass[31m=[32m"px-2 text-border"[31m
                [36m>[31m
                  [0m|[0m
                [36m</span>[31m
                [36m<a[31m
                  [33mclass[31m=[32m"transition-colors hover:text-foreground"[31m
                  [33mhref[31m=[32m"/sirketler"[31m
                [36m>[31m
                  [0mMaa┼ƒ[0m
                [36m</a>[31m
              [36m</div>[31m
              [36m<div[31m
                [33mclass[31m=[32m"flex items-center"[31m
              [36m>[31m
                [36m<span[31m
                  [33mclass[31m=[32m"px-2 text-border"[31m
                [36m>[31m
                  [0m|[0m
                [36m</span>[31m
                [36m<a[31m
                  [33mclass[31m=[32m"transition-colors hover:text-foreground"[31m
                  [33mhref[31m=[32m"/giris"[31m
                [36m>[31m
                  [0m├£ye Ol[0m
                [36m</a>[31m
              [36m</div>[31m
            [36m</div>[31m
            [36m<a[31m
              [33mclass[31m=[32m"inline-flex items-center justify-center gap-2 whitespace-nowrap text-sm font-medium ring-offset-background transition-colors focus-visible:outline-none focus-visible:ring-2 focus-visible:ring-ring focus-visible:ring-offset-2 disabled:pointer-events-none disabled:opacity-50 [&_svg]:pointer-events-none [&_svg]:size-4 [&_svg]:shrink-0 bg-primary text-primary-foreground hover:bg-primary/90 h-9 rounded-md px-3"[31m
              [33mhref...[39m
 [31m├ù[39m src/pages/__tests__/Auth.test.tsx[2m > [22mAuth Page[2m > [22mEmail/Password Login[2m > [22mshows validation error for short password[33m 482[2mms[22m[39m
[31m   ΓåÆ Unable to find an element with the text: ┼₧ifre en az 6 karakter olmal─▒d─▒r. This could be because the text is broken up by multiple elements. In this case, you can provide a function for your text matcher to make your matcher more flexible.

Ignored nodes: comments, script, style
[36m<body>[31m
  [36m<div>[31m
    [36m<div[31m
      [33mclass[31m=[32m"flex min-h-screen flex-col bg-background"[31m
    [36m>[31m
      [36m<div[31m
        [33maria-hidden[31m=[32m"true"[31m
        [33mclass[31m=[32m"h-9"[31m
      [36m/>[31m
      [36m<div[31m
        [33mclass[31m=[32m"fixed inset-x-0 top-0 z-[60] bg-orange-500 px-3 py-2 text-center text-sm font-semibold text-white"[31m
      [36m>[31m
        [36m<div[31m
          [33mclass[31m=[32m"mx-auto flex max-w-6xl items-center justify-center"[31m
        [36m>[31m
          [36m<p>[31m
            [0mfirmascope test yayininda! devami cok yakinda![0m
          [36m</p>[31m
          [36m<button[31m
            [33maria-label[31m=[32m"Test bannerini kapat"[31m
            [33mclass[31m=[32m"absolute right-3 rounded p-1 text-white/90 transition hover:bg-white/20 hover:text-white"[31m
            [33mtype[31m=[32m"button"[31m
          [36m>[31m
            [36m<svg[31m
              [33mclass[31m=[32m"lucide lucide-x h-4 w-4"[31m
              [33mfill[31m=[32m"none"[31m
              [33mheight[31m=[32m"24"[31m
              [33mstroke[31m=[32m"currentColor"[31m
              [33mstroke-linecap[31m=[32m"round"[31m
              [33mstroke-linejoin[31m=[32m"round"[31m
              [33mstroke-width[31m=[32m"2"[31m
              [33mviewBox[31m=[32m"0 0 24 24"[31m
              [33mwidth[31m=[32m"24"[31m
              [33mxmlns[31m=[32m"http://www.w3.org/2000/svg"[31m
            [36m>[31m
              [36m<path[31m
                [33md[31m=[32m"M18 6 6 18"[31m
              [36m/>[31m
              [36m<path[31m
                [33md[31m=[32m"m6 6 12 12"[31m
              [36m/>[31m
            [36m</svg>[31m
          [36m</button>[31m
        [36m</div>[31m
      [36m</div>[31m
      [36m<header[31m
        [33mclass[31m=[32m"sticky top-0 z-50 border-b border-border bg-background/95 backdrop-blur supports-[backdrop-filter]:bg-background/60"[31m
      [36m>[31m
        [36m<div[31m
          [33mclass[31m=[32m"container mx-auto flex h-14 items-center justify-between px-4"[31m
        [36m>[31m
          [36m<a[31m
            [33mclass[31m=[32m"flex flex-col leading-tight"[31m
            [33mhref[31m=[32m"/"[31m
          [36m>[31m
            [36m<span[31m
              [33mclass[31m=[32m"font-display text-lg font-bold text-foreground"[31m
            [36m>[31m
              [0mfirmascope[0m
            [36m</span>[31m
            [36m<span[31m
              [33mclass[31m=[32m"text-xs font-medium text-muted-foreground"[31m
            [36m>[31m
              [0moffline[0m
            [36m</span>[31m
          [36m</a>[31m
          [36m<nav[31m
            [33mclass[31m=[32m"hidden items-center gap-4 md:flex"[31m
          [36m>[31m
            [36m<div[31m
              [33mclass[31m=[32m"flex items-center text-sm text-muted-foreground"[31m
            [36m>[31m
              [36m<div[31m
                [33mclass[31m=[32m"flex items-center"[31m
              [36m>[31m
                [36m<a[31m
                  [33mclass[31m=[32m"transition-colors hover:text-foreground"[31m
                  [33mhref[31m=[32m"/sirketler"[31m
                [36m>[31m
                  [0mAra[0m
                [36m</a>[31m
              [36m</div>[31m
              [36m<div[31m
                [33mclass[31m=[32m"flex items-center"[31m
              [36m>[31m
                [36m<span[31m
                  [33mclass[31m=[32m"px-2 text-border"[31m
                [36m>[31m
                  [0m|[0m
                [36m</span>[31m
                [36m<a[31m
                  [33mclass[31m=[32m"transition-colors hover:text-foreground"[31m
                  [33mhref[31m=[32m"/sirket-oner"[31m
                [36m>[31m
                  [0m├ûner[0m
                [36m</a>[31m
              [36m</div>[31m
              [36m<div[31m
                [33mclass[31m=[32m"flex items-center"[31m
              [36m>[31m
                [36m<span[31m
                  [33mclass[31m=[32m"px-2 text-border"[31m
                [36m>[31m
                  [0m|[0m
                [36m</span>[31m
                [36m<a[31m
                  [33mclass[31m=[32m"transition-colors hover:text-foreground"[31m
                  [33mhref[31m=[32m"/sirketler"[31m
                [36m>[31m
                  [0mDe─ƒerlendir[0m
                [36m</a>[31m
              [36m</div>[31m
              [36m<div[31m
                [33mclass[31m=[32m"flex items-center"[31m
              [36m>[31m
                [36m<span[31m
                  [33mclass[31m=[32m"px-2 text-border"[31m
                [36m>[31m
                  [0m|[0m
                [36m</span>[31m
                [36m<a[31m
                  [33mclass[31m=[32m"transition-colors hover:text-foreground"[31m
                  [33mhref[31m=[32m"/sirketler"[31m
                [36m>[31m
                  [0mM├╝lakat[0m
                [36m</a>[31m
              [36m</div>[31m
              [36m<div[31m
                [33mclass[31m=[32m"flex items-center"[31m
              [36m>[31m
                [36m<span[31m
                  [33mclass[31m=[32m"px-2 text-border"[31m
                [36m>[31m
                  [0m|[0m
                [36m</span>[31m
                [36m<a[31m
                  [33mclass[31m=[32m"transition-colors hover:text-foreground"[31m
                  [33mhref[31m=[32m"/sirketler"[31m
                [36m>[31m
                  [0mMaa┼ƒ[0m
                [36m</a>[31m
              [36m</div>[31m
              [36m<div[31m
                [33mclass[31m=[32m"flex items-center"[31m
              [36m>[31m
                [36m<span[31m
                  [33mclass[31m=[32m"px-2 text-border"[31m
                [36m>[31m
                  [0m|[0m
                [36m</span>[31m
                [36m<a[31m
                  [33mclass[31m=[32m"transition-colors hover:text-foreground"[31m
                  [33mhref[31m=[32m"/giris"[31m
                [36m>[31m
                  [0m├£ye Ol[0m
                [36m</a>[31m
              [36m</div>[31m
            [36m</div>[31m
            [36m<a[31m
              [33mclass[31m=[32m"inline-flex items-center justify-center gap-2 whitespace-nowrap text-sm font-medium ring-offset-background transition-colors focus-visible:outline-none focus-visible:ring-2 focus-visible:ring-ring focus-visible:ring-offset-2 disabled:pointer-events-none disabled:opacity-50 [&_svg]:pointer-events-none [&_svg]:size-4 [&_svg]:shrink-0 bg-primary text-primary-foreground hover:bg-primary/90 h-9 rounded-md px-3"[31m
              [33mhref...[39m
 [31m├ù[39m src/pages/__tests__/Auth.test.tsx[2m > [22mAuth Page[2m > [22mEmail/Password Login[2m > [22mshows error toast for wrong password[33m 1574[2mms[22m[39m
[31m   ΓåÆ Unable to find an element with the text: E-posta veya ┼ƒifre hatal─▒.. This could be because the text is broken up by multiple elements. In this case, you can provide a function for your text matcher to make your matcher more flexible.

Ignored nodes: comments, script, style
[36m<body>[31m
  [36m<div>[31m
    [36m<div[31m
      [33mclass[31m=[32m"flex min-h-screen flex-col bg-background"[31m
    [36m>[31m
      [36m<div[31m
        [33maria-hidden[31m=[32m"true"[31m
        [33mclass[31m=[32m"h-9"[31m
      [36m/>[31m
      [36m<div[31m
        [33mclass[31m=[32m"fixed inset-x-0 top-0 z-[60] bg-orange-500 px-3 py-2 text-center text-sm font-semibold text-white"[31m
      [36m>[31m
        [36m<div[31m
          [33mclass[31m=[32m"mx-auto flex max-w-6xl items-center justify-center"[31m
        [36m>[31m
          [36m<p>[31m
            [0mfirmascope test yayininda! devami cok yakinda![0m
          [36m</p>[31m
          [36m<button[31m
            [33maria-label[31m=[32m"Test bannerini kapat"[31m
            [33mclass[31m=[32m"absolute right-3 rounded p-1 text-white/90 transition hover:bg-white/20 hover:text-white"[31m
            [33mtype[31m=[32m"button"[31m
          [36m>[31m
            [36m<svg[31m
              [33mclass[31m=[32m"lucide lucide-x h-4 w-4"[31m
              [33mfill[31m=[32m"none"[31m
              [33mheight[31m=[32m"24"[31m
              [33mstroke[31m=[32m"currentColor"[31m
              [33mstroke-linecap[31m=[32m"round"[31m
              [33mstroke-linejoin[31m=[32m"round"[31m
              [33mstroke-width[31m=[32m"2"[31m
              [33mviewBox[31m=[32m"0 0 24 24"[31m
              [33mwidth[31m=[32m"24"[31m
              [33mxmlns[31m=[32m"http://www.w3.org/2000/svg"[31m
            [36m>[31m
              [36m<path[31m
                [33md[31m=[32m"M18 6 6 18"[31m
              [36m/>[31m
              [36m<path[31m
                [33md[31m=[32m"m6 6 12 12"[31m
              [36m/>[31m
            [36m</svg>[31m
          [36m</button>[31m
        [36m</div>[31m
      [36m</div>[31m
      [36m<header[31m
        [33mclass[31m=[32m"sticky top-0 z-50 border-b border-border bg-background/95 backdrop-blur supports-[backdrop-filter]:bg-background/60"[31m
      [36m>[31m
        [36m<div[31m
          [33mclass[31m=[32m"container mx-auto flex h-14 items-center justify-between px-4"[31m
        [36m>[31m
          [36m<a[31m
            [33mclass[31m=[32m"flex flex-col leading-tight"[31m
            [33mhref[31m=[32m"/"[31m
          [36m>[31m
            [36m<span[31m
              [33mclass[31m=[32m"font-display text-lg font-bold text-foreground"[31m
            [36m>[31m
              [0mfirmascope[0m
            [36m</span>[31m
            [36m<span[31m
              [33mclass[31m=[32m"text-xs font-medium text-muted-foreground"[31m
            [36m>[31m
              [0moffline[0m
            [36m</span>[31m
          [36m</a>[31m
          [36m<nav[31m
            [33mclass[31m=[32m"hidden items-center gap-4 md:flex"[31m
          [36m>[31m
            [36m<div[31m
              [33mclass[31m=[32m"flex items-center text-sm text-muted-foreground"[31m
            [36m>[31m
              [36m<div[31m
                [33mclass[31m=[32m"flex items-center"[31m
              [36m>[31m
                [36m<a[31m
                  [33mclass[31m=[32m"transition-colors hover:text-foreground"[31m
                  [33mhref[31m=[32m"/sirketler"[31m
                [36m>[31m
                  [0mAra[0m
                [36m</a>[31m
              [36m</div>[31m
              [36m<div[31m
                [33mclass[31m=[32m"flex items-center"[31m
              [36m>[31m
                [36m<span[31m
                  [33mclass[31m=[32m"px-2 text-border"[31m
                [36m>[31m
                  [0m|[0m
                [36m</span>[31m
                [36m<a[31m
                  [33mclass[31m=[32m"transition-colors hover:text-foreground"[31m
                  [33mhref[31m=[32m"/sirket-oner"[31m
                [36m>[31m
                  [0m├ûner[0m
                [36m</a>[31m
              [36m</div>[31m
              [36m<div[31m
                [33mclass[31m=[32m"flex items-center"[31m
              [36m>[31m
                [36m<span[31m
                  [33mclass[31m=[32m"px-2 text-border"[31m
                [36m>[31m
                  [0m|[0m
                [36m</span>[31m
                [36m<a[31m
                  [33mclass[31m=[32m"transition-colors hover:text-foreground"[31m
                  [33mhref[31m=[32m"/sirketler"[31m
                [36m>[31m
                  [0mDe─ƒerlendir[0m
                [36m</a>[31m
              [36m</div>[31m
              [36m<div[31m
                [33mclass[31m=[32m"flex items-center"[31m
              [36m>[31m
                [36m<span[31m
                  [33mclass[31m=[32m"px-2 text-border"[31m
                [36m>[31m
                  [0m|[0m
                [36m</span>[31m
                [36m<a[31m
                  [33mclass[31m=[32m"transition-colors hover:text-foreground"[31m
                  [33mhref[31m=[32m"/sirketler"[31m
                [36m>[31m
                  [0mM├╝lakat[0m
                [36m</a>[31m
              [36m</div>[31m
              [36m<div[31m
                [33mclass[31m=[32m"flex items-center"[31m
              [36m>[31m
                [36m<span[31m
                  [33mclass[31m=[32m"px-2 text-border"[31m
                [36m>[31m
                  [0m|[0m
                [36m</span>[31m
                [36m<a[31m
                  [33mclass[31m=[32m"transition-colors hover:text-foreground"[31m
                  [33mhref[31m=[32m"/sirketler"[31m
                [36m>[31m
                  [0mMaa┼ƒ[0m
                [36m</a>[31m
              [36m</div>[31m
              [36m<div[31m
                [33mclass[31m=[32m"flex items-center"[31m
              [36m>[31m
                [36m<span[31m
                  [33mclass[31m=[32m"px-2 text-border"[31m
                [36m>[31m
                  [0m|[0m
                [36m</span>[31m
                [36m<a[31m
                  [33mclass[31m=[32m"transition-colors hover:text-foreground"[31m
                  [33mhref[31m=[32m"/giris"[31m
                [36m>[31m
                  [0m├£ye Ol[0m
                [36m</a>[31m
              [36m</div>[31m
            [36m</div>[31m
            [36m<a[31m
              [33mclass[31m=[32m"inline-flex items-center justify-center gap-2 whitespace-nowrap text-sm font-medium ring-offset-background transition-colors focus-visible:outline-none focus-visible:ring-2 focus-visible:ring-ring focus-visible:ring-offset-2 disabled:pointer-events-none disabled:opacity-50 [&_svg]:pointer-events-none [&_svg]:size-4 [&_svg]:shrink-0 bg-primary text-primary-foreground hover:bg-primary/90 h-9 rounded-md px-3"[31m
              [33mhref...

Ignored nodes: comments, script, style
[36m<html>[31m
  [36m<head />[31m
  [36m<body>[31m
    [36m<div>[31m
      [36m<div[31m
        [33mclass[31m=[32m"flex min-h-screen flex-col bg-background"[31m
      [36m>[31m
        [36m<div[31m
          [33maria-hidden[31m=[32m"true"[31m
          [33mclass[31m=[32m"h-9"[31m
        [36m/>[31m
        [36m<div[31m
          [33mclass[31m=[32m"fixed inset-x-0 top-0 z-[60] bg-orange-500 px-3 py-2 text-center text-sm font-semibold text-white"[31m
        [36m>[31m
          [36m<div[31m
            [33mclass[31m=[32m"mx-auto flex max-w-6xl items-center justify-center"[31m
          [36m>[31m
            [36m<p>[31m
              [0mfirmascope test yayininda! devami cok yakinda![0m
            [36m</p>[31m
            [36m<button[31m
              [33maria-label[31m=[32m"Test bannerini kapat"[31m
              [33mclass[31m=[32m"absolute right-3 rounded p-1 text-white/90 transition hover:bg-white/20 hover:text-white"[31m
              [33mtype[31m=[32m"button"[31m
            [36m>[31m
              [36m<svg[31m
                [33mclass[31m=[32m"lucide lucide-x h-4 w-4"[31m
                [33mfill[31m=[32m"none"[31m
                [33mheight[31m=[32m"24"[31m
                [33mstroke[31m=[32m"currentColor"[31m
                [33mstroke-linecap[31m=[32m"round"[31m
                [33mstroke-linejoin[31m=[32m"round"[31m
                [33mstroke-width[31m=[32m"2"[31m
                [33mviewBox[31m=[32m"0 0 24 24"[31m
                [33mwidth[31m=[32m"24"[31m
                [33mxmlns[31m=[32m"http://www.w3.org/2000/svg"[31m
              [36m>[31m
                [36m<path[31m
                  [33md[31m=[32m"M18 6 6 18"[31m
                [36m/>[31m
                [36m<path[31m
                  [33md[31m=[32m"m6 6 12 12"[31m
                [36m/>[31m
              [36m</svg>[31m
            [36m</button>[31m
          [36m</div>[31m
        [36m</div>[31m
        [36m<header[31m
          [33mclass[31m=[32m"sticky top-0 z-50 border-b border-border bg-background/95 backdrop-blur supports-[backdrop-filter]:bg-background/60"[31m
        [36m>[31m
          [36m<div[31m
            [33mclass[31m=[32m"container mx-auto flex h-14 items-center justify-between px-4"[31m
          [36m>[31m
            [36m<a[31m
              [33mclass[31m=[32m"flex flex-col leading-tight"[31m
              [33mhref[31m=[32m"/"[31m
            [36m>[31m
              [36m<span[31m
                [33mclass[31m=[32m"font-display text-lg font-bold text-foreground"[31m
              [36m>[31m
                [0mfirmascope[0m
              [36m</span>[31m
              [36m<span[31m
                [33mclass[31m=[32m"text-xs font-medium text-muted-foreground"[31m
              [36m>[31m
                [0moffline[0m
              [36m</span>[31m
            [36m</a>[31m
            [36m<nav[31m
              [33mclass[31m=[32m"hidden items-center gap-4 md:flex"[31m
            [36m>[31m
              [36m<div[31m
                [33mclass[31m=[32m"flex items-center text-sm text-muted-foreground"[31m
              [36m>[31m
                [36m<div[31m
                  [33mclass[31m=[32m"flex items-center"[31m
                [36m>[31m
                  [36m<a[31m
                    [33mclass[31m=[32m"transition-colors hover:text-foreground"[31m
                    [33mhref[31m=[32m"/sirketler"[31m
                  [36m>[31m
                    [0mAra[0m
                  [36m</a>[31m
                [36m</div>[31m
                [36m<div[31m
                  [33mclass[31m=[32m"flex items-center"[31m
                [36m>[31m
                  [36m<span[31m
                    [33mclass[31m=[32m"px-2 text-border"[31m
                  [36m>[31m
                    [0m|[0m
                  [36m</span>[31m
                  [36m<a[31m
                    [33mclass[31m=[32m"transition-colors hover:text-foreground"[31m
                    [33mhref[31m=[32m"/sirket-oner"[31m
                  [36m>[31m
                    [0m├ûner[0m
                  [36m</a>[31m
                [36m</div>[31m
                [36m<div[31m
                  [33mclass[31m=[32m"flex items-center"[31m
                [36m>[31m
                  [36m<span[31m
                    [33mclass[31m=[32m"px-2 text-border"[31m
                  [36m>[31m
                    [0m|[0m
                  [36m</span>[31m
                  [36m<a[31m
                    [33mclass[31m=[32m"transition-colors hover:text-foreground"[31m
                    [33mhref[31m=[32m"/sirketler"[31m
                  [36m>[31m
                    [0mDe─ƒerlendir[0m
                  [36m</a>[31m
                [36m</div>[31m
                [36m<div[31m
                  [33mclass[31m=[32m"flex items-center"[31m
                [36m>[31m
                  [36m<span[31m
                    [33mclass[31m=[32m"px-2 text-border"[31m
                  [36m>[31m
                    [0m|[0m
                  [36m</span>[31m
                  [36m<a[31m
                    [33mclass[31m=[32m"transition-colors hover:text-foreground"[31m
                    [33mhref[31m=[32m"/sirketler"[31m
                  [36m>[31m
                    [0mM├╝lakat[0m
                  [36m</a>[31m
                [36m</div>[31m
                [36m<div[31m
                  [33mclass[31m=[32m"flex items-center"[31m
                [36m>[31m
                  [36m<span[31m
                    [33mclass[31m=[32m"px-2 text-border"[31m
                  [36m>[31m
                    [0m|[0m
                  [36m</span>[31m
                  [36m<a[31m
                    [33mclass[31m=[32m"transition-colors hover:text-foreground"[31m
                    [33mhref[31m=[32m"/sirketler"[31m
                  [36m>[31m
                    [0mMaa┼ƒ[0m
                  [36m</a>[31m
                [36m</div>[31m
                [36m<div[31m
                  [33mclass[31m=[32m"flex items-center"[31m
                [36m>[31m
                  [36m<span[31m
                    [33mclass[31m=[32m"px-2 text-border"[31m
                  [36m>[31m
                    [0m|[0m
                  [36m</span>[31m
                  [36m<a[31m
                    [33mclass[31m=[32m"transition-colors hover:text-foreground"[31m
                    [33mhref[31m=[32m"/giris"[31m
                  [36m>[31m
                    [0m├£ye Ol[0m
                  [36m</a>[31m
                [36m</div>[31m
              [36m</div>[31m
              [36m<a[31m
                [33mclass[31m=[32m"inline-flex items-center justify-center gap-2 whitespace-nowrap text-sm font-med...[39m
 [32mΓ£ô[39m src/pages/__tests__/Auth.test.tsx[2m > [22mAuth Page[2m > [22mEmail/Password Login[2m > [22mswitches to resend mode on email not confirmed[33m 604[2mms[22m[39m
 [31m├ù[39m src/hooks/__tests__/useAuth.test.tsx[2m > [22museAuth[2m > [22mstarts with loading=true and updates after getSession resolves[33m 5017[2mms[22m[39m
[31m   ΓåÆ Test timed out in 5000ms.
If this is a long-running test, pass a timeout value as the last argument or configure it globally with "testTimeout".[39m
 [31m├ù[39m src/pages/__tests__/Auth.test.tsx[2m > [22mAuth Page[2m > [22mEmail/Password Login[2m > [22mshows generic error for unknown errors[33m 1602[2mms[22m[39m
[31m   ΓåÆ Unable to find an element with the text: Some unknown error. This could be because the text is broken up by multiple elements. In this case, you can provide a function for your text matcher to make your matcher more flexible.

Ignored nodes: comments, script, style
[36m<body>[31m
  [36m<div>[31m
    [36m<div[31m
      [33mclass[31m=[32m"flex min-h-screen flex-col bg-background"[31m
    [36m>[31m
      [36m<div[31m
        [33maria-hidden[31m=[32m"true"[31m
        [33mclass[31m=[32m"h-9"[31m
      [36m/>[31m
      [36m<div[31m
        [33mclass[31m=[32m"fixed inset-x-0 top-0 z-[60] bg-orange-500 px-3 py-2 text-center text-sm font-semibold text-white"[31m
      [36m>[31m
        [36m<div[31m
          [33mclass[31m=[32m"mx-auto flex max-w-6xl items-center justify-center"[31m
        [36m>[31m
          [36m<p>[31m
            [0mfirmascope test yayininda! devami cok yakinda![0m
          [36m</p>[31m
          [36m<button[31m
            [33maria-label[31m=[32m"Test bannerini kapat"[31m
            [33mclass[31m=[32m"absolute right-3 rounded p-1 text-white/90 transition hover:bg-white/20 hover:text-white"[31m
            [33mtype[31m=[32m"button"[31m
          [36m>[31m
            [36m<svg[31m
              [33mclass[31m=[32m"lucide lucide-x h-4 w-4"[31m
              [33mfill[31m=[32m"none"[31m
              [33mheight[31m=[32m"24"[31m
              [33mstroke[31m=[32m"currentColor"[31m
              [33mstroke-linecap[31m=[32m"round"[31m
              [33mstroke-linejoin[31m=[32m"round"[31m
              [33mstroke-width[31m=[32m"2"[31m
              [33mviewBox[31m=[32m"0 0 24 24"[31m
              [33mwidth[31m=[32m"24"[31m
              [33mxmlns[31m=[32m"http://www.w3.org/2000/svg"[31m
            [36m>[31m
              [36m<path[31m
                [33md[31m=[32m"M18 6 6 18"[31m
              [36m/>[31m
              [36m<path[31m
                [33md[31m=[32m"m6 6 12 12"[31m
              [36m/>[31m
            [36m</svg>[31m
          [36m</button>[31m
        [36m</div>[31m
      [36m</div>[31m
      [36m<header[31m
        [33mclass[31m=[32m"sticky top-0 z-50 border-b border-border bg-background/95 backdrop-blur supports-[backdrop-filter]:bg-background/60"[31m
      [36m>[31m
        [36m<div[31m
          [33mclass[31m=[32m"container mx-auto flex h-14 items-center justify-between px-4"[31m
        [36m>[31m
          [36m<a[31m
            [33mclass[31m=[32m"flex flex-col leading-tight"[31m
            [33mhref[31m=[32m"/"[31m
          [36m>[31m
            [36m<span[31m
              [33mclass[31m=[32m"font-display text-lg font-bold text-foreground"[31m
            [36m>[31m
              [0mfirmascope[0m
            [36m</span>[31m
            [36m<span[31m
              [33mclass[31m=[32m"text-xs font-medium text-muted-foreground"[31m
            [36m>[31m
              [0moffline[0m
            [36m</span>[31m
          [36m</a>[31m
          [36m<nav[31m
            [33mclass[31m=[32m"hidden items-center gap-4 md:flex"[31m
          [36m>[31m
            [36m<div[31m
              [33mclass[31m=[32m"flex items-center text-sm text-muted-foreground"[31m
            [36m>[31m
              [36m<div[31m
                [33mclass[31m=[32m"flex items-center"[31m
              [36m>[31m
                [36m<a[31m
                  [33mclass[31m=[32m"transition-colors hover:text-foreground"[31m
                  [33mhref[31m=[32m"/sirketler"[31m
                [36m>[31m
                  [0mAra[0m
                [36m</a>[31m
              [36m</div>[31m
              [36m<div[31m
                [33mclass[31m=[32m"flex items-center"[31m
              [36m>[31m
                [36m<span[31m
                  [33mclass[31m=[32m"px-2 text-border"[31m
                [36m>[31m
                  [0m|[0m
                [36m</span>[31m
                [36m<a[31m
                  [33mclass[31m=[32m"transition-colors hover:text-foreground"[31m
                  [33mhref[31m=[32m"/sirket-oner"[31m
                [36m>[31m
                  [0m├ûner[0m
                [36m</a>[31m
              [36m</div>[31m
              [36m<div[31m
                [33mclass[31m=[32m"flex items-center"[31m
              [36m>[31m
                [36m<span[31m
                  [33mclass[31m=[32m"px-2 text-border"[31m
                [36m>[31m
                  [0m|[0m
                [36m</span>[31m
                [36m<a[31m
                  [33mclass[31m=[32m"transition-colors hover:text-foreground"[31m
                  [33mhref[31m=[32m"/sirketler"[31m
                [36m>[31m
                  [0mDe─ƒerlendir[0m
                [36m</a>[31m
              [36m</div>[31m
              [36m<div[31m
                [33mclass[31m=[32m"flex items-center"[31m
              [36m>[31m
                [36m<span[31m
                  [33mclass[31m=[32m"px-2 text-border"[31m
                [36m>[31m
                  [0m|[0m
                [36m</span>[31m
                [36m<a[31m
                  [33mclass[31m=[32m"transition-colors hover:text-foreground"[31m
                  [33mhref[31m=[32m"/sirketler"[31m
                [36m>[31m
                  [0mM├╝lakat[0m
                [36m</a>[31m
              [36m</div>[31m
              [36m<div[31m
                [33mclass[31m=[32m"flex items-center"[31m
              [36m>[31m
                [36m<span[31m
                  [33mclass[31m=[32m"px-2 text-border"[31m
                [36m>[31m
                  [0m|[0m
                [36m</span>[31m
                [36m<a[31m
                  [33mclass[31m=[32m"transition-colors hover:text-foreground"[31m
                  [33mhref[31m=[32m"/sirketler"[31m
                [36m>[31m
                  [0mMaa┼ƒ[0m
                [36m</a>[31m
              [36m</div>[31m
              [36m<div[31m
                [33mclass[31m=[32m"flex items-center"[31m
              [36m>[31m
                [36m<span[31m
                  [33mclass[31m=[32m"px-2 text-border"[31m
                [36m>[31m
                  [0m|[0m
                [36m</span>[31m
                [36m<a[31m
                  [33mclass[31m=[32m"transition-colors hover:text-foreground"[31m
                  [33mhref[31m=[32m"/giris"[31m
                [36m>[31m
                  [0m├£ye Ol[0m
                [36m</a>[31m
              [36m</div>[31m
            [36m</div>[31m
            [36m<a[31m
              [33mclass[31m=[32m"inline-flex items-center justify-center gap-2 whitespace-nowrap text-sm font-medium ring-offset-background transition-colors focus-visible:outline-none focus-visible:ring-2 focus-visible:ring-ring focus-visible:ring-offset-2 disabled:pointer-events-none disabled:opacity-50 [&_svg]:pointer-events-none [&_svg]:size-4 [&_svg]:shrink-0 bg-primary text-primary-foreground hover:bg-primary/90 h-9 rounded-md px-3"[31m
              [33mhref...

Ignored nodes: comments, script, style
[36m<html>[31m
  [36m<head />[31m
  [36m<body>[31m
    [36m<div>[31m
      [36m<div[31m
        [33mclass[31m=[32m"flex min-h-screen flex-col bg-background"[31m
      [36m>[31m
        [36m<div[31m
          [33maria-hidden[31m=[32m"true"[31m
          [33mclass[31m=[32m"h-9"[31m
        [36m/>[31m
        [36m<div[31m
          [33mclass[31m=[32m"fixed inset-x-0 top-0 z-[60] bg-orange-500 px-3 py-2 text-center text-sm font-semibold text-white"[31m
        [36m>[31m
          [36m<div[31m
            [33mclass[31m=[32m"mx-auto flex max-w-6xl items-center justify-center"[31m
          [36m>[31m
            [36m<p>[31m
              [0mfirmascope test yayininda! devami cok yakinda![0m
            [36m</p>[31m
            [36m<button[31m
              [33maria-label[31m=[32m"Test bannerini kapat"[31m
              [33mclass[31m=[32m"absolute right-3 rounded p-1 text-white/90 transition hover:bg-white/20 hover:text-white"[31m
              [33mtype[31m=[32m"button"[31m
            [36m>[31m
              [36m<svg[31m
                [33mclass[31m=[32m"lucide lucide-x h-4 w-4"[31m
                [33mfill[31m=[32m"none"[31m
                [33mheight[31m=[32m"24"[31m
                [33mstroke[31m=[32m"currentColor"[31m
                [33mstroke-linecap[31m=[32m"round"[31m
                [33mstroke-linejoin[31m=[32m"round"[31m
                [33mstroke-width[31m=[32m"2"[31m
                [33mviewBox[31m=[32m"0 0 24 24"[31m
                [33mwidth[31m=[32m"24"[31m
                [33mxmlns[31m=[32m"http://www.w3.org/2000/svg"[31m
              [36m>[31m
                [36m<path[31m
                  [33md[31m=[32m"M18 6 6 18"[31m
                [36m/>[31m
                [36m<path[31m
                  [33md[31m=[32m"m6 6 12 12"[31m
                [36m/>[31m
              [36m</svg>[31m
            [36m</button>[31m
          [36m</div>[31m
        [36m</div>[31m
        [36m<header[31m
          [33mclass[31m=[32m"sticky top-0 z-50 border-b border-border bg-background/95 backdrop-blur supports-[backdrop-filter]:bg-background/60"[31m
        [36m>[31m
          [36m<div[31m
            [33mclass[31m=[32m"container mx-auto flex h-14 items-center justify-between px-4"[31m
          [36m>[31m
            [36m<a[31m
              [33mclass[31m=[32m"flex flex-col leading-tight"[31m
              [33mhref[31m=[32m"/"[31m
            [36m>[31m
              [36m<span[31m
                [33mclass[31m=[32m"font-display text-lg font-bold text-foreground"[31m
              [36m>[31m
                [0mfirmascope[0m
              [36m</span>[31m
              [36m<span[31m
                [33mclass[31m=[32m"text-xs font-medium text-muted-foreground"[31m
              [36m>[31m
                [0moffline[0m
              [36m</span>[31m
            [36m</a>[31m
            [36m<nav[31m
              [33mclass[31m=[32m"hidden items-center gap-4 md:flex"[31m
            [36m>[31m
              [36m<div[31m
                [33mclass[31m=[32m"flex items-center text-sm text-muted-foreground"[31m
              [36m>[31m
                [36m<div[31m
                  [33mclass[31m=[32m"flex items-center"[31m
                [36m>[31m
                  [36m<a[31m
                    [33mclass[31m=[32m"transition-colors hover:text-foreground"[31m
                    [33mhref[31m=[32m"/sirketler"[31m
                  [36m>[31m
                    [0mAra[0m
                  [36m</a>[31m
                [36m</div>[31m
                [36m<div[31m
                  [33mclass[31m=[32m"flex items-center"[31m
                [36m>[31m
                  [36m<span[31m
                    [33mclass[31m=[32m"px-2 text-border"[31m
                  [36m>[31m
                    [0m|[0m
                  [36m</span>[31m
                  [36m<a[31m
                    [33mclass[31m=[32m"transition-colors hover:text-foreground"[31m
                    [33mhref[31m=[32m"/sirket-oner"[31m
                  [36m>[31m
                    [0m├ûner[0m
                  [36m</a>[31m
                [36m</div>[31m
                [36m<div[31m
                  [33mclass[31m=[32m"flex items-center"[31m
                [36m>[31m
                  [36m<span[31m
                    [33mclass[31m=[32m"px-2 text-border"[31m
                  [36m>[31m
                    [0m|[0m
                  [36m</span>[31m
                  [36m<a[31m
                    [33mclass[31m=[32m"transition-colors hover:text-foreground"[31m
                    [33mhref[31m=[32m"/sirketler"[31m
                  [36m>[31m
                    [0mDe─ƒerlendir[0m
                  [36m</a>[31m
                [36m</div>[31m
                [36m<div[31m
                  [33mclass[31m=[32m"flex items-center"[31m
                [36m>[31m
                  [36m<span[31m
                    [33mclass[31m=[32m"px-2 text-border"[31m
                  [36m>[31m
                    [0m|[0m
                  [36m</span>[31m
                  [36m<a[31m
                    [33mclass[31m=[32m"transition-colors hover:text-foreground"[31m
                    [33mhref[31m=[32m"/sirketler"[31m
                  [36m>[31m
                    [0mM├╝lakat[0m
                  [36m</a>[31m
                [36m</div>[31m
                [36m<div[31m
                  [33mclass[31m=[32m"flex items-center"[31m
                [36m>[31m
                  [36m<span[31m
                    [33mclass[31m=[32m"px-2 text-border"[31m
                  [36m>[31m
                    [0m|[0m
                  [36m</span>[31m
                  [36m<a[31m
                    [33mclass[31m=[32m"transition-colors hover:text-foreground"[31m
                    [33mhref[31m=[32m"/sirketler"[31m
                  [36m>[31m
                    [0mMaa┼ƒ[0m
                  [36m</a>[31m
                [36m</div>[31m
                [36m<div[31m
                  [33mclass[31m=[32m"flex items-center"[31m
                [36m>[31m
                  [36m<span[31m
                    [33mclass[31m=[32m"px-2 text-border"[31m
                  [36m>[31m
                    [0m|[0m
                  [36m</span>[31m
                  [36m<a[31m
                    [33mclass[31m=[32m"transition-colors hover:text-foreground"[31m
                    [33mhref[31m=[32m"/giris"[31m
                  [36m>[31m
                    [0m├£ye Ol[0m
                  [36m</a>[31m
                [36m</div>[31m
              [36m</div>[31m
              [36m<a[31m
                [33mclass[31m=[32m"inline-flex items-center justify-center gap-2 whitespace-nowrap text-sm font-med...[39m
 [32mΓ£ô[39m src/pages/__tests__/Auth.test.tsx[2m > [22mAuth Page[2m > [22mEmail/Password Login[2m > [22mdisables submit button while loading[33m 578[2mms[22m[39m
 [31m├ù[39m src/pages/__tests__/Auth.test.tsx[2m > [22mAuth Page[2m > [22mSignup[2m > [22mcalls signUp and shows success toast[33m 1656[2mms[22m[39m
[31m   ΓåÆ Unable to find an element with the text: E-postan─▒z─▒ kontrol edin ve hesab─▒n─▒z─▒ onaylay─▒n.. This could be because the text is broken up by multiple elements. In this case, you can provide a function for your text matcher to make your matcher more flexible.

Ignored nodes: comments, script, style
[36m<body>[31m
  [36m<div>[31m
    [36m<div[31m
      [33mclass[31m=[32m"flex min-h-screen flex-col bg-background"[31m
    [36m>[31m
      [36m<div[31m
        [33maria-hidden[31m=[32m"true"[31m
        [33mclass[31m=[32m"h-9"[31m
      [36m/>[31m
      [36m<div[31m
        [33mclass[31m=[32m"fixed inset-x-0 top-0 z-[60] bg-orange-500 px-3 py-2 text-center text-sm font-semibold text-white"[31m
      [36m>[31m
        [36m<div[31m
          [33mclass[31m=[32m"mx-auto flex max-w-6xl items-center justify-center"[31m
        [36m>[31m
          [36m<p>[31m
            [0mfirmascope test yayininda! devami cok yakinda![0m
          [36m</p>[31m
          [36m<button[31m
            [33maria-label[31m=[32m"Test bannerini kapat"[31m
            [33mclass[31m=[32m"absolute right-3 rounded p-1 text-white/90 transition hover:bg-white/20 hover:text-white"[31m
            [33mtype[31m=[32m"button"[31m
          [36m>[31m
            [36m<svg[31m
              [33mclass[31m=[32m"lucide lucide-x h-4 w-4"[31m
              [33mfill[31m=[32m"none"[31m
              [33mheight[31m=[32m"24"[31m
              [33mstroke[31m=[32m"currentColor"[31m
              [33mstroke-linecap[31m=[32m"round"[31m
              [33mstroke-linejoin[31m=[32m"round"[31m
              [33mstroke-width[31m=[32m"2"[31m
              [33mviewBox[31m=[32m"0 0 24 24"[31m
              [33mwidth[31m=[32m"24"[31m
              [33mxmlns[31m=[32m"http://www.w3.org/2000/svg"[31m
            [36m>[31m
              [36m<path[31m
                [33md[31m=[32m"M18 6 6 18"[31m
              [36m/>[31m
              [36m<path[31m
                [33md[31m=[32m"m6 6 12 12"[31m
              [36m/>[31m
            [36m</svg>[31m
          [36m</button>[31m
        [36m</div>[31m
      [36m</div>[31m
      [36m<header[31m
        [33mclass[31m=[32m"sticky top-0 z-50 border-b border-border bg-background/95 backdrop-blur supports-[backdrop-filter]:bg-background/60"[31m
      [36m>[31m
        [36m<div[31m
          [33mclass[31m=[32m"container mx-auto flex h-14 items-center justify-between px-4"[31m
        [36m>[31m
          [36m<a[31m
            [33mclass[31m=[32m"flex flex-col leading-tight"[31m
            [33mhref[31m=[32m"/"[31m
          [36m>[31m
            [36m<span[31m
              [33mclass[31m=[32m"font-display text-lg font-bold text-foreground"[31m
            [36m>[31m
              [0mfirmascope[0m
            [36m</span>[31m
            [36m<span[31m
              [33mclass[31m=[32m"text-xs font-medium text-muted-foreground"[31m
            [36m>[31m
              [0moffline[0m
            [36m</span>[31m
          [36m</a>[31m
          [36m<nav[31m
            [33mclass[31m=[32m"hidden items-center gap-4 md:flex"[31m
          [36m>[31m
            [36m<div[31m
              [33mclass[31m=[32m"flex items-center text-sm text-muted-foreground"[31m
            [36m>[31m
              [36m<div[31m
                [33mclass[31m=[32m"flex items-center"[31m
              [36m>[31m
                [36m<a[31m
                  [33mclass[31m=[32m"transition-colors hover:text-foreground"[31m
                  [33mhref[31m=[32m"/sirketler"[31m
                [36m>[31m
                  [0mAra[0m
                [36m</a>[31m
              [36m</div>[31m
              [36m<div[31m
                [33mclass[31m=[32m"flex items-center"[31m
              [36m>[31m
                [36m<span[31m
                  [33mclass[31m=[32m"px-2 text-border"[31m
                [36m>[31m
                  [0m|[0m
                [36m</span>[31m
                [36m<a[31m
                  [33mclass[31m=[32m"transition-colors hover:text-foreground"[31m
                  [33mhref[31m=[32m"/sirket-oner"[31m
                [36m>[31m
                  [0m├ûner[0m
                [36m</a>[31m
              [36m</div>[31m
              [36m<div[31m
                [33mclass[31m=[32m"flex items-center"[31m
              [36m>[31m
                [36m<span[31m
                  [33mclass[31m=[32m"px-2 text-border"[31m
                [36m>[31m
                  [0m|[0m
                [36m</span>[31m
                [36m<a[31m
                  [33mclass[31m=[32m"transition-colors hover:text-foreground"[31m
                  [33mhref[31m=[32m"/sirketler"[31m
                [36m>[31m
                  [0mDe─ƒerlendir[0m
                [36m</a>[31m
              [36m</div>[31m
              [36m<div[31m
                [33mclass[31m=[32m"flex items-center"[31m
              [36m>[31m
                [36m<span[31m
                  [33mclass[31m=[32m"px-2 text-border"[31m
                [36m>[31m
                  [0m|[0m
                [36m</span>[31m
                [36m<a[31m
                  [33mclass[31m=[32m"transition-colors hover:text-foreground"[31m
                  [33mhref[31m=[32m"/sirketler"[31m
                [36m>[31m
                  [0mM├╝lakat[0m
                [36m</a>[31m
              [36m</div>[31m
              [36m<div[31m
                [33mclass[31m=[32m"flex items-center"[31m
              [36m>[31m
                [36m<span[31m
                  [33mclass[31m=[32m"px-2 text-border"[31m
                [36m>[31m
                  [0m|[0m
                [36m</span>[31m
                [36m<a[31m
                  [33mclass[31m=[32m"transition-colors hover:text-foreground"[31m
                  [33mhref[31m=[32m"/sirketler"[31m
                [36m>[31m
                  [0mMaa┼ƒ[0m
                [36m</a>[31m
              [36m</div>[31m
              [36m<div[31m
                [33mclass[31m=[32m"flex items-center"[31m
              [36m>[31m
                [36m<span[31m
                  [33mclass[31m=[32m"px-2 text-border"[31m
                [36m>[31m
                  [0m|[0m
                [36m</span>[31m
                [36m<a[31m
                  [33mclass[31m=[32m"transition-colors hover:text-foreground"[31m
                  [33mhref[31m=[32m"/giris"[31m
                [36m>[31m
                  [0m├£ye Ol[0m
                [36m</a>[31m
              [36m</div>[31m
            [36m</div>[31m
            [36m<a[31m
              [33mclass[31m=[32m"inline-flex items-center justify-center gap-2 whitespace-nowrap text-sm font-medium ring-offset-background transition-colors focus-visible:outline-none focus-visible:ring-2 focus-visible:ring-ring focus-visible:ring-offset-2 disabled:pointer-events-none disabled:opacity-50 [&_svg]:pointer-events-none [&_svg]:size-4 [&_svg]:shrink-0 bg-primary text-primary-foreground hover:bg-primary/90 h-9 rounded-md px-3"[31m
              [33mhref...

Ignored nodes: comments, script, style
[36m<html>[31m
  [36m<head />[31m
  [36m<body>[31m
    [36m<div>[31m
      [36m<div[31m
        [33mclass[31m=[32m"flex min-h-screen flex-col bg-background"[31m
      [36m>[31m
        [36m<div[31m
          [33maria-hidden[31m=[32m"true"[31m
          [33mclass[31m=[32m"h-9"[31m
        [36m/>[31m
        [36m<div[31m
          [33mclass[31m=[32m"fixed inset-x-0 top-0 z-[60] bg-orange-500 px-3 py-2 text-center text-sm font-semibold text-white"[31m
        [36m>[31m
          [36m<div[31m
            [33mclass[31m=[32m"mx-auto flex max-w-6xl items-center justify-center"[31m
          [36m>[31m
            [36m<p>[31m
              [0mfirmascope test yayininda! devami cok yakinda![0m
            [36m</p>[31m
            [36m<button[31m
              [33maria-label[31m=[32m"Test bannerini kapat"[31m
              [33mclass[31m=[32m"absolute right-3 rounded p-1 text-white/90 transition hover:bg-white/20 hover:text-white"[31m
              [33mtype[31m=[32m"button"[31m
            [36m>[31m
              [36m<svg[31m
                [33mclass[31m=[32m"lucide lucide-x h-4 w-4"[31m
                [33mfill[31m=[32m"none"[31m
                [33mheight[31m=[32m"24"[31m
                [33mstroke[31m=[32m"currentColor"[31m
                [33mstroke-linecap[31m=[32m"round"[31m
                [33mstroke-linejoin[31m=[32m"round"[31m
                [33mstroke-width[31m=[32m"2"[31m
                [33mviewBox[31m=[32m"0 0 24 24"[31m
                [33mwidth[31m=[32m"24"[31m
                [33mxmlns[31m=[32m"http://www.w3.org/2000/svg"[31m
              [36m>[31m
                [36m<path[31m
                  [33md[31m=[32m"M18 6 6 18"[31m
                [36m/>[31m
                [36m<path[31m
                  [33md[31m=[32m"m6 6 12 12"[31m
                [36m/>[31m
              [36m</svg>[31m
            [36m</button>[31m
          [36m</div>[31m
        [36m</div>[31m
        [36m<header[31m
          [33mclass[31m=[32m"sticky top-0 z-50 border-b border-border bg-background/95 backdrop-blur supports-[backdrop-filter]:bg-background/60"[31m
        [36m>[31m
          [36m<div[31m
            [33mclass[31m=[32m"container mx-auto flex h-14 items-center justify-between px-4"[31m
          [36m>[31m
            [36m<a[31m
              [33mclass[31m=[32m"flex flex-col leading-tight"[31m
              [33mhref[31m=[32m"/"[31m
            [36m>[31m
              [36m<span[31m
                [33mclass[31m=[32m"font-display text-lg font-bold text-foreground"[31m
              [36m>[31m
                [0mfirmascope[0m
              [36m</span>[31m
              [36m<span[31m
                [33mclass[31m=[32m"text-xs font-medium text-muted-foreground"[31m
              [36m>[31m
                [0moffline[0m
              [36m</span>[31m
            [36m</a>[31m
            [36m<nav[31m
              [33mclass[31m=[32m"hidden items-center gap-4 md:flex"[31m
            [36m>[31m
              [36m<div[31m
                [33mclass[31m=[32m"flex items-center text-sm text-muted-foreground"[31m
              [36m>[31m
                [36m<div[31m
                  [33mclass[31m=[32m"flex items-center"[31m
                [36m>[31m
                  [36m<a[31m
                    [33mclass[31m=[32m"transition-colors hover:text-foreground"[31m
                    [33mhref[31m=[32m"/sirketler"[31m
                  [36m>[31m
                    [0mAra[0m
                  [36m</a>[31m
                [36m</div>[31m
                [36m<div[31m
                  [33mclass[31m=[32m"flex items-center"[31m
                [36m>[31m
                  [36m<span[31m
                    [33mclass[31m=[32m"px-2 text-border"[31m
                  [36m>[31m
                    [0m|[0m
                  [36m</span>[31m
                  [36m<a[31m
                    [33mclass[31m=[32m"transition-colors hover:text-foreground"[31m
                    [33mhref[31m=[32m"/sirket-oner"[31m
                  [36m>[31m
                    [0m├ûner[0m
                  [36m</a>[31m
                [36m</div>[31m
                [36m<div[31m
                  [33mclass[31m=[32m"flex items-center"[31m
                [36m>[31m
                  [36m<span[31m
                    [33mclass[31m=[32m"px-2 text-border"[31m
                  [36m>[31m
                    [0m|[0m
                  [36m</span>[31m
                  [36m<a[31m
                    [33mclass[31m=[32m"transition-colors hover:text-foreground"[31m
                    [33mhref[31m=[32m"/sirketler"[31m
                  [36m>[31m
                    [0mDe─ƒerlendir[0m
                  [36m</a>[31m
                [36m</div>[31m
                [36m<div[31m
                  [33mclass[31m=[32m"flex items-center"[31m
                [36m>[31m
                  [36m<span[31m
                    [33mclass[31m=[32m"px-2 text-border"[31m
                  [36m>[31m
                    [0m|[0m
                  [36m</span>[31m
                  [36m<a[31m
                    [33mclass[31m=[32m"transition-colors hover:text-foreground"[31m
                    [33mhref[31m=[32m"/sirketler"[31m
                  [36m>[31m
                    [0mM├╝lakat[0m
                  [36m</a>[31m
                [36m</div>[31m
                [36m<div[31m
                  [33mclass[31m=[32m"flex items-center"[31m
                [36m>[31m
                  [36m<span[31m
                    [33mclass[31m=[32m"px-2 text-border"[31m
                  [36m>[31m
                    [0m|[0m
                  [36m</span>[31m
                  [36m<a[31m
                    [33mclass[31m=[32m"transition-colors hover:text-foreground"[31m
                    [33mhref[31m=[32m"/sirketler"[31m
                  [36m>[31m
                    [0mMaa┼ƒ[0m
                  [36m</a>[31m
                [36m</div>[31m
                [36m<div[31m
                  [33mclass[31m=[32m"flex items-center"[31m
                [36m>[31m
                  [36m<span[31m
                    [33mclass[31m=[32m"px-2 text-border"[31m
                  [36m>[31m
                    [0m|[0m
                  [36m</span>[31m
                  [36m<a[31m
                    [33mclass[31m=[32m"transition-colors hover:text-foreground"[31m
                    [33mhref[31m=[32m"/giris"[31m
                  [36m>[31m
                    [0m├£ye Ol[0m
                  [36m</a>[31m
                [36m</div>[31m
              [36m</div>[31m
              [36m<a[31m
                [33mclass[31m=[32m"inline-flex items-center justify-center gap-2 whitespace-nowrap text-sm font-med...[39m
 [31m├ù[39m src/hooks/__tests__/useAuth.test.tsx[2m > [22museAuth[2m > [22msets user and session from getSession when session exists[33m 5015[2mms[22m[39m
[31m   ΓåÆ Test timed out in 5000ms.
If this is a long-running test, pass a timeout value as the last argument or configure it globally with "testTimeout".[39m
 [31m├ù[39m src/pages/__tests__/Auth.test.tsx[2m > [22mAuth Page[2m > [22mSignup[2m > [22mshows error for already registered email[33m 1705[2mms[22m[39m
[31m   ΓåÆ Unable to find an element with the text: Bu e-posta adresi zaten kay─▒tl─▒.. This could be because the text is broken up by multiple elements. In this case, you can provide a function for your text matcher to make your matcher more flexible.

Ignored nodes: comments, script, style
[36m<body>[31m
  [36m<div>[31m
    [36m<div[31m
      [33mclass[31m=[32m"flex min-h-screen flex-col bg-background"[31m
    [36m>[31m
      [36m<div[31m
        [33maria-hidden[31m=[32m"true"[31m
        [33mclass[31m=[32m"h-9"[31m
      [36m/>[31m
      [36m<div[31m
        [33mclass[31m=[32m"fixed inset-x-0 top-0 z-[60] bg-orange-500 px-3 py-2 text-center text-sm font-semibold text-white"[31m
      [36m>[31m
        [36m<div[31m
          [33mclass[31m=[32m"mx-auto flex max-w-6xl items-center justify-center"[31m
        [36m>[31m
          [36m<p>[31m
            [0mfirmascope test yayininda! devami cok yakinda![0m
          [36m</p>[31m
          [36m<button[31m
            [33maria-label[31m=[32m"Test bannerini kapat"[31m
            [33mclass[31m=[32m"absolute right-3 rounded p-1 text-white/90 transition hover:bg-white/20 hover:text-white"[31m
            [33mtype[31m=[32m"button"[31m
          [36m>[31m
            [36m<svg[31m
              [33mclass[31m=[32m"lucide lucide-x h-4 w-4"[31m
              [33mfill[31m=[32m"none"[31m
              [33mheight[31m=[32m"24"[31m
              [33mstroke[31m=[32m"currentColor"[31m
              [33mstroke-linecap[31m=[32m"round"[31m
              [33mstroke-linejoin[31m=[32m"round"[31m
              [33mstroke-width[31m=[32m"2"[31m
              [33mviewBox[31m=[32m"0 0 24 24"[31m
              [33mwidth[31m=[32m"24"[31m
              [33mxmlns[31m=[32m"http://www.w3.org/2000/svg"[31m
            [36m>[31m
              [36m<path[31m
                [33md[31m=[32m"M18 6 6 18"[31m
              [36m/>[31m
              [36m<path[31m
                [33md[31m=[32m"m6 6 12 12"[31m
              [36m/>[31m
            [36m</svg>[31m
          [36m</button>[31m
        [36m</div>[31m
      [36m</div>[31m
      [36m<header[31m
        [33mclass[31m=[32m"sticky top-0 z-50 border-b border-border bg-background/95 backdrop-blur supports-[backdrop-filter]:bg-background/60"[31m
      [36m>[31m
        [36m<div[31m
          [33mclass[31m=[32m"container mx-auto flex h-14 items-center justify-between px-4"[31m
        [36m>[31m
          [36m<a[31m
            [33mclass[31m=[32m"flex flex-col leading-tight"[31m
            [33mhref[31m=[32m"/"[31m
          [36m>[31m
            [36m<span[31m
              [33mclass[31m=[32m"font-display text-lg font-bold text-foreground"[31m
            [36m>[31m
              [0mfirmascope[0m
            [36m</span>[31m
            [36m<span[31m
              [33mclass[31m=[32m"text-xs font-medium text-muted-foreground"[31m
            [36m>[31m
              [0moffline[0m
            [36m</span>[31m
          [36m</a>[31m
          [36m<nav[31m
            [33mclass[31m=[32m"hidden items-center gap-4 md:flex"[31m
          [36m>[31m
            [36m<div[31m
              [33mclass[31m=[32m"flex items-center text-sm text-muted-foreground"[31m
            [36m>[31m
              [36m<div[31m
                [33mclass[31m=[32m"flex items-center"[31m
              [36m>[31m
                [36m<a[31m
                  [33mclass[31m=[32m"transition-colors hover:text-foreground"[31m
                  [33mhref[31m=[32m"/sirketler"[31m
                [36m>[31m
                  [0mAra[0m
                [36m</a>[31m
              [36m</div>[31m
              [36m<div[31m
                [33mclass[31m=[32m"flex items-center"[31m
              [36m>[31m
                [36m<span[31m
                  [33mclass[31m=[32m"px-2 text-border"[31m
                [36m>[31m
                  [0m|[0m
                [36m</span>[31m
                [36m<a[31m
                  [33mclass[31m=[32m"transition-colors hover:text-foreground"[31m
                  [33mhref[31m=[32m"/sirket-oner"[31m
                [36m>[31m
                  [0m├ûner[0m
                [36m</a>[31m
              [36m</div>[31m
              [36m<div[31m
                [33mclass[31m=[32m"flex items-center"[31m
              [36m>[31m
                [36m<span[31m
                  [33mclass[31m=[32m"px-2 text-border"[31m
                [36m>[31m
                  [0m|[0m
                [36m</span>[31m
                [36m<a[31m
                  [33mclass[31m=[32m"transition-colors hover:text-foreground"[31m
                  [33mhref[31m=[32m"/sirketler"[31m
                [36m>[31m
                  [0mDe─ƒerlendir[0m
                [36m</a>[31m
              [36m</div>[31m
              [36m<div[31m
                [33mclass[31m=[32m"flex items-center"[31m
              [36m>[31m
                [36m<span[31m
                  [33mclass[31m=[32m"px-2 text-border"[31m
                [36m>[31m
                  [0m|[0m
                [36m</span>[31m
                [36m<a[31m
                  [33mclass[31m=[32m"transition-colors hover:text-foreground"[31m
                  [33mhref[31m=[32m"/sirketler"[31m
                [36m>[31m
                  [0mM├╝lakat[0m
                [36m</a>[31m
              [36m</div>[31m
              [36m<div[31m
                [33mclass[31m=[32m"flex items-center"[31m
              [36m>[31m
                [36m<span[31m
                  [33mclass[31m=[32m"px-2 text-border"[31m
                [36m>[31m
                  [0m|[0m
                [36m</span>[31m
                [36m<a[31m
                  [33mclass[31m=[32m"transition-colors hover:text-foreground"[31m
                  [33mhref[31m=[32m"/sirketler"[31m
                [36m>[31m
                  [0mMaa┼ƒ[0m
                [36m</a>[31m
              [36m</div>[31m
              [36m<div[31m
                [33mclass[31m=[32m"flex items-center"[31m
              [36m>[31m
                [36m<span[31m
                  [33mclass[31m=[32m"px-2 text-border"[31m
                [36m>[31m
                  [0m|[0m
                [36m</span>[31m
                [36m<a[31m
                  [33mclass[31m=[32m"transition-colors hover:text-foreground"[31m
                  [33mhref[31m=[32m"/giris"[31m
                [36m>[31m
                  [0m├£ye Ol[0m
                [36m</a>[31m
              [36m</div>[31m
            [36m</div>[31m
            [36m<a[31m
              [33mclass[31m=[32m"inline-flex items-center justify-center gap-2 whitespace-nowrap text-sm font-medium ring-offset-background transition-colors focus-visible:outline-none focus-visible:ring-2 focus-visible:ring-ring focus-visible:ring-offset-2 disabled:pointer-events-none disabled:opacity-50 [&_svg]:pointer-events-none [&_svg]:size-4 [&_svg]:shrink-0 bg-primary text-primary-foreground hover:bg-primary/90 h-9 rounded-md px-3"[31m
              [33mhref...

Ignored nodes: comments, script, style
[36m<html>[31m
  [36m<head />[31m
  [36m<body>[31m
    [36m<div>[31m
      [36m<div[31m
        [33mclass[31m=[32m"flex min-h-screen flex-col bg-background"[31m
      [36m>[31m
        [36m<div[31m
          [33maria-hidden[31m=[32m"true"[31m
          [33mclass[31m=[32m"h-9"[31m
        [36m/>[31m
        [36m<div[31m
          [33mclass[31m=[32m"fixed inset-x-0 top-0 z-[60] bg-orange-500 px-3 py-2 text-center text-sm font-semibold text-white"[31m
        [36m>[31m
          [36m<div[31m
            [33mclass[31m=[32m"mx-auto flex max-w-6xl items-center justify-center"[31m
          [36m>[31m
            [36m<p>[31m
              [0mfirmascope test yayininda! devami cok yakinda![0m
            [36m</p>[31m
            [36m<button[31m
              [33maria-label[31m=[32m"Test bannerini kapat"[31m
              [33mclass[31m=[32m"absolute right-3 rounded p-1 text-white/90 transition hover:bg-white/20 hover:text-white"[31m
              [33mtype[31m=[32m"button"[31m
            [36m>[31m
              [36m<svg[31m
                [33mclass[31m=[32m"lucide lucide-x h-4 w-4"[31m
                [33mfill[31m=[32m"none"[31m
                [33mheight[31m=[32m"24"[31m
                [33mstroke[31m=[32m"currentColor"[31m
                [33mstroke-linecap[31m=[32m"round"[31m
                [33mstroke-linejoin[31m=[32m"round"[31m
                [33mstroke-width[31m=[32m"2"[31m
                [33mviewBox[31m=[32m"0 0 24 24"[31m
                [33mwidth[31m=[32m"24"[31m
                [33mxmlns[31m=[32m"http://www.w3.org/2000/svg"[31m
              [36m>[31m
                [36m<path[31m
                  [33md[31m=[32m"M18 6 6 18"[31m
                [36m/>[31m
                [36m<path[31m
                  [33md[31m=[32m"m6 6 12 12"[31m
                [36m/>[31m
              [36m</svg>[31m
            [36m</button>[31m
          [36m</div>[31m
        [36m</div>[31m
        [36m<header[31m
          [33mclass[31m=[32m"sticky top-0 z-50 border-b border-border bg-background/95 backdrop-blur supports-[backdrop-filter]:bg-background/60"[31m
        [36m>[31m
          [36m<div[31m
            [33mclass[31m=[32m"container mx-auto flex h-14 items-center justify-between px-4"[31m
          [36m>[31m
            [36m<a[31m
              [33mclass[31m=[32m"flex flex-col leading-tight"[31m
              [33mhref[31m=[32m"/"[31m
            [36m>[31m
              [36m<span[31m
                [33mclass[31m=[32m"font-display text-lg font-bold text-foreground"[31m
              [36m>[31m
                [0mfirmascope[0m
              [36m</span>[31m
              [36m<span[31m
                [33mclass[31m=[32m"text-xs font-medium text-muted-foreground"[31m
              [36m>[31m
                [0moffline[0m
              [36m</span>[31m
            [36m</a>[31m
            [36m<nav[31m
              [33mclass[31m=[32m"hidden items-center gap-4 md:flex"[31m
            [36m>[31m
              [36m<div[31m
                [33mclass[31m=[32m"flex items-center text-sm text-muted-foreground"[31m
              [36m>[31m
                [36m<div[31m
                  [33mclass[31m=[32m"flex items-center"[31m
                [36m>[31m
                  [36m<a[31m
                    [33mclass[31m=[32m"transition-colors hover:text-foreground"[31m
                    [33mhref[31m=[32m"/sirketler"[31m
                  [36m>[31m
                    [0mAra[0m
                  [36m</a>[31m
                [36m</div>[31m
                [36m<div[31m
                  [33mclass[31m=[32m"flex items-center"[31m
                [36m>[31m
                  [36m<span[31m
                    [33mclass[31m=[32m"px-2 text-border"[31m
                  [36m>[31m
                    [0m|[0m
                  [36m</span>[31m
                  [36m<a[31m
                    [33mclass[31m=[32m"transition-colors hover:text-foreground"[31m
                    [33mhref[31m=[32m"/sirket-oner"[31m
                  [36m>[31m
                    [0m├ûner[0m
                  [36m</a>[31m
                [36m</div>[31m
                [36m<div[31m
                  [33mclass[31m=[32m"flex items-center"[31m
                [36m>[31m
                  [36m<span[31m
                    [33mclass[31m=[32m"px-2 text-border"[31m
                  [36m>[31m
                    [0m|[0m
                  [36m</span>[31m
                  [36m<a[31m
                    [33mclass[31m=[32m"transition-colors hover:text-foreground"[31m
                    [33mhref[31m=[32m"/sirketler"[31m
                  [36m>[31m
                    [0mDe─ƒerlendir[0m
                  [36m</a>[31m
                [36m</div>[31m
                [36m<div[31m
                  [33mclass[31m=[32m"flex items-center"[31m
                [36m>[31m
                  [36m<span[31m
                    [33mclass[31m=[32m"px-2 text-border"[31m
                  [36m>[31m
                    [0m|[0m
                  [36m</span>[31m
                  [36m<a[31m
                    [33mclass[31m=[32m"transition-colors hover:text-foreground"[31m
                    [33mhref[31m=[32m"/sirketler"[31m
                  [36m>[31m
                    [0mM├╝lakat[0m
                  [36m</a>[31m
                [36m</div>[31m
                [36m<div[31m
                  [33mclass[31m=[32m"flex items-center"[31m
                [36m>[31m
                  [36m<span[31m
                    [33mclass[31m=[32m"px-2 text-border"[31m
                  [36m>[31m
                    [0m|[0m
                  [36m</span>[31m
                  [36m<a[31m
                    [33mclass[31m=[32m"transition-colors hover:text-foreground"[31m
                    [33mhref[31m=[32m"/sirketler"[31m
                  [36m>[31m
                    [0mMaa┼ƒ[0m
                  [36m</a>[31m
                [36m</div>[31m
                [36m<div[31m
                  [33mclass[31m=[32m"flex items-center"[31m
                [36m>[31m
                  [36m<span[31m
                    [33mclass[31m=[32m"px-2 text-border"[31m
                  [36m>[31m
                    [0m|[0m
                  [36m</span>[31m
                  [36m<a[31m
                    [33mclass[31m=[32m"transition-colors hover:text-foreground"[31m
                    [33mhref[31m=[32m"/giris"[31m
                  [36m>[31m
                    [0m├£ye Ol[0m
                  [36m</a>[31m
                [36m</div>[31m
              [36m</div>[31m
              [36m<a[31m
                [33mclass[31m=[32m"inline-flex items-center justify-center gap-2 whitespace-nowrap text-sm font-med...[39m
 [32mΓ£ô[39m src/pages/__tests__/Auth.test.tsx[2m > [22mAuth Page[2m > [22mGoogle OAuth[2m > [22mcalls signInWithOAuth with google provider[32m 58[2mms[22m[39m
 [31m├ù[39m src/pages/__tests__/Auth.test.tsx[2m > [22mAuth Page[2m > [22mGoogle OAuth[2m > [22mshows error toast on Google OAuth failure[33m 1052[2mms[22m[39m
[31m   ΓåÆ Unable to find an element with the text: OAuth failed. This could be because the text is broken up by multiple elements. In this case, you can provide a function for your text matcher to make your matcher more flexible.

Ignored nodes: comments, script, style
[36m<body>[31m
  [36m<div>[31m
    [36m<div[31m
      [33mclass[31m=[32m"flex min-h-screen flex-col bg-background"[31m
    [36m>[31m
      [36m<div[31m
        [33maria-hidden[31m=[32m"true"[31m
        [33mclass[31m=[32m"h-9"[31m
      [36m/>[31m
      [36m<div[31m
        [33mclass[31m=[32m"fixed inset-x-0 top-0 z-[60] bg-orange-500 px-3 py-2 text-center text-sm font-semibold text-white"[31m
      [36m>[31m
        [36m<div[31m
          [33mclass[31m=[32m"mx-auto flex max-w-6xl items-center justify-center"[31m
        [36m>[31m
          [36m<p>[31m
            [0mfirmascope test yayininda! devami cok yakinda![0m
          [36m</p>[31m
          [36m<button[31m
            [33maria-label[31m=[32m"Test bannerini kapat"[31m
            [33mclass[31m=[32m"absolute right-3 rounded p-1 text-white/90 transition hover:bg-white/20 hover:text-white"[31m
            [33mtype[31m=[32m"button"[31m
          [36m>[31m
            [36m<svg[31m
              [33mclass[31m=[32m"lucide lucide-x h-4 w-4"[31m
              [33mfill[31m=[32m"none"[31m
              [33mheight[31m=[32m"24"[31m
              [33mstroke[31m=[32m"currentColor"[31m
              [33mstroke-linecap[31m=[32m"round"[31m
              [33mstroke-linejoin[31m=[32m"round"[31m
              [33mstroke-width[31m=[32m"2"[31m
              [33mviewBox[31m=[32m"0 0 24 24"[31m
              [33mwidth[31m=[32m"24"[31m
              [33mxmlns[31m=[32m"http://www.w3.org/2000/svg"[31m
            [36m>[31m
              [36m<path[31m
                [33md[31m=[32m"M18 6 6 18"[31m
              [36m/>[31m
              [36m<path[31m
                [33md[31m=[32m"m6 6 12 12"[31m
              [36m/>[31m
            [36m</svg>[31m
          [36m</button>[31m
        [36m</div>[31m
      [36m</div>[31m
      [36m<header[31m
        [33mclass[31m=[32m"sticky top-0 z-50 border-b border-border bg-background/95 backdrop-blur supports-[backdrop-filter]:bg-background/60"[31m
      [36m>[31m
        [36m<div[31m
          [33mclass[31m=[32m"container mx-auto flex h-14 items-center justify-between px-4"[31m
        [36m>[31m
          [36m<a[31m
            [33mclass[31m=[32m"flex flex-col leading-tight"[31m
            [33mhref[31m=[32m"/"[31m
          [36m>[31m
            [36m<span[31m
              [33mclass[31m=[32m"font-display text-lg font-bold text-foreground"[31m
            [36m>[31m
              [0mfirmascope[0m
            [36m</span>[31m
            [36m<span[31m
              [33mclass[31m=[32m"text-xs font-medium text-muted-foreground"[31m
            [36m>[31m
              [0moffline[0m
            [36m</span>[31m
          [36m</a>[31m
          [36m<nav[31m
            [33mclass[31m=[32m"hidden items-center gap-4 md:flex"[31m
          [36m>[31m
            [36m<div[31m
              [33mclass[31m=[32m"flex items-center text-sm text-muted-foreground"[31m
            [36m>[31m
              [36m<div[31m
                [33mclass[31m=[32m"flex items-center"[31m
              [36m>[31m
                [36m<a[31m
                  [33mclass[31m=[32m"transition-colors hover:text-foreground"[31m
                  [33mhref[31m=[32m"/sirketler"[31m
                [36m>[31m
                  [0mAra[0m
                [36m</a>[31m
              [36m</div>[31m
              [36m<div[31m
                [33mclass[31m=[32m"flex items-center"[31m
              [36m>[31m
                [36m<span[31m
                  [33mclass[31m=[32m"px-2 text-border"[31m
                [36m>[31m
                  [0m|[0m
                [36m</span>[31m
                [36m<a[31m
                  [33mclass[31m=[32m"transition-colors hover:text-foreground"[31m
                  [33mhref[31m=[32m"/sirket-oner"[31m
                [36m>[31m
                  [0m├ûner[0m
                [36m</a>[31m
              [36m</div>[31m
              [36m<div[31m
                [33mclass[31m=[32m"flex items-center"[31m
              [36m>[31m
                [36m<span[31m
                  [33mclass[31m=[32m"px-2 text-border"[31m
                [36m>[31m
                  [0m|[0m
                [36m</span>[31m
                [36m<a[31m
                  [33mclass[31m=[32m"transition-colors hover:text-foreground"[31m
                  [33mhref[31m=[32m"/sirketler"[31m
                [36m>[31m
                  [0mDe─ƒerlendir[0m
                [36m</a>[31m
              [36m</div>[31m
              [36m<div[31m
                [33mclass[31m=[32m"flex items-center"[31m
              [36m>[31m
                [36m<span[31m
                  [33mclass[31m=[32m"px-2 text-border"[31m
                [36m>[31m
                  [0m|[0m
                [36m</span>[31m
                [36m<a[31m
                  [33mclass[31m=[32m"transition-colors hover:text-foreground"[31m
                  [33mhref[31m=[32m"/sirketler"[31m
                [36m>[31m
                  [0mM├╝lakat[0m
                [36m</a>[31m
              [36m</div>[31m
              [36m<div[31m
                [33mclass[31m=[32m"flex items-center"[31m
              [36m>[31m
                [36m<span[31m
                  [33mclass[31m=[32m"px-2 text-border"[31m
                [36m>[31m
                  [0m|[0m
                [36m</span>[31m
                [36m<a[31m
                  [33mclass[31m=[32m"transition-colors hover:text-foreground"[31m
                  [33mhref[31m=[32m"/sirketler"[31m
                [36m>[31m
                  [0mMaa┼ƒ[0m
                [36m</a>[31m
              [36m</div>[31m
              [36m<div[31m
                [33mclass[31m=[32m"flex items-center"[31m
              [36m>[31m
                [36m<span[31m
                  [33mclass[31m=[32m"px-2 text-border"[31m
                [36m>[31m
                  [0m|[0m
                [36m</span>[31m
                [36m<a[31m
                  [33mclass[31m=[32m"transition-colors hover:text-foreground"[31m
                  [33mhref[31m=[32m"/giris"[31m
                [36m>[31m
                  [0m├£ye Ol[0m
                [36m</a>[31m
              [36m</div>[31m
            [36m</div>[31m
            [36m<a[31m
              [33mclass[31m=[32m"inline-flex items-center justify-center gap-2 whitespace-nowrap text-sm font-medium ring-offset-background transition-colors focus-visible:outline-none focus-visible:ring-2 focus-visible:ring-ring focus-visible:ring-offset-2 disabled:pointer-events-none disabled:opacity-50 [&_svg]:pointer-events-none [&_svg]:size-4 [&_svg]:shrink-0 bg-primary text-primary-foreground hover:bg-primary/90 h-9 rounded-md px-3"[31m
              [33mhref...

Ignored nodes: comments, script, style
[36m<html>[31m
  [36m<head />[31m
  [36m<body>[31m
    [36m<div>[31m
      [36m<div[31m
        [33mclass[31m=[32m"flex min-h-screen flex-col bg-background"[31m
      [36m>[31m
        [36m<div[31m
          [33maria-hidden[31m=[32m"true"[31m
          [33mclass[31m=[32m"h-9"[31m
        [36m/>[31m
        [36m<div[31m
          [33mclass[31m=[32m"fixed inset-x-0 top-0 z-[60] bg-orange-500 px-3 py-2 text-center text-sm font-semibold text-white"[31m
        [36m>[31m
          [36m<div[31m
            [33mclass[31m=[32m"mx-auto flex max-w-6xl items-center justify-center"[31m
          [36m>[31m
            [36m<p>[31m
              [0mfirmascope test yayininda! devami cok yakinda![0m
            [36m</p>[31m
            [36m<button[31m
              [33maria-label[31m=[32m"Test bannerini kapat"[31m
              [33mclass[31m=[32m"absolute right-3 rounded p-1 text-white/90 transition hover:bg-white/20 hover:text-white"[31m
              [33mtype[31m=[32m"button"[31m
            [36m>[31m
              [36m<svg[31m
                [33mclass[31m=[32m"lucide lucide-x h-4 w-4"[31m
                [33mfill[31m=[32m"none"[31m
                [33mheight[31m=[32m"24"[31m
                [33mstroke[31m=[32m"currentColor"[31m
                [33mstroke-linecap[31m=[32m"round"[31m
                [33mstroke-linejoin[31m=[32m"round"[31m
                [33mstroke-width[31m=[32m"2"[31m
                [33mviewBox[31m=[32m"0 0 24 24"[31m
                [33mwidth[31m=[32m"24"[31m
                [33mxmlns[31m=[32m"http://www.w3.org/2000/svg"[31m
              [36m>[31m
                [36m<path[31m
                  [33md[31m=[32m"M18 6 6 18"[31m
                [36m/>[31m
                [36m<path[31m
                  [33md[31m=[32m"m6 6 12 12"[31m
                [36m/>[31m
              [36m</svg>[31m
            [36m</button>[31m
          [36m</div>[31m
        [36m</div>[31m
        [36m<header[31m
          [33mclass[31m=[32m"sticky top-0 z-50 border-b border-border bg-background/95 backdrop-blur supports-[backdrop-filter]:bg-background/60"[31m
        [36m>[31m
          [36m<div[31m
            [33mclass[31m=[32m"container mx-auto flex h-14 items-center justify-between px-4"[31m
          [36m>[31m
            [36m<a[31m
              [33mclass[31m=[32m"flex flex-col leading-tight"[31m
              [33mhref[31m=[32m"/"[31m
            [36m>[31m
              [36m<span[31m
                [33mclass[31m=[32m"font-display text-lg font-bold text-foreground"[31m
              [36m>[31m
                [0mfirmascope[0m
              [36m</span>[31m
              [36m<span[31m
                [33mclass[31m=[32m"text-xs font-medium text-muted-foreground"[31m
              [36m>[31m
                [0moffline[0m
              [36m</span>[31m
            [36m</a>[31m
            [36m<nav[31m
              [33mclass[31m=[32m"hidden items-center gap-4 md:flex"[31m
            [36m>[31m
              [36m<div[31m
                [33mclass[31m=[32m"flex items-center text-sm text-muted-foreground"[31m
              [36m>[31m
                [36m<div[31m
                  [33mclass[31m=[32m"flex items-center"[31m
                [36m>[31m
                  [36m<a[31m
                    [33mclass[31m=[32m"transition-colors hover:text-foreground"[31m
                    [33mhref[31m=[32m"/sirketler"[31m
                  [36m>[31m
                    [0mAra[0m
                  [36m</a>[31m
                [36m</div>[31m
                [36m<div[31m
                  [33mclass[31m=[32m"flex items-center"[31m
                [36m>[31m
                  [36m<span[31m
                    [33mclass[31m=[32m"px-2 text-border"[31m
                  [36m>[31m
                    [0m|[0m
                  [36m</span>[31m
                  [36m<a[31m
                    [33mclass[31m=[32m"transition-colors hover:text-foreground"[31m
                    [33mhref[31m=[32m"/sirket-oner"[31m
                  [36m>[31m
                    [0m├ûner[0m
                  [36m</a>[31m
                [36m</div>[31m
                [36m<div[31m
                  [33mclass[31m=[32m"flex items-center"[31m
                [36m>[31m
                  [36m<span[31m
                    [33mclass[31m=[32m"px-2 text-border"[31m
                  [36m>[31m
                    [0m|[0m
                  [36m</span>[31m
                  [36m<a[31m
                    [33mclass[31m=[32m"transition-colors hover:text-foreground"[31m
                    [33mhref[31m=[32m"/sirketler"[31m
                  [36m>[31m
                    [0mDe─ƒerlendir[0m
                  [36m</a>[31m
                [36m</div>[31m
                [36m<div[31m
                  [33mclass[31m=[32m"flex items-center"[31m
                [36m>[31m
                  [36m<span[31m
                    [33mclass[31m=[32m"px-2 text-border"[31m
                  [36m>[31m
                    [0m|[0m
                  [36m</span>[31m
                  [36m<a[31m
                    [33mclass[31m=[32m"transition-colors hover:text-foreground"[31m
                    [33mhref[31m=[32m"/sirketler"[31m
                  [36m>[31m
                    [0mM├╝lakat[0m
                  [36m</a>[31m
                [36m</div>[31m
                [36m<div[31m
                  [33mclass[31m=[32m"flex items-center"[31m
                [36m>[31m
                  [36m<span[31m
                    [33mclass[31m=[32m"px-2 text-border"[31m
                  [36m>[31m
                    [0m|[0m
                  [36m</span>[31m
                  [36m<a[31m
                    [33mclass[31m=[32m"transition-colors hover:text-foreground"[31m
                    [33mhref[31m=[32m"/sirketler"[31m
                  [36m>[31m
                    [0mMaa┼ƒ[0m
                  [36m</a>[31m
                [36m</div>[31m
                [36m<div[31m
                  [33mclass[31m=[32m"flex items-center"[31m
                [36m>[31m
                  [36m<span[31m
                    [33mclass[31m=[32m"px-2 text-border"[31m
                  [36m>[31m
                    [0m|[0m
                  [36m</span>[31m
                  [36m<a[31m
                    [33mclass[31m=[32m"transition-colors hover:text-foreground"[31m
                    [33mhref[31m=[32m"/giris"[31m
                  [36m>[31m
                    [0m├£ye Ol[0m
                  [36m</a>[31m
                [36m</div>[31m
              [36m</div>[31m
              [36m<a[31m
                [33mclass[31m=[32m"inline-flex items-center justify-center gap-2 whitespace-nowrap text-sm font-med...[39m
 [32mΓ£ô[39m src/pages/__tests__/Auth.test.tsx[2m > [22mAuth Page[2m > [22mResend Verification[2m > [22mcalls resend with valid email[33m 683[2mms[22m[39m
 [31m├ù[39m src/pages/__tests__/Auth.test.tsx[2m > [22mAuth Page[2m > [22mResend Verification[2m > [22mshows validation error for invalid email in resend[33m 868[2mms[22m[39m
[31m   ΓåÆ Unable to find an element with the text: Ge├ºerli bir e-posta adresi girin. This could be because the text is broken up by multiple elements. In this case, you can provide a function for your text matcher to make your matcher more flexible.

Ignored nodes: comments, script, style
[36m<body>[31m
  [36m<div>[31m
    [36m<div[31m
      [33mclass[31m=[32m"flex min-h-screen flex-col bg-background"[31m
    [36m>[31m
      [36m<div[31m
        [33maria-hidden[31m=[32m"true"[31m
        [33mclass[31m=[32m"h-9"[31m
      [36m/>[31m
      [36m<div[31m
        [33mclass[31m=[32m"fixed inset-x-0 top-0 z-[60] bg-orange-500 px-3 py-2 text-center text-sm font-semibold text-white"[31m
      [36m>[31m
        [36m<div[31m
          [33mclass[31m=[32m"mx-auto flex max-w-6xl items-center justify-center"[31m
        [36m>[31m
          [36m<p>[31m
            [0mfirmascope test yayininda! devami cok yakinda![0m
          [36m</p>[31m
          [36m<button[31m
            [33maria-label[31m=[32m"Test bannerini kapat"[31m
            [33mclass[31m=[32m"absolute right-3 rounded p-1 text-white/90 transition hover:bg-white/20 hover:text-white"[31m
            [33mtype[31m=[32m"button"[31m
          [36m>[31m
            [36m<svg[31m
              [33mclass[31m=[32m"lucide lucide-x h-4 w-4"[31m
              [33mfill[31m=[32m"none"[31m
              [33mheight[31m=[32m"24"[31m
              [33mstroke[31m=[32m"currentColor"[31m
              [33mstroke-linecap[31m=[32m"round"[31m
              [33mstroke-linejoin[31m=[32m"round"[31m
              [33mstroke-width[31m=[32m"2"[31m
              [33mviewBox[31m=[32m"0 0 24 24"[31m
              [33mwidth[31m=[32m"24"[31m
              [33mxmlns[31m=[32m"http://www.w3.org/2000/svg"[31m
            [36m>[31m
              [36m<path[31m
                [33md[31m=[32m"M18 6 6 18"[31m
              [36m/>[31m
              [36m<path[31m
                [33md[31m=[32m"m6 6 12 12"[31m
              [36m/>[31m
            [36m</svg>[31m
          [36m</button>[31m
        [36m</div>[31m
      [36m</div>[31m
      [36m<header[31m
        [33mclass[31m=[32m"sticky top-0 z-50 border-b border-border bg-background/95 backdrop-blur supports-[backdrop-filter]:bg-background/60"[31m
      [36m>[31m
        [36m<div[31m
          [33mclass[31m=[32m"container mx-auto flex h-14 items-center justify-between px-4"[31m
        [36m>[31m
          [36m<a[31m
            [33mclass[31m=[32m"flex flex-col leading-tight"[31m
            [33mhref[31m=[32m"/"[31m
          [36m>[31m
            [36m<span[31m
              [33mclass[31m=[32m"font-display text-lg font-bold text-foreground"[31m
            [36m>[31m
              [0mfirmascope[0m
            [36m</span>[31m
            [36m<span[31m
              [33mclass[31m=[32m"text-xs font-medium text-muted-foreground"[31m
            [36m>[31m
              [0moffline[0m
            [36m</span>[31m
          [36m</a>[31m
          [36m<nav[31m
            [33mclass[31m=[32m"hidden items-center gap-4 md:flex"[31m
          [36m>[31m
            [36m<div[31m
              [33mclass[31m=[32m"flex items-center text-sm text-muted-foreground"[31m
            [36m>[31m
              [36m<div[31m
                [33mclass[31m=[32m"flex items-center"[31m
              [36m>[31m
                [36m<a[31m
                  [33mclass[31m=[32m"transition-colors hover:text-foreground"[31m
                  [33mhref[31m=[32m"/sirketler"[31m
                [36m>[31m
                  [0mAra[0m
                [36m</a>[31m
              [36m</div>[31m
              [36m<div[31m
                [33mclass[31m=[32m"flex items-center"[31m
              [36m>[31m
                [36m<span[31m
                  [33mclass[31m=[32m"px-2 text-border"[31m
                [36m>[31m
                  [0m|[0m
                [36m</span>[31m
                [36m<a[31m
                  [33mclass[31m=[32m"transition-colors hover:text-foreground"[31m
                  [33mhref[31m=[32m"/sirket-oner"[31m
                [36m>[31m
                  [0m├ûner[0m
                [36m</a>[31m
              [36m</div>[31m
              [36m<div[31m
                [33mclass[31m=[32m"flex items-center"[31m
              [36m>[31m
                [36m<span[31m
                  [33mclass[31m=[32m"px-2 text-border"[31m
                [36m>[31m
                  [0m|[0m
                [36m</span>[31m
                [36m<a[31m
                  [33mclass[31m=[32m"transition-colors hover:text-foreground"[31m
                  [33mhref[31m=[32m"/sirketler"[31m
                [36m>[31m
                  [0mDe─ƒerlendir[0m
                [36m</a>[31m
              [36m</div>[31m
              [36m<div[31m
                [33mclass[31m=[32m"flex items-center"[31m
              [36m>[31m
                [36m<span[31m
                  [33mclass[31m=[32m"px-2 text-border"[31m
                [36m>[31m
                  [0m|[0m
                [36m</span>[31m
                [36m<a[31m
                  [33mclass[31m=[32m"transition-colors hover:text-foreground"[31m
                  [33mhref[31m=[32m"/sirketler"[31m
                [36m>[31m
                  [0mM├╝lakat[0m
                [36m</a>[31m
              [36m</div>[31m
              [36m<div[31m
                [33mclass[31m=[32m"flex items-center"[31m
              [36m>[31m
                [36m<span[31m
                  [33mclass[31m=[32m"px-2 text-border"[31m
                [36m>[31m
                  [0m|[0m
                [36m</span>[31m
                [36m<a[31m
                  [33mclass[31m=[32m"transition-colors hover:text-foreground"[31m
                  [33mhref[31m=[32m"/sirketler"[31m
                [36m>[31m
                  [0mMaa┼ƒ[0m
                [36m</a>[31m
              [36m</div>[31m
              [36m<div[31m
                [33mclass[31m=[32m"flex items-center"[31m
              [36m>[31m
                [36m<span[31m
                  [33mclass[31m=[32m"px-2 text-border"[31m
                [36m>[31m
                  [0m|[0m
                [36m</span>[31m
                [36m<a[31m
                  [33mclass[31m=[32m"transition-colors hover:text-foreground"[31m
                  [33mhref[31m=[32m"/giris"[31m
                [36m>[31m
                  [0m├£ye Ol[0m
                [36m</a>[31m
              [36m</div>[31m
            [36m</div>[31m
            [36m<a[31m
              [33mclass[31m=[32m"inline-flex items-center justify-center gap-2 whitespace-nowrap text-sm font-medium ring-offset-background transition-colors focus-visible:outline-none focus-visible:ring-2 focus-visible:ring-ring focus-visible:ring-offset-2 disabled:pointer-events-none disabled:opacity-50 [&_svg]:pointer-events-none [&_svg]:size-4 [&_svg]:shrink-0 bg-primary text-primary-foreground hover:bg-primary/90 h-9 rounded-md px-3"[31m
              [33mhref...[39m
 [32mΓ£ô[39m src/pages/__tests__/Auth.test.tsx[2m > [22mAuth Page[2m > [22mResend Verification[2m > [22mreturns to login mode on button click[33m 693[2mms[22m[39m
 [32mΓ£ô[39m src/pages/__tests__/Auth.test.tsx[2m > [22mAuth Page[2m > [22mUI Interactions[2m > [22mtoggles password visibility[32m 125[2mms[22m[39m
 [31m├ù[39m src/pages/__tests__/Auth.test.tsx[2m > [22mAuth Page[2m > [22mUI Interactions[2m > [22mtoggles between login and signup modes[32m 49[2mms[22m[39m
[31m   ΓåÆ Found multiple elements with the text: Giri┼ƒ Yap

Here are the matching elements:

Ignored nodes: comments, script, style
[36m<a[31m
  [33mclass[31m=[32m"inline-flex items-center justify-center gap-2 whitespace-nowrap text-sm font-medium ring-offset-background transition-colors focus-visible:outline-none focus-visible:ring-2 focus-visible:ring-ring focus-visible:ring-offset-2 disabled:pointer-events-none disabled:opacity-50 [&_svg]:pointer-events-none [&_svg]:size-4 [&_svg]:shrink-0 bg-primary text-primary-foreground hover:bg-primary/90 h-9 rounded-md px-3"[31m
  [33mhref[31m=[32m"/giris"[31m
[36m>[31m
  [0mGiri┼ƒ Yap[0m
[36m</a>[31m

Ignored nodes: comments, script, style
[36m<button[31m
  [33mclass[31m=[32m"text-primary hover:underline font-medium"[31m
[36m>[31m
  [0mGiri┼ƒ Yap[0m
[36m</button>[31m

(If this is intentional, then use the `*AllBy*` variant of the query (like `queryAllByText`, `getAllByText`, or `findAllByText`)).

Ignored nodes: comments, script, style
[36m<body>[31m
  [36m<div>[31m
    [36m<div[31m
      [33mclass[31m=[32m"flex min-h-screen flex-col bg-background"[31m
    [36m>[31m
      [36m<div[31m
        [33maria-hidden[31m=[32m"true"[31m
        [33mclass[31m=[32m"h-9"[31m
      [36m/>[31m
      [36m<div[31m
        [33mclass[31m=[32m"fixed inset-x-0 top-0 z-[60] bg-orange-500 px-3 py-2 text-center text-sm font-semibold text-white"[31m
      [36m>[31m
        [36m<div[31m
          [33mclass[31m=[32m"mx-auto flex max-w-6xl items-center justify-center"[31m
        [36m>[31m
          [36m<p>[31m
            [0mfirmascope test yayininda! devami cok yakinda![0m
          [36m</p>[31m
          [36m<button[31m
            [33maria-label[31m=[32m"Test bannerini kapat"[31m
            [33mclass[31m=[32m"absolute right-3 rounded p-1 text-white/90 transition hover:bg-white/20 hover:text-white"[31m
            [33mtype[31m=[32m"button"[31m
          [36m>[31m
            [36m<svg[31m
              [33mclass[31m=[32m"lucide lucide-x h-4 w-4"[31m
              [33mfill[31m=[32m"none"[31m
              [33mheight[31m=[32m"24"[31m
              [33mstroke[31m=[32m"currentColor"[31m
              [33mstroke-linecap[31m=[32m"round"[31m
              [33mstroke-linejoin[31m=[32m"round"[31m
              [33mstroke-width[31m=[32m"2"[31m
              [33mviewBox[31m=[32m"0 0 24 24"[31m
              [33mwidth[31m=[32m"24"[31m
              [33mxmlns[31m=[32m"http://www.w3.org/2000/svg"[31m
            [36m>[31m
              [36m<path[31m
                [33md[31m=[32m"M18 6 6 18"[31m
              [36m/>[31m
              [36m<path[31m
                [33md[31m=[32m"m6 6 12 12"[31m
              [36m/>[31m
            [36m</svg>[31m
          [36m</button>[31m
        [36m</div>[31m
      [36m</div>[31m
      [36m<header[31m
        [33mclass[31m=[32m"sticky top-0 z-50 border-b border-border bg-background/95 backdrop-blur supports-[backdrop-filter]:bg-background/60"[31m
      [36m>[31m
        [36m<div[31m
          [33mclass[31m=[32m"container mx-auto flex h-14 items-center justify-between px-4"[31m
        [36m>[31m
          [36m<a[31m
            [33mclass[31m=[32m"flex flex-col leading-tight"[31m
            [33mhref[31m=[32m"/"[31m
          [36m>[31m
            [36m<span[31m
              [33mclass[31m=[32m"font-display text-lg font-bold text-foreground"[31m
            [36m>[31m
              [0mfirmascope[0m
            [36m</span>[31m
            [36m<span[31m
              [33mclass[31m=[32m"text-xs font-medium text-muted-foreground"[31m
            [36m>[31m
              [0moffline[0m
            [36m</span>[31m
          [36m</a>[31m
          [36m<nav[31m
            [33mclass[31m=[32m"hidden items-center gap-4 md:flex"[31m
          [36m>[31m
            [36m<div[31m
              [33mclass[31m=[32m"flex items-center text-sm text-muted-foreground"[31m
            [36m>[31m
              [36m<div[31m
                [33mclass[31m=[32m"flex items-center"[31m
              [36m>[31m
                [36m<a[31m
                  [33mclass[31m=[32m"transition-colors hover:text-foreground"[31m
                  [33mhref[31m=[32m"/sirketler"[31m
                [36m>[31m
                  [0mAra[0m
                [36m</a>[31m
              [36m</div>[31m
              [36m<div[31m
                [33mclass[31m=[32m"flex items-center"[31m
              [36m>[31m
                [36m<span[31m
                  [33mclass[31m=[32m"px-2 text-border"[31m
                [36m>[31m
                  [0m|[0m
                [36m</span>[31m
                [36m<a[31m
                  [33mclass[31m=[32m"transition-colors hover:text-foreground"[31m
                  [33mhref[31m=[32m"/sirket-oner"[31m
                [36m>[31m
                  [0m├ûner[0m
                [36m</a>[31m
              [36m</div>[31m
              [36m<div[31m
                [33mclass[31m=[32m"flex items-center"[31m
              [36m>[31m
                [36m<span[31m
                  [33mclass[31m=[32m"px-2 text-border"[31m
                [36m>[31m
                  [0m|[0m
                [36m</span>[31m
                [36m<a[31m
                  [33mclass[31m=[32m"transition-colors hover:text-foreground"[31m
                  [33mhref[31m=[32m"/sirketler"[31m
                [36m>[31m
                  [0mDe─ƒerlendir[0m
                [36m</a>[31m
              [36m</div>[31m
              [36m<div[31m
                [33mclass[31m=[32m"flex items-center"[31m
              [36m>[31m
                [36m<span[31m
                  [33mclass[31m=[32m"px-2 text-border"[31m
                [36m>[31m
                  [0m|[0m
                [36m</span>[31m
                [36m<a[31m
                  [33mclass[31m=[32m"transition-colors hover:text-foreground"[31m
                  [33mhref[31m=[32m"/sirketler"[31m
                [36m>[31m
                  [0mM├╝lakat[0m
                [36m</a>[31m
              [36m</div>[31m
              [36m<div[31m
                [33mclass[31m=[32m"flex items-center"[31m
              [36m>[31m
                [36m<span[31m
                  [33mclass[31m=[32m"px-2 text-border"[31m
                [36m>[31m
                  [0m|[0m
                [36m</span>[31m
                [36m<a[31m
                  [33mclass[31m=[32m"transition-colors hover:text-foreground"[31m
                  [33mhref[31m=[32m"/sirketler"[31m
                [36m>[31m
                  [0mMaa┼ƒ[0m
                [36m</a>[31m
              [36m</div>[31m
              [36m<div[31m
                [33mclass[31m=[32m"flex items-center"[31m
              [36m>[31m
                [36m<span[31m
                  [33mclass[31m=[32m"px-2 text-border"[31m
                [36m>[31m
                  [0m|[0m
                [36m</span>[31m
                [36m<a[31m
                  [33mclass[31m=[32m"transition-colors hover:text-foreground"[31m
                  [33mhref[31m=[32m"/giris"[31m
                [36m>[31m
                  [0m├£ye Ol[0m
                [36m</a>[31m
              [36m</div>[31m
            [36m</div>[31m
            [36m<a[31m
              [33mclass[31m=[32m"inline-flex items-center justify-center gap-2 whitespace-nowrap text-sm font-medium ring-offset-background transition-colors focus-visible:outline-none focus-visible:ring-2 focus-visible:ring-ring focus-visible:ring-offset-2 disabled:pointer-events-none disabled:opacity-50 [&_svg]:pointer-events-none [&_svg]:size-4 [&_svg]:shrink-0 bg-primary text-primary-foreground hover:bg-primary/90 h-9 rounded-md px-3"[31m
              [33mhref...[39m
 [31m├ù[39m src/hooks/__tests__/useAuth.test.tsx[2m > [22museAuth[2m > [22mcalls is_admin RPC and sets isAdmin=true when admin[33m 5009[2mms[22m[39m
[31m   ΓåÆ Test timed out in 5000ms.
If this is a long-running test, pass a timeout value as the last argument or configure it globally with "testTimeout".[39m
 [31m├ù[39m src/hooks/__tests__/useAuth.test.tsx[2m > [22museAuth[2m > [22mcalls is_admin RPC and keeps isAdmin=false when not admin[33m 5011[2mms[22m[39m
[31m   ΓåÆ Test timed out in 5000ms.
If this is a long-running test, pass a timeout value as the last argument or configure it globally with "testTimeout".[39m
 [31m├ù[39m src/hooks/__tests__/useAuth.test.tsx[2m > [22museAuth[2m > [22mupdates state via onAuthStateChange callback[33m 5002[2mms[22m[39m
[31m   ΓåÆ Test timed out in 5000ms.
If this is a long-running test, pass a timeout value as the last argument or configure it globally with "testTimeout".[39m
 [31m├ù[39m src/hooks/__tests__/useAuth.test.tsx[2m > [22museAuth[2m > [22msets isAdmin=false when onAuthStateChange fires with no session[33m 5005[2mms[22m[39m
[31m   ΓåÆ Test timed out in 5000ms.
If this is a long-running test, pass a timeout value as the last argument or configure it globally with "testTimeout".[39m
 [31m├ù[39m src/hooks/__tests__/useAuth.test.tsx[2m > [22museAuth[2m > [22msignOut resets user, session, and isAdmin[33m 5009[2mms[22m[39m
[31m   ΓåÆ Test timed out in 5000ms.
If this is a long-running test, pass a timeout value as the last argument or configure it globally with "testTimeout".[39m
 [31m├ù[39m src/hooks/__tests__/useAuth.test.tsx[2m > [22museAuth[2m > [22munsubscribes on unmount[33m 5017[2mms[22m[39m
[31m   ΓåÆ Test timed out in 5000ms.
If this is a long-running test, pass a timeout value as the last argument or configure it globally with "testTimeout".[39m

ΓÄ»ΓÄ»ΓÄ»ΓÄ»ΓÄ»ΓÄ» Failed Suites 7 ΓÄ»ΓÄ»ΓÄ»ΓÄ»ΓÄ»ΓÄ»ΓÄ»

 FAIL  src/components/__tests__/InterviewForm.test.tsx [ src/components/__tests__/InterviewForm.test.tsx ]
Error: [vitest] There was an error when mocking a module. If you are using "vi.mock" factory, make sure there are no top level variables inside, since this call is hoisted to top of the file. Read more: https://vitest.dev/api/vi.html#vi-mock
 Γ¥» src/components/InterviewForm.tsx:3:31
      1| import { useState } from "react";
      2| import { supabase } from "@/integrations/supabase/client";
      3| import { Button } from "@/components/ui/button";
       |                               ^
      4| import { Input } from "@/components/ui/input";
      5| import { Textarea } from "@/components/ui/textarea";

Caused by: ReferenceError: Cannot access 'createChainable' before initialization
 Γ¥» src/components/__tests__/InterviewForm.test.tsx:19:35
 Γ¥» src/components/InterviewForm.tsx:3:31

ΓÄ»ΓÄ»ΓÄ»ΓÄ»ΓÄ»ΓÄ»ΓÄ»ΓÄ»ΓÄ»ΓÄ»ΓÄ»ΓÄ»ΓÄ»ΓÄ»ΓÄ»ΓÄ»ΓÄ»ΓÄ»ΓÄ»ΓÄ»ΓÄ»ΓÄ»ΓÄ»[1/29]ΓÄ»

 FAIL  src/components/__tests__/ReportButton.test.tsx [ src/components/__tests__/ReportButton.test.tsx ]
Error: [vitest] There was an error when mocking a module. If you are using "vi.mock" factory, make sure there are no top level variables inside, since this call is hoisted to top of the file. Read more: https://vitest.dev/api/vi.html#vi-mock
 Γ¥» src/components/ReportButton.tsx:4:31
      2| import { Flag } from "lucide-react";
      3| import { supabase } from "@/integrations/supabase/client";
      4| import { useAuth } from "@/hooks/useAuth";
       |                               ^
      5| import { useToast } from "@/hooks/use-toast";
      6| import { Button } from "@/components/ui/button";

Caused by: ReferenceError: Cannot access 'createChainableMock' before initialization
 Γ¥» src/components/__tests__/ReportButton.test.tsx:45:35
 Γ¥» src/components/ReportButton.tsx:4:31

ΓÄ»ΓÄ»ΓÄ»ΓÄ»ΓÄ»ΓÄ»ΓÄ»ΓÄ»ΓÄ»ΓÄ»ΓÄ»ΓÄ»ΓÄ»ΓÄ»ΓÄ»ΓÄ»ΓÄ»ΓÄ»ΓÄ»ΓÄ»ΓÄ»ΓÄ»ΓÄ»[2/29]ΓÄ»

 FAIL  src/components/__tests__/ReviewForm.test.tsx [ src/components/__tests__/ReviewForm.test.tsx ]
Error: [vitest] There was an error when mocking a module. If you are using "vi.mock" factory, make sure there are no top level variables inside, since this call is hoisted to top of the file. Read more: https://vitest.dev/api/vi.html#vi-mock
 Γ¥» src/components/ReviewForm.tsx:3:31
      1| import { useState } from "react";
      2| import { supabase } from "@/integrations/supabase/client";
      3| import { Button } from "@/components/ui/button";
       |                               ^
      4| import { Input } from "@/components/ui/input";
      5| import { Textarea } from "@/components/ui/textarea";

Caused by: ReferenceError: Cannot access 'createChainable' before initialization
 Γ¥» src/components/__tests__/ReviewForm.test.tsx:21:35
 Γ¥» src/components/ReviewForm.tsx:3:31

ΓÄ»ΓÄ»ΓÄ»ΓÄ»ΓÄ»ΓÄ»ΓÄ»ΓÄ»ΓÄ»ΓÄ»ΓÄ»ΓÄ»ΓÄ»ΓÄ»ΓÄ»ΓÄ»ΓÄ»ΓÄ»ΓÄ»ΓÄ»ΓÄ»ΓÄ»ΓÄ»[3/29]ΓÄ»

 FAIL  src/components/__tests__/SalaryForm.test.tsx [ src/components/__tests__/SalaryForm.test.tsx ]
Error: [vitest] There was an error when mocking a module. If you are using "vi.mock" factory, make sure there are no top level variables inside, since this call is hoisted to top of the file. Read more: https://vitest.dev/api/vi.html#vi-mock
 Γ¥» src/components/SalaryForm.tsx:3:31
      1| import { useState } from "react";
      2| import { supabase } from "@/integrations/supabase/client";
      3| import { Button } from "@/components/ui/button";
       |                               ^
      4| import { Input } from "@/components/ui/input";
      5| import { Label } from "@/components/ui/label";

Caused by: ReferenceError: Cannot access 'createChainable' before initialization
 Γ¥» src/components/__tests__/SalaryForm.test.tsx:19:35
 Γ¥» src/components/SalaryForm.tsx:3:31

ΓÄ»ΓÄ»ΓÄ»ΓÄ»ΓÄ»ΓÄ»ΓÄ»ΓÄ»ΓÄ»ΓÄ»ΓÄ»ΓÄ»ΓÄ»ΓÄ»ΓÄ»ΓÄ»ΓÄ»ΓÄ»ΓÄ»ΓÄ»ΓÄ»ΓÄ»ΓÄ»[4/29]ΓÄ»

 FAIL  src/components/__tests__/VoteButtons.test.tsx [ src/components/__tests__/VoteButtons.test.tsx ]
Error: [vitest] There was an error when mocking a module. If you are using "vi.mock" factory, make sure there are no top level variables inside, since this call is hoisted to top of the file. Read more: https://vitest.dev/api/vi.html#vi-mock
 Γ¥» src/components/VoteButtons.tsx:4:31
      2| import { ThumbsUp, ThumbsDown } from "lucide-react";
      3| import { supabase } from "@/integrations/supabase/client";
      4| import { useAuth } from "@/hooks/useAuth";
       |                               ^
      5| import { useToast } from "@/hooks/use-toast";
      6| 

Caused by: ReferenceError: Cannot access 'createChainableMock' before initialization
 Γ¥» src/components/__tests__/VoteButtons.test.tsx:46:35
 Γ¥» src/components/VoteButtons.tsx:4:31

ΓÄ»ΓÄ»ΓÄ»ΓÄ»ΓÄ»ΓÄ»ΓÄ»ΓÄ»ΓÄ»ΓÄ»ΓÄ»ΓÄ»ΓÄ»ΓÄ»ΓÄ»ΓÄ»ΓÄ»ΓÄ»ΓÄ»ΓÄ»ΓÄ»ΓÄ»ΓÄ»[5/29]ΓÄ»

 FAIL  src/pages/__tests__/CompanyAdmin.test.tsx [ src/pages/__tests__/CompanyAdmin.test.tsx ]
Error: [vitest] There was an error when mocking a module. If you are using "vi.mock" factory, make sure there are no top level variables inside, since this call is hoisted to top of the file. Read more: https://vitest.dev/api/vi.html#vi-mock
 Γ¥» src/pages/CompanyAdmin.tsx:4:31
      2| import { useNavigate } from "react-router-dom";
      3| import { supabase } from "@/integrations/supabase/client";
      4| import { useAuth } from "@/hooks/useAuth";
       |                               ^
      5| import Layout from "@/components/Layout";
      6| import { Button } from "@/components/ui/button";

Caused by: ReferenceError: Cannot access 'createChainableMock' before initialization
 Γ¥» src/pages/__tests__/CompanyAdmin.test.tsx:45:35
 Γ¥» src/pages/CompanyAdmin.tsx:4:31

ΓÄ»ΓÄ»ΓÄ»ΓÄ»ΓÄ»ΓÄ»ΓÄ»ΓÄ»ΓÄ»ΓÄ»ΓÄ»ΓÄ»ΓÄ»ΓÄ»ΓÄ»ΓÄ»ΓÄ»ΓÄ»ΓÄ»ΓÄ»ΓÄ»ΓÄ»ΓÄ»[6/29]ΓÄ»

 FAIL  src/pages/__tests__/SuggestCompany.test.tsx [ src/pages/__tests__/SuggestCompany.test.tsx ]
Error: [vitest] There was an error when mocking a module. If you are using "vi.mock" factory, make sure there are no top level variables inside, since this call is hoisted to top of the file. Read more: https://vitest.dev/api/vi.html#vi-mock
 Γ¥» src/pages/SuggestCompany.tsx:4:31
      2| import { useNavigate } from "react-router-dom";
      3| import { supabase } from "@/integrations/supabase/client";
      4| import { useAuth } from "@/hooks/useAuth";
       |                               ^
      5| import Layout from "@/components/Layout";
      6| import { Button } from "@/components/ui/button";

Caused by: ReferenceError: Cannot access 'createChainableMock' before initialization
 Γ¥» src/pages/__tests__/SuggestCompany.test.tsx:46:35
 Γ¥» src/pages/SuggestCompany.tsx:4:31

ΓÄ»ΓÄ»ΓÄ»ΓÄ»ΓÄ»ΓÄ»ΓÄ»ΓÄ»ΓÄ»ΓÄ»ΓÄ»ΓÄ»ΓÄ»ΓÄ»ΓÄ»ΓÄ»ΓÄ»ΓÄ»ΓÄ»ΓÄ»ΓÄ»ΓÄ»ΓÄ»[7/29]ΓÄ»


ΓÄ»ΓÄ»ΓÄ»ΓÄ»ΓÄ»ΓÄ» Failed Tests 22 ΓÄ»ΓÄ»ΓÄ»ΓÄ»ΓÄ»ΓÄ»ΓÄ»

 FAIL  src/components/__tests__/Navbar.test.tsx > Navbar > shows user email and logout button when logged in
TestingLibraryElementError: Unable to find an accessible element with the role "button" and name `/logout|├º─▒k─▒┼ƒ/i`

Here are the accessible roles:

  banner:

  Name "":
  <header
    class="sticky top-0 z-50 border-b border-border bg-background/95 backdrop-blur supports-[backdrop-filter]:bg-background/60"
  />

  --------------------------------------------------
  link:

  Name "firmascope online":
  <a
    class="flex flex-col leading-tight"
    href="/"
  />

  Name "Ara":
  <a
    class="transition-colors hover:text-foreground"
    href="/sirketler"
  />

  Name "├ûner":
  <a
    class="transition-colors hover:text-foreground"
    href="/sirket-oner"
  />

  Name "De─ƒerlendir":
  <a
    class="transition-colors hover:text-foreground"
    href="/sirketler"
  />

  Name "M├╝lakat":
  <a
    class="transition-colors hover:text-foreground"
    href="/sirketler"
  />

  Name "Maa┼ƒ":
  <a
    class="transition-colors hover:text-foreground"
    href="/sirketler"
  />

  Name "admin@example.com":
  <a
    class="flex items-center gap-1.5 text-sm text-muted-foreground hover:text-foreground transition-colors"
    href="/profil"
  />

  --------------------------------------------------
  navigation:

  Name "":
  <nav
    class="hidden items-center gap-4 md:flex"
  />

  --------------------------------------------------
  button:

  Name "":
  <button
    class="inline-flex items-center justify-center gap-2 whitespace-nowrap text-sm font-medium ring-offset-background transition-colors focus-visible:outline-none focus-visible:ring-2 focus-visible:ring-ring focus-visible:ring-offset-2 disabled:pointer-events-none disabled:opacity-50 [&_svg]:pointer-events-none [&_svg]:size-4 [&_svg]:shrink-0 hover:bg-accent hover:text-accent-foreground h-9 rounded-md px-3 text-muted-foreground"
  />

  Name "":
  <button
    class="md:hidden text-foreground"
  />

  --------------------------------------------------

Ignored nodes: comments, script, style
<body>
  <div>
    <header
      class="sticky top-0 z-50 border-b border-border bg-background/95 backdrop-blur supports-[backdrop-filter]:bg-background/60"
    >
      <div
        class="container mx-auto flex h-14 items-center justify-between px-4"
      >
        <a
          class="flex flex-col leading-tight"
          href="/"
        >
          <span
            class="font-display text-lg font-bold text-foreground"
          >
            firmascope
          </span>
          <span
            class="text-xs font-medium text-green-600"
          >
            online
          </span>
        </a>
        <nav
          class="hidden items-center gap-4 md:flex"
        >
          <div
            class="flex items-center text-sm text-muted-foreground"
          >
            <div
              class="flex items-center"
            >
              <a
                class="transition-colors hover:text-foreground"
                href="/sirketler"
              >
                Ara
              </a>
            </div>
            <div
              class="flex items-center"
            >
              <span
                class="px-2 text-border"
              >
                |
              </span>
              <a
                class="transition-colors hover:text-foreground"
                href="/sirket-oner"
              >
                ├ûner
              </a>
            </div>
            <div
              class="flex items-center"
            >
              <span
                class="px-2 text-border"
              >
                |
              </span>
              <a
                class="transition-colors hover:text-foreground"
                href="/sirketler"
              >
                De─ƒerlendir
              </a>
            </div>
            <div
              class="flex items-center"
            >
              <span
                class="px-2 text-border"
              >
                |
              </span>
              <a
                class="transition-colors hover:text-foreground"
                href="/sirketler"
              >
                M├╝lakat
              </a>
            </div>
            <div
              class="flex items-center"
            >
              <span
                class="px-2 text-border"
              >
                |
              </span>
              <a
                class="transition-colors hover:text-foreground"
                href="/sirketler"
              >
                Maa┼ƒ
              </a>
            </div>
          </div>
          <div
            class="flex items-center gap-2"
          >
            <a
              class="flex items-center gap-1.5 text-sm text-muted-foreground hover:text-foreground transition-colors"
              href="/profil"
            >
              <svg
                class="lucide lucide-user h-3.5 w-3.5"
                fill="none"
                height="24"
                stroke="currentColor"
                stroke-linecap="round"
                stroke-linejoin="round"
                stroke-width="2"
                viewBox="0 0 24 24"
                width="24"
                xmlns="http://www.w3.org/2000/svg"
              >
                <path
                  d="M19 21v-2a4 4 0 0 0-4-4H9a4 4 0 0 0-4 4v2"
                />
                <circle
                  cx="12"
                  cy="7"
                  r="4"
                />
              </svg>
              <span
                class="max-w-[120px] truncate"
              >
                admin@example.com
              </span>
            </a>
            <button
              class="inline-flex items-center justify-center gap-2 whitespace-nowrap text-sm font-medium ring-offset-background transition-colors focus-visible:outline-none focus-visible:ring-2 focus-visible:ring-ring focus-visible:ring-offset-2 disabled:pointer-events-none disabled:opacity-50 [&_svg]:pointer-events-none [&_svg]:size-4 [&_svg]:shrink-0 hover:bg-accent hover:text-accent-foreground h-9 rounded-md px-3 text-muted-foreground"
            >
              <svg
                class="lucide lucide-log-out h-4 w-4"
                fill="none"
                height="24"
                stroke="currentColor"
                stroke-linecap="round"
                stroke-linejoin="round"
                stroke-width="2"
                viewBox="0 0 24 24"
                width="24"
                xmlns="http://www.w3.org/2000/svg"
              >
                <path
                  d="M9 21H5a2 2 0 0 1-2-2V5a2 2 0 0 1 2-2h4"
                />
                <polyline
                  points="16 17 21 12 16 7"
                />
                <line
                  x1="21"
                  x2="9"
                  y1="12"
                  y2="12"
                />
              </svg>
            </button>
          </div>
        </nav>
        <button
          class="md:hidden text-foreground"
        >
          <svg
            class="lucide lucide-menu h-5 w-5"
            fill="none"
            height="24"
            stroke="currentColor"
            stroke-linecap="round"
            stroke-linejoin="round"
            stroke-width="2"
            viewBox="0 0 24 24"
            width="24"
            xmlns="http://www.w3.org/2000/svg"
          >
            <line
              x1="4"
              x2="20"
              y1="12"
              y2="12"
            />
            <line
              x1="4"
              x2="20"
              y1="6"
              y2="6"
            />
            <line
              x1="4"
              x2="20"
              y1="18"
              y2="18"
            />
          </svg>
        </button>
      </div>
    </header>
  </div>
</body>
 Γ¥» Object.getElementError node_modules/@testing-library/dom/dist/config.js:37:19
 Γ¥» node_modules/@testing-library/dom/dist/query-helpers.js:76:38
 Γ¥» node_modules/@testing-library/dom/dist/query-helpers.js:52:17
 Γ¥» getByRole node_modules/@testing-library/dom/dist/query-helpers.js:95:19
 Γ¥» src/components/__tests__/Navbar.test.tsx:59:19
     57|     renderNavbar();
     58|     expect(screen.getByText("admin@example.com")).toBeInTheDocument();
     59|     expect(screen.getByRole("button", { name: /logout|├º─▒k─▒┼ƒ/i })).toBeΓÇª
       |                   ^
     60|   });
     61| 

ΓÄ»ΓÄ»ΓÄ»ΓÄ»ΓÄ»ΓÄ»ΓÄ»ΓÄ»ΓÄ»ΓÄ»ΓÄ»ΓÄ»ΓÄ»ΓÄ»ΓÄ»ΓÄ»ΓÄ»ΓÄ»ΓÄ»ΓÄ»ΓÄ»ΓÄ»ΓÄ»[8/29]ΓÄ»

 FAIL  src/components/__tests__/Navbar.test.tsx > Navbar > opens mobile menu on hamburger click
TestingLibraryElementError: Unable to find an element with the text: ├ç─▒k─▒┼ƒ Yap. This could be because the text is broken up by multiple elements. In this case, you can provide a function for your text matcher to make your matcher more flexible.

Ignored nodes: comments, script, style
<body>
  <div>
    <header
      class="sticky top-0 z-50 border-b border-border bg-background/95 backdrop-blur supports-[backdrop-filter]:bg-background/60"
    >
      <div
        class="container mx-auto flex h-14 items-center justify-between px-4"
      >
        <a
          class="flex flex-col leading-tight"
          href="/"
        >
          <span
            class="font-display text-lg font-bold text-foreground"
          >
            firmascope
          </span>
          <span
            class="text-xs font-medium text-muted-foreground"
          >
            offline
          </span>
        </a>
        <nav
          class="hidden items-center gap-4 md:flex"
        >
          <div
            class="flex items-center text-sm text-muted-foreground"
          >
            <div
              class="flex items-center"
            >
              <a
                class="transition-colors hover:text-foreground"
                href="/sirketler"
              >
                Ara
              </a>
            </div>
            <div
              class="flex items-center"
            >
              <span
                class="px-2 text-border"
              >
                |
              </span>
              <a
                class="transition-colors hover:text-foreground"
                href="/sirket-oner"
              >
                ├ûner
              </a>
            </div>
            <div
              class="flex items-center"
            >
              <span
                class="px-2 text-border"
              >
                |
              </span>
              <a
                class="transition-colors hover:text-foreground"
                href="/sirketler"
              >
                De─ƒerlendir
              </a>
            </div>
            <div
              class="flex items-center"
            >
              <span
                class="px-2 text-border"
              >
                |
              </span>
              <a
                class="transition-colors hover:text-foreground"
                href="/sirketler"
              >
                M├╝lakat
              </a>
            </div>
            <div
              class="flex items-center"
            >
              <span
                class="px-2 text-border"
              >
                |
              </span>
              <a
                class="transition-colors hover:text-foreground"
                href="/sirketler"
              >
                Maa┼ƒ
              </a>
            </div>
            <div
              class="flex items-center"
            >
              <span
                class="px-2 text-border"
              >
                |
              </span>
              <a
                class="transition-colors hover:text-foreground"
                href="/giris"
              >
                ├£ye Ol
              </a>
            </div>
          </div>
          <a
            class="inline-flex items-center justify-center gap-2 whitespace-nowrap text-sm font-medium ring-offset-background transition-colors focus-visible:outline-none focus-visible:ring-2 focus-visible:ring-ring focus-visible:ring-offset-2 disabled:pointer-events-none disabled:opacity-50 [&_svg]:pointer-events-none [&_svg]:size-4 [&_svg]:shrink-0 bg-primary text-primary-foreground hover:bg-primary/90 h-9 rounded-md px-3"
            href="/giris"
          >
            Giri┼ƒ Yap
          </a>
        </nav>
        <button
          class="md:hidden text-foreground"
        >
          <svg
            class="lucide lucide-x h-5 w-5"
            fill="none"
            height="24"
            stroke="currentColor"
            stroke-linecap="round"
            stroke-linejoin="round"
            stroke-width="2"
            viewBox="0 0 24 24"
            width="24"
            xmlns="http://www.w3.org/2000/svg"
          >
            <path
              d="M18 6 6 18"
            />
            <path
              d="m6 6 12 12"
            />
          </svg>
        </button>
      </div>
      <div
        class="border-t border-border bg-background px-4 py-3 md:hidden"
      >
        <nav
          class="flex flex-col gap-2"
        >
          <a
            class="text-sm text-muted-foreground hover:text-foreground py-1"
            href="/sirketler"
          >
            Ara
          </a>
          <a
            class="text-sm text-muted-foreground hover:text-foreground py-1"
            href="/sirket-oner"
          >
            ├ûner
          </a>
          <a
            class="text-sm text-muted-foreground hover:text-foreground py-1"
            href="/sirketler"
          >
            De─ƒerlendir
          </a>
          <a
            class="text-sm text-muted-foreground hover:text-foreground py-1"
            href="/sirketler"
          >
            M├╝lakat
          </a>
          <a
            class="text-sm text-muted-foreground hover:text-foreground py-1"
            href="/sirketler"
          >
            Maa┼ƒ
          </a>
          <a
            class="inline-flex items-center justify-center gap-2 whitespace-nowrap text-sm font-medium ring-offset-background transition-colors focus-visible:outline-none focus-visible:ring-2 focus-visible:ring-ring focus-visible:ring-offset-2 disabled:pointer-events-none disabled:opacity-50 [&_svg]:pointer-events-none [&_svg]:size-4 [&_svg]:shrink-0 bg-primary text-primary-foreground hover:bg-primary/90 h-9 rounded-md px-3 w-fit"
            href="/giris"
          >
            Giri┼ƒ Yap
          </a>
        </nav>
      </div>
    </header>
  </div>
</body>
 Γ¥» Object.getElementError node_modules/@testing-library/dom/dist/config.js:37:19
 Γ¥» node_modules/@testing-library/dom/dist/query-helpers.js:76:38
 Γ¥» node_modules/@testing-library/dom/dist/query-helpers.js:52:17
 Γ¥» getByText node_modules/@testing-library/dom/dist/query-helpers.js:95:19
 Γ¥» src/components/__tests__/Navbar.test.tsx:94:19
     92|     await user.click(menuButton);
     93| 
     94|     expect(screen.getByText("├ç─▒k─▒┼ƒ Yap")).toBeInTheDocument();
       |                   ^
     95|   });
     96| 

ΓÄ»ΓÄ»ΓÄ»ΓÄ»ΓÄ»ΓÄ»ΓÄ»ΓÄ»ΓÄ»ΓÄ»ΓÄ»ΓÄ»ΓÄ»ΓÄ»ΓÄ»ΓÄ»ΓÄ»ΓÄ»ΓÄ»ΓÄ»ΓÄ»ΓÄ»ΓÄ»[9/29]ΓÄ»

 FAIL  src/pages/__tests__/Admin.test.tsx > Admin Page Authorization > renders admin panel for admin users
TestingLibraryElementError: Unable to find an element with the text: Y├╢netim paneli. This could be because the text is broken up by multiple elements. In this case, you can provide a function for your text matcher to make your matcher more flexible.

Ignored nodes: comments, script, style
<body>
  <div>
    <div
      class="flex min-h-screen flex-col bg-background"
    >
      <div
        aria-hidden="true"
        class="h-9"
      />
      <div
        class="fixed inset-x-0 top-0 z-[60] bg-orange-500 px-3 py-2 text-center text-sm font-semibold text-white"
      >
        <div
          class="mx-auto flex max-w-6xl items-center justify-center"
        >
          <p>
            firmascope test yayininda! devami cok yakinda!
          </p>
          <button
            aria-label="Test bannerini kapat"
            class="absolute right-3 rounded p-1 text-white/90 transition hover:bg-white/20 hover:text-white"
            type="button"
          >
            <svg
              class="lucide lucide-x h-4 w-4"
              fill="none"
              height="24"
              stroke="currentColor"
              stroke-linecap="round"
              stroke-linejoin="round"
              stroke-width="2"
              viewBox="0 0 24 24"
              width="24"
              xmlns="http://www.w3.org/2000/svg"
            >
              <path
                d="M18 6 6 18"
              />
              <path
                d="m6 6 12 12"
              />
            </svg>
          </button>
        </div>
      </div>
      <header
        class="sticky top-0 z-50 border-b border-border bg-background/95 backdrop-blur supports-[backdrop-filter]:bg-background/60"
      >
        <div
          class="container mx-auto flex h-14 items-center justify-between px-4"
        >
          <a
            class="flex flex-col leading-tight"
            href="/"
          >
            <span
              class="font-display text-lg font-bold text-foreground"
            >
              firmascope
            </span>
            <span
              class="text-xs font-medium text-green-600"
            >
              online
            </span>
          </a>
          <nav
            class="hidden items-center gap-4 md:flex"
          >
            <div
              class="flex items-center text-sm text-muted-foreground"
            >
              <div
                class="flex items-center"
              >
                <a
                  class="transition-colors hover:text-foreground"
                  href="/sirketler"
                >
                  Ara
                </a>
              </div>
              <div
                class="flex items-center"
              >
                <span
                  class="px-2 text-border"
                >
                  |
                </span>
                <a
                  class="transition-colors hover:text-foreground"
                  href="/sirket-oner"
                >
                  ├ûner
                </a>
              </div>
              <div
                class="flex items-center"
              >
                <span
                  class="px-2 text-border"
                >
                  |
                </span>
                <a
                  class="transition-colors hover:text-foreground"
                  href="/sirketler"
                >
                  De─ƒerlendir
                </a>
              </div>
              <div
                class="flex items-center"
              >
                <span
                  class="px-2 text-border"
                >
                  |
                </span>
                <a
                  class="transition-colors hover:text-foreground"
                  href="/sirketler"
                >
                  M├╝lakat
                </a>
              </div>
              <div
                class="flex items-center"
              >
                <span
                  class="px-2 text-border"
                >
                  |
                </span>
                <a
                  class="transition-colors hover:text-foreground"
                  href="/sirketler"
                >
                  Maa┼ƒ
                </a>
              </div>
            </div>
            <a
              class="text-sm text-muted-foreground hover:text-foreground transition-colors flex items-center gap-1"
              href="/admin"
            >
              <svg
                class="lucide lucide-shield h-3.5 w-3.5"
                fill="none"
                height="24"
                stroke="currentColor"
                stroke-linecap="round"
                stroke-linejoin="round"
                stroke-width="2"
                viewBox="0 0 24 24"
                width="24"
                xmlns="http://www.w3.org/2000/svg"
              >
                <path
                  d="M20 13c0 5-3.5 7.5-7.66 8.95a1 1 0 0 1-.67-.01C7.5 20.5 4 18 4 13V6a1 1 0 0 1 1-1c2 0 4.5-1.2 6.24-2.72a1.17 1.17 0 0 1 1.52 0C14.51 3.81 17 5 19 5a1 1 0 0 1 1 1z"
                />
              </svg>
               Admin
            </a>
            <div
              class="flex items-center gap-2"
            >
              <a
                class="flex items-center gap-1.5 text-sm text-muted-foreground hover:text-foreground transition-colors"
                href="/profil"
              >
                <svg
                  class="lucide lucide-user h-3.5 w-3.5"
                  fill="none"
                  height="24"
                  stroke="currentColor"
                  stroke-linecap="round"
                  stroke-linejoin="round"
                  stroke-width="2"
                  viewBox="0 0 24 24"
                  width="24"
                  xmlns="http://www.w3.org/2000/svg"
                >
                  <path
                    d="M19 21v-2a4 4 0 0 0-4-4H9a4 4 0 0 0-4 4v2"
                  />
                  <circle
                    cx="12"
                    cy="7"
                    r="4"
                  />
                </svg>
                <span
                  class="max-w-[120px] truncate"
                >
                  admin@example.com
                </span>
              </a>
              <button
                class="inline-flex items-center justify-center gap-2 whitespace-nowrap text-sm font-medium ring-offset-background transition-colors focus-visible:outline-none focus-visible:ring-2 focus-visible:ring-ring focus-visible:ring-offset-2 disabled:pointer-events-none disabled:opacity-50 [&_svg]:pointer-events-none [&_svg]:size-4 [&_svg]:shrink-0 hover:bg-accent hover:text-accent-foreground h-9 rounded-md px-3 text-muted-foreground"
              >
                <svg
                  class="lucide lucide-log-out h-4 w-4"
                  fill="none"
                  height="24"
                  stroke="currentColor"
                  stroke-linecap="round"
                  stroke-linejoin="round"
                  stroke-width="2"
                  viewBox="0 0 24 24"
                  width="24"
                  xmlns="http://www.w3.org/2000/svg"
                >
                  <path
                    d="M9 21H5a2 2 0 0 1-2-2V5a2 2 0 0 1 2-2h4"
                  />
                  <polyline
                    points="16 17 21 12 16 7"
                  />
                  <line
                    x1="21"
                    x2="9"
                    y1="12"
                    y2="12"
                  />
                </svg>
              </button>
            </div>
          </nav>
          <button
            class="md:hidden text-foreground"
          >
            <svg
              class="lucide lucide-menu h-5 w-5"
              fill="none"
              height="24"
              stroke="currentColor"
              stroke-linecap="round"
              stroke-linejoin="round"
              stroke-width="2"
              viewBox="0 0 24 24"
              width="24"
              xmlns="http://www.w3.org/2000/svg"
            >
              <line
                x1="4"
                x2="20"
                y1="12"
                y2="12"
              />
              <line
                x1="4"
                x2="20"
                y1="6"
                y2="6"
              />
              <line
                x1="4"
                x2="20"
                y1="18"
                y2="18"
              />
            </svg>
          </button>
        </div>
      </header>
      <main
        class="flex-1"
      >
        <div
          class="flex items-center justify-center min-h-[50vh]"
        >
          <p
            class="text-muted-foreground"
          >
            Y├╝kleniyor...
          </p>
        </div>
      </main>
      <footer
        class="border-t border-border bg-background"
      >
        <div
          class="container mx-auto px-4 py-6"
        >
          <div
            class="flex items-center justify-between"
          >
            <a
              class="font-display text-sm font-bold text-foreground"
              href="/"
            >
              firmascope
            </a>
            <a
              class="font-display text-sm font-bold text-foreground hover:text-foreground/80 transition-colors"
              href="/yasal"
            >
              yasal bilgiler
            </a>
          </div>
          <div
            class="mt-4 border-t border-border pt-4 text-center"
          >
            <span
              class="text-xs text-muted-foreground"
            >
              ┬⌐ 
              2026
               firmascope. t├╝m haklar─▒ sakl─▒d─▒r.
            </span>
          </div>
        </div>
      </footer>
      <div
        class="fixed inset-x-0 bottom-0 z-50 border-t border-border bg-background/95 backdrop-blur supports-[backdrop-filter]:bg-background/85"
      >
        <div
          class="container mx-auto flex flex-col gap-3 px-4 py-4 md:flex-row md:items-center md:justify-between"
        >
          <div
            class="max-w-3xl"
          >
            <p
              class="text-sm font-medium text-foreground"
            >
              Deneyimi iyile┼ƒtirmek ve kullan─▒m ak─▒┼ƒ─▒n─▒ anlamak i├ºin analiz ├ºerezleri kullanabiliriz.
            </p>
            <p
              class="mt-1 text-xs leading-relaxed text-muted-foreground"
            >
              Ayr─▒nt─▒lar i├ºin 
              <a
                class="font-medium text-foreground underline underline-offset-2"
                href="/yasal"
              >
                yasal bilgiler
              </a>
              .
            </p>
          </div>
          <div
            class="flex flex-col gap-2 sm:flex-row"
          >
            <button
              class="inline-flex items-center justify-center gap-2 whitespace-nowrap text-sm font-medium ring-offset-background transition-colors focus-visible:outline-none focus-visible:ring-2 focus-visible:ring-ring focus-visible:ring-offset-2 disabled:pointer-events-none disabled:opacity-50 [&_svg]:pointer-events-none [&_svg]:size-4 [&_svg]:shrink-0 border border-input bg-background hover:bg-accent hover:text-accent-foreground h-10 px-4 py-2 rounded-md"
              type="button"
            >
              Reddet
            </button>
            <button
              class="inline-flex items-center justify-center gap-2 whitespace-nowrap text-sm font-medium ring-offset-background transition-colors focus-visible:outline-none focus-visible:ring-2 focus-visible:ring-ring focus-visible:ring-offset-2 disabled:pointer-events-none disabled:opacity-50 [&_svg]:pointer-events-none [&_svg]:size-4 [&_svg]:shrink-0 bg-primary text-primary-foreground hover:bg-primary/90 h-10 px-4 py-2 rounded-md"
              type="button"
            >
              Kabul Et
            </button>
          </div>
        </div>
      </div>
    </div>
  </div>
</body>

Ignored nodes: comments, script, style
<html>
  <head />
  <body>
    <div>
      <div
        class="flex min-h-screen flex-col bg-background"
      >
        <div
          aria-hidden="true"
          class="h-9"
        />
        <div
          class="fixed inset-x-0 top-0 z-[60] bg-orange-500 px-3 py-2 text-center text-sm font-semibold text-white"
        >
          <div
            class="mx-auto flex max-w-6xl items-center justify-center"
          >
            <p>
              firmascope test yayininda! devami cok yakinda!
            </p>
            <button
              aria-label="Test bannerini kapat"
              class="absolute right-3 rounded p-1 text-white/90 transition hover:bg-white/20 hover:text-white"
              type="button"
            >
              <svg
                class="lucide lucide-x h-4 w-4"
                fill="none"
                height="24"
                stroke="currentColor"
                stroke-linecap="round"
                stroke-linejoin="round"
                stroke-width="2"
                viewBox="0 0 24 24"
                width="24"
                xmlns="http://www.w3.org/2000/svg"
              >
                <path
                  d="M18 6 6 18"
                />
                <path
                  d="m6 6 12 12"
                />
              </svg>
            </button>
          </div>
        </div>
        <header
          class="sticky top-0 z-50 border-b border-border bg-background/95 backdrop-blur supports-[backdrop-filter]:bg-background/60"
        >
          <div
            class="container mx-auto flex h-14 items-center justify-between px-4"
          >
            <a
              class="flex flex-col leading-tight"
              href="/"
            >
              <span
                class="font-display text-lg font-bold text-foreground"
              >
                firmascope
              </span>
              <span
                class="text-xs font-medium text-green-600"
              >
                online
              </span>
            </a>
            <nav
              class="hidden items-center gap-4 md:flex"
            >
              <div
                class="flex items-center text-sm text-muted-foreground"
              >
                <div
                  class="flex items-center"
                >
                  <a
                    class="transition-colors hover:text-foreground"
                    href="/sirketler"
                  >
                    Ara
                  </a>
                </div>
                <div
                  class="flex items-center"
                >
                  <span
                    class="px-2 text-border"
                  >
                    |
                  </span>
                  <a
                    class="transition-colors hover:text-foreground"
                    href="/sirket-oner"
                  >
                    ├ûner
                  </a>
                </div>
                <div
                  class="flex items-center"
                >
                  <span
                    class="px-2 text-border"
                  >
                    |
                  </span>
                  <a
                    class="transition-colors hover:text-foreground"
                    href="/sirketler"
                  >
                    De─ƒerlendir
                  </a>
                </div>
                <div
                  class="flex items-center"
                >
                  <span
                    class="px-2 text-border"
                  >
                    |
                  </span>
                  <a
                    class="transition-colors hover:text-foreground"
                    href="/sirketler"
                  >
                    M├╝lakat
                  </a>
                </div>
                <div
                  class="flex items-center"
                >
                  <span
                    class="px-2 text-border"
                  >
                    |
                  </span>
                  <a
                    class="transition-colors hover:text-foreground"
                    href="/sirketler"
                  >
                    Maa┼ƒ
                  </a>
                </div>
              </div>
              <a
                class="text-sm text-muted-foreground hover:text-foreground transition-colors flex items-center gap-1"
                href="/admin"
              >
                <svg
                  class="lucide lucide-shield h-3.5 w-3.5"
                  fill="none"
                  height="24"
                  stroke="currentColor"
                  stroke-linecap="round"
                  stroke-linejoin="round"
                  stroke-width="2"
                  viewBox="0 0 24 24"
                  width="24"
                  xmlns="http://www.w3.org/2000/svg"
                >
                  <path
                    d="M20 13c0 5-3.5 7.5-7.66 8.95a1 1 0 0 1-.67-.01C7.5 20.5 4 18 4 13V6a1 1 0 0 1 1-1c2 0 4.5-1.2 6.24-2.72a1.17 1.17 0 0 1 1.52 0C14.51 3.81 17 5 19 5a1 1 0 0 1 1 1z"
                  />
                </svg>
                 Admin
              </a>
              <div
                class="flex items-center gap-2"
              >
                <a
                  class="flex items-center gap-1.5 text-sm text-muted-foreground hover:text-foreground transition-colors"
                  href="/profil"
                >
                  <svg
                    class="lucide lucide-user h-3.5 w-3.5"
                    fill="none"
                    height="24"
                    stroke="currentColor"
                    stroke-linecap="round"
                    stroke-linejoin="round"
                    stroke-width="2"
                    viewBox="0 0 24 24"
                    width="24"
                    xmlns="http://www.w3.org/2000/svg"
                  >
                    <path
                      d="M19 21v-2a4 4 0 0 0-4-4H9a4 4 0 0 0-4 4v2"
                    />
                    <circle
                      cx="12"
                      cy="7"
                      r="4"
                    />
                  </svg>
                  <span
                    class="max-w-[120px] truncate"
                  >
                    admin@example.com
                  </span>
                </a>
                <button
                  class="inline-flex items-center justify-center gap-2 whitespace-nowrap text-sm font-medium ring-offset-background transition-colors focus-visible:outline-none focus-visible:ring-2 focus-visible:ring-ring focus-visible:ring-offset-2 disabled:pointer-events-none disabled:opacity-50 [&_svg]:pointer-events-none [&_svg]:size-4 [&_svg]:shrink-0 hover:bg-accent hover:text-accent-foreground h-9 rounded-md px-3 text-muted-foreground"
                >
                  <svg
                    class="lucide lucide-log-out h-4 w-4"
                    fill="none"
                    height="24"
                    stroke="currentColor"
                    stroke-linecap="round"
                    stroke-linejoin="round"
                    stroke-width="2"
                    viewBox="0 0 24 24"
                    width="24"
                    xmlns="http://www.w3.org/2000/svg"
                  >
                    <path
                      d="M9 21H5a2 2 0 0 1-2-2V5a2 2 0 0 1 2-2h4"
                    />
                    <polyline
                      points="16 17 21 12 16 7"
                    />
                    <line
                      x1="21"
                      x2="9"
                      y1="12"
                      y2="12"
                    />
                  </svg>
                </button>
              </div>
            </nav>
            <button
              class="md:hidden text-foreground"
            >
              <svg
                class="lucide lucide-menu h-5 w-5"
                fill="none"
                height="24"
                stroke="currentColor"
                stroke-linecap="round"
                stroke-linejoin="round"
                stroke-width="2"
                viewBox="0 0 24 24"
                width="24"
                xmlns="http://www.w3.org/2000/svg"
              >
                <line
                  x1="4"
                  x2="20"
                  y1="12"
                  y2="12"
                />
                <line
                  x1="4"
                  x2="20"
                  y1="6"
                  y2="6"
                />
                <line
                  x1="4"
                  x2="20"
                  y1="18"
                  y2="18"
                />
              </svg>
            </button>
          </div>
        </header>
        <main
          class="flex-1"
        >
          <div
            class="flex items-center justify-center min-h-[50vh]"
          >
            <p
              class="text-muted-foreground"
            >
              Y├╝kleniyor...
            </p>
          </div>
        </main>
        <footer
          class="border-t border-border bg-background"
        >
          <div
            class="container mx-auto px-4 py-6"
          >
            <div
              class="flex items-center justify-between"
            >
              <a
                class="font-display text-sm font-bold text-foreground"
                href="/"
              >
                firmascope
              </a>
              <a
                class="font-display text-sm font-bold text-foreground hover:text-foreground/80 transition-colors"
                href="/yasal"
              >
                yasal bilgiler
              </a>
            </div>
            <div
              class="mt-4 border-t border-border pt-4 text-center"
            >
              <span
                class="text-xs text-muted-foreground"
              >
                ┬⌐ 
                2026
                 firmascope. t├╝m haklar─▒ sakl─▒d─▒r.
              </span>
            </div>
          </div>
        </footer>
        <div
          class="fixed inset-x-0 bottom-0 z-50 border-t border-border bg-background/95 backdrop-blur supports-[backdrop-filter]:bg-background/85"
        >
          <div
            class="container mx-auto flex flex-col gap-3 px-4 py-4 md:flex-row md:items-center md:justify-between"
          >
            <div
              class="max-w-3xl"
            >
              <p
                class="text-sm font-medium text-foreground"
              >
                Deneyimi iyile┼ƒtirmek ve kullan─▒m ak─▒┼ƒ─▒n─▒ anlamak i├ºin analiz ├ºerezleri kullanabiliriz.
              </p>
              <p
                class="mt-1 text-xs leading-relaxed text-muted-foreground"
              >
                Ayr─▒nt─▒lar i├ºin 
                <a
                  class="font-medium text-foreground underline underline-offset-2"
                  href="/yasal"
                >
                  yasal bilgiler
                </a>
                .
              </p>
            </div>
            <div
              class="flex flex-col gap-2 sm:flex-row"
            >
              <button
                class="inline-flex items-center justify-center gap-2 whitespace-nowrap text-sm font-medium ring-offset-background transition-colors focus-visible:outline-none focus-visible:ring-2 focus-visible:ring-ring focus-visible:ring-offset-2 disabled:pointer-events-none disabled:opacity-50 [&_svg]:pointer-events-none [&_svg]:size-4 [&_svg]:shrink-0 border border-input bg-background hover:bg-accent hover:text-accent-foreground h-10 px-4 py-2 rounded-md"
                type="button"
              >
                Reddet
              </button>
              <button
                class="inline-flex items-center justify-center gap-2 whitespace-nowrap text-sm font-medium ring-offset-background transition-colors focus-visible:outline-none focus-visible:ring-2 focus-visible:ring-ring focus-visible:ring-offset-2 disabled:pointer-events-none disabled:opacity-50 [&_svg]:pointer-events-none [&_svg]:size-4 [&_svg]:shrink-0 bg-primary text-primary-foreground hover:bg-primary/90 h-10 px-4 py-2 rounded-md"
                type="button"
              >
                Kabul Et
              </button>
            </div>
          </div>
        </div>
      </div>
    </div>
  </body>
</html>
 Γ¥» Proxy.waitFor node_modules/@testing-library/dom/dist/wait-for.js:163:27
 Γ¥» src/pages/__tests__/Admin.test.tsx:93:11
     91|     authContextValue.isAdmin = true;
     92|     renderAdmin();
     93|     await waitFor(() => {
       |           ^
     94|       expect(screen.getByText("Y├╢netim paneli")).toBeInTheDocument();
     95|     });

ΓÄ»ΓÄ»ΓÄ»ΓÄ»ΓÄ»ΓÄ»ΓÄ»ΓÄ»ΓÄ»ΓÄ»ΓÄ»ΓÄ»ΓÄ»ΓÄ»ΓÄ»ΓÄ»ΓÄ»ΓÄ»ΓÄ»ΓÄ»ΓÄ»ΓÄ»[10/29]ΓÄ»

 FAIL  src/pages/__tests__/Auth.test.tsx > Auth Page > Render Tests > shows login form by default
TestingLibraryElementError: Found multiple elements with the text: Giri┼ƒ Yap

Here are the matching elements:

Ignored nodes: comments, script, style
<a
  class="inline-flex items-center justify-center gap-2 whitespace-nowrap text-sm font-medium ring-offset-background transition-colors focus-visible:outline-none focus-visible:ring-2 focus-visible:ring-ring focus-visible:ring-offset-2 disabled:pointer-events-none disabled:opacity-50 [&_svg]:pointer-events-none [&_svg]:size-4 [&_svg]:shrink-0 bg-primary text-primary-foreground hover:bg-primary/90 h-9 rounded-md px-3"
  href="/giris"
>
  Giri┼ƒ Yap
</a>

Ignored nodes: comments, script, style
<h1
  class="font-display text-2xl font-bold text-foreground text-center mb-2"
>
  Giri┼ƒ Yap
</h1>

Ignored nodes: comments, script, style
<button
  class="inline-flex items-center justify-center gap-2 whitespace-nowrap rounded-md text-sm font-medium ring-offset-background transition-colors focus-visible:outline-none focus-visible:ring-2 focus-visible:ring-ring focus-visible:ring-offset-2 disabled:pointer-events-none disabled:opacity-50 [&_svg]:pointer-events-none [&_svg]:size-4 [&_svg]:shrink-0 bg-primary text-primary-foreground hover:bg-primary/90 px-4 py-2 w-full h-11"
  type="submit"
>
  Giri┼ƒ Yap
</button>

(If this is intentional, then use the `*AllBy*` variant of the query (like `queryAllByText`, `getAllByText`, or `findAllByText`)).

Ignored nodes: comments, script, style
<body>
  <div>
    <div
      class="flex min-h-screen flex-col bg-background"
    >
      <div
        aria-hidden="true"
        class="h-9"
      />
      <div
        class="fixed inset-x-0 top-0 z-[60] bg-orange-500 px-3 py-2 text-center text-sm font-semibold text-white"
      >
        <div
          class="mx-auto flex max-w-6xl items-center justify-center"
        >
          <p>
            firmascope test yayininda! devami cok yakinda!
          </p>
          <button
            aria-label="Test bannerini kapat"
            class="absolute right-3 rounded p-1 text-white/90 transition hover:bg-white/20 hover:text-white"
            type="button"
          >
            <svg
              class="lucide lucide-x h-4 w-4"
              fill="none"
              height="24"
              stroke="currentColor"
              stroke-linecap="round"
              stroke-linejoin="round"
              stroke-width="2"
              viewBox="0 0 24 24"
              width="24"
              xmlns="http://www.w3.org/2000/svg"
            >
              <path
                d="M18 6 6 18"
              />
              <path
                d="m6 6 12 12"
              />
            </svg>
          </button>
        </div>
      </div>
      <header
        class="sticky top-0 z-50 border-b border-border bg-background/95 backdrop-blur supports-[backdrop-filter]:bg-background/60"
      >
        <div
          class="container mx-auto flex h-14 items-center justify-between px-4"
        >
          <a
            class="flex flex-col leading-tight"
            href="/"
          >
            <span
              class="font-display text-lg font-bold text-foreground"
            >
              firmascope
            </span>
            <span
              class="text-xs font-medium text-muted-foreground"
            >
              offline
            </span>
          </a>
          <nav
            class="hidden items-center gap-4 md:flex"
          >
            <div
              class="flex items-center text-sm text-muted-foreground"
            >
              <div
                class="flex items-center"
              >
                <a
                  class="transition-colors hover:text-foreground"
                  href="/sirketler"
                >
                  Ara
                </a>
              </div>
              <div
                class="flex items-center"
              >
                <span
                  class="px-2 text-border"
                >
                  |
                </span>
                <a
                  class="transition-colors hover:text-foreground"
                  href="/sirket-oner"
                >
                  ├ûner
                </a>
              </div>
              <div
                class="flex items-center"
              >
                <span
                  class="px-2 text-border"
                >
                  |
                </span>
                <a
                  class="transition-colors hover:text-foreground"
                  href="/sirketler"
                >
                  De─ƒerlendir
                </a>
              </div>
              <div
                class="flex items-center"
              >
                <span
                  class="px-2 text-border"
                >
                  |
                </span>
                <a
                  class="transition-colors hover:text-foreground"
                  href="/sirketler"
                >
                  M├╝lakat
                </a>
              </div>
              <div
                class="flex items-center"
              >
                <span
                  class="px-2 text-border"
                >
                  |
                </span>
                <a
                  class="transition-colors hover:text-foreground"
                  href="/sirketler"
                >
                  Maa┼ƒ
                </a>
              </div>
              <div
                class="flex items-center"
              >
                <span
                  class="px-2 text-border"
                >
                  |
                </span>
                <a
                  class="transition-colors hover:text-foreground"
                  href="/giris"
                >
                  ├£ye Ol
                </a>
              </div>
            </div>
            <a
              class="inline-flex items-center justify-center gap-2 whitespace-nowrap text-sm font-medium ring-offset-background transition-colors focus-visible:outline-none focus-visible:ring-2 focus-visible:ring-ring focus-visible:ring-offset-2 disabled:pointer-events-none disabled:opacity-50 [&_svg]:pointer-events-none [&_svg]:size-4 [&_svg]:shrink-0 bg-primary text-primary-foreground hover:bg-primary/90 h-9 rounded-md px-3"
              href...
 Γ¥» Object.getElementError node_modules/@testing-library/dom/dist/config.js:37:19
 Γ¥» getElementError node_modules/@testing-library/dom/dist/query-helpers.js:20:35
 Γ¥» getMultipleElementsFoundError node_modules/@testing-library/dom/dist/query-helpers.js:23:10
 Γ¥» node_modules/@testing-library/dom/dist/query-helpers.js:55:13
 Γ¥» getByText node_modules/@testing-library/dom/dist/query-helpers.js:95:19
 Γ¥» src/pages/__tests__/Auth.test.tsx:89:21
     87|     it("shows login form by default", () => {
     88|       renderAuth();
     89|       expect(screen.getByText("Giri┼ƒ Yap")).toBeInTheDocument();
       |                     ^
     90|       expect(screen.getByLabelText(/e-posta/i)).toBeInTheDocument();
     91|       expect(screen.getByLabelText(/┼ƒifre/i)).toBeInTheDocument();

ΓÄ»ΓÄ»ΓÄ»ΓÄ»ΓÄ»ΓÄ»ΓÄ»ΓÄ»ΓÄ»ΓÄ»ΓÄ»ΓÄ»ΓÄ»ΓÄ»ΓÄ»ΓÄ»ΓÄ»ΓÄ»ΓÄ»ΓÄ»ΓÄ»ΓÄ»[11/29]ΓÄ»

 FAIL  src/pages/__tests__/Auth.test.tsx > Auth Page > Render Tests > switches to signup mode
TestingLibraryElementError: Found multiple elements with the text: Kay─▒t Ol

Here are the matching elements:

Ignored nodes: comments, script, style
<h1
  class="font-display text-2xl font-bold text-foreground text-center mb-2"
>
  Kay─▒t Ol
</h1>

Ignored nodes: comments, script, style
<button
  class="inline-flex items-center justify-center gap-2 whitespace-nowrap rounded-md text-sm font-medium ring-offset-background transition-colors focus-visible:outline-none focus-visible:ring-2 focus-visible:ring-ring focus-visible:ring-offset-2 disabled:pointer-events-none disabled:opacity-50 [&_svg]:pointer-events-none [&_svg]:size-4 [&_svg]:shrink-0 bg-primary text-primary-foreground hover:bg-primary/90 px-4 py-2 w-full h-11"
  type="submit"
>
  Kay─▒t Ol
</button>

(If this is intentional, then use the `*AllBy*` variant of the query (like `queryAllByText`, `getAllByText`, or `findAllByText`)).

Ignored nodes: comments, script, style
<body>
  <div>
    <div
      class="flex min-h-screen flex-col bg-background"
    >
      <div
        aria-hidden="true"
        class="h-9"
      />
      <div
        class="fixed inset-x-0 top-0 z-[60] bg-orange-500 px-3 py-2 text-center text-sm font-semibold text-white"
      >
        <div
          class="mx-auto flex max-w-6xl items-center justify-center"
        >
          <p>
            firmascope test yayininda! devami cok yakinda!
          </p>
          <button
            aria-label="Test bannerini kapat"
            class="absolute right-3 rounded p-1 text-white/90 transition hover:bg-white/20 hover:text-white"
            type="button"
          >
            <svg
              class="lucide lucide-x h-4 w-4"
              fill="none"
              height="24"
              stroke="currentColor"
              stroke-linecap="round"
              stroke-linejoin="round"
              stroke-width="2"
              viewBox="0 0 24 24"
              width="24"
              xmlns="http://www.w3.org/2000/svg"
            >
              <path
                d="M18 6 6 18"
              />
              <path
                d="m6 6 12 12"
              />
            </svg>
          </button>
        </div>
      </div>
      <header
        class="sticky top-0 z-50 border-b border-border bg-background/95 backdrop-blur supports-[backdrop-filter]:bg-background/60"
      >
        <div
          class="container mx-auto flex h-14 items-center justify-between px-4"
        >
          <a
            class="flex flex-col leading-tight"
            href="/"
          >
            <span
              class="font-display text-lg font-bold text-foreground"
            >
              firmascope
            </span>
            <span
              class="text-xs font-medium text-muted-foreground"
            >
              offline
            </span>
          </a>
          <nav
            class="hidden items-center gap-4 md:flex"
          >
            <div
              class="flex items-center text-sm text-muted-foreground"
            >
              <div
                class="flex items-center"
              >
                <a
                  class="transition-colors hover:text-foreground"
                  href="/sirketler"
                >
                  Ara
                </a>
              </div>
              <div
                class="flex items-center"
              >
                <span
                  class="px-2 text-border"
                >
                  |
                </span>
                <a
                  class="transition-colors hover:text-foreground"
                  href="/sirket-oner"
                >
                  ├ûner
                </a>
              </div>
              <div
                class="flex items-center"
              >
                <span
                  class="px-2 text-border"
                >
                  |
                </span>
                <a
                  class="transition-colors hover:text-foreground"
                  href="/sirketler"
                >
                  De─ƒerlendir
                </a>
              </div>
              <div
                class="flex items-center"
              >
                <span
                  class="px-2 text-border"
                >
                  |
                </span>
                <a
                  class="transition-colors hover:text-foreground"
                  href="/sirketler"
                >
                  M├╝lakat
                </a>
              </div>
              <div
                class="flex items-center"
              >
                <span
                  class="px-2 text-border"
                >
                  |
                </span>
                <a
                  class="transition-colors hover:text-foreground"
                  href="/sirketler"
                >
                  Maa┼ƒ
                </a>
              </div>
              <div
                class="flex items-center"
              >
                <span
                  class="px-2 text-border"
                >
                  |
                </span>
                <a
                  class="transition-colors hover:text-foreground"
                  href="/giris"
                >
                  ├£ye Ol
                </a>
              </div>
            </div>
            <a
              class="inline-flex items-center justify-center gap-2 whitespace-nowrap text-sm font-medium ring-offset-background transition-colors focus-visible:outline-none focus-visible:ring-2 focus-visible:ring-ring focus-visible:ring-offset-2 disabled:pointer-events-none disabled:opacity-50 [&_svg]:pointer-events-none [&_svg]:size-4 [&_svg]:shrink-0 bg-primary text-primary-foreground hover:bg-primary/90 h-9 rounded-md px-3"
              href...
 Γ¥» Object.getElementError node_modules/@testing-library/dom/dist/config.js:37:19
 Γ¥» getElementError node_modules/@testing-library/dom/dist/query-helpers.js:20:35
 Γ¥» getMultipleElementsFoundError node_modules/@testing-library/dom/dist/query-helpers.js:23:10
 Γ¥» node_modules/@testing-library/dom/dist/query-helpers.js:55:13
 Γ¥» getByText node_modules/@testing-library/dom/dist/query-helpers.js:95:19
 Γ¥» src/pages/__tests__/Auth.test.tsx:99:21
     97|       renderAuth();
     98|       await user.click(screen.getByText("Kay─▒t Ol"));
     99|       expect(screen.getByText("Kay─▒t Ol")).toBeInTheDocument();
       |                     ^
    100|       expect(screen.getByText("Zaten hesab─▒n─▒z var m─▒?")).toBeInTheDocΓÇª
    101|     });

ΓÄ»ΓÄ»ΓÄ»ΓÄ»ΓÄ»ΓÄ»ΓÄ»ΓÄ»ΓÄ»ΓÄ»ΓÄ»ΓÄ»ΓÄ»ΓÄ»ΓÄ»ΓÄ»ΓÄ»ΓÄ»ΓÄ»ΓÄ»ΓÄ»ΓÄ»[12/29]ΓÄ»

 FAIL  src/pages/__tests__/Auth.test.tsx > Auth Page > Email/Password Login > shows validation error for invalid email
TestingLibraryElementError: Unable to find an element with the text: Ge├ºerli bir e-posta adresi girin. This could be because the text is broken up by multiple elements. In this case, you can provide a function for your text matcher to make your matcher more flexible.

Ignored nodes: comments, script, style
<body>
  <div>
    <div
      class="flex min-h-screen flex-col bg-background"
    >
      <div
        aria-hidden="true"
        class="h-9"
      />
      <div
        class="fixed inset-x-0 top-0 z-[60] bg-orange-500 px-3 py-2 text-center text-sm font-semibold text-white"
      >
        <div
          class="mx-auto flex max-w-6xl items-center justify-center"
        >
          <p>
            firmascope test yayininda! devami cok yakinda!
          </p>
          <button
            aria-label="Test bannerini kapat"
            class="absolute right-3 rounded p-1 text-white/90 transition hover:bg-white/20 hover:text-white"
            type="button"
          >
            <svg
              class="lucide lucide-x h-4 w-4"
              fill="none"
              height="24"
              stroke="currentColor"
              stroke-linecap="round"
              stroke-linejoin="round"
              stroke-width="2"
              viewBox="0 0 24 24"
              width="24"
              xmlns="http://www.w3.org/2000/svg"
            >
              <path
                d="M18 6 6 18"
              />
              <path
                d="m6 6 12 12"
              />
            </svg>
          </button>
        </div>
      </div>
      <header
        class="sticky top-0 z-50 border-b border-border bg-background/95 backdrop-blur supports-[backdrop-filter]:bg-background/60"
      >
        <div
          class="container mx-auto flex h-14 items-center justify-between px-4"
        >
          <a
            class="flex flex-col leading-tight"
            href="/"
          >
            <span
              class="font-display text-lg font-bold text-foreground"
            >
              firmascope
            </span>
            <span
              class="text-xs font-medium text-muted-foreground"
            >
              offline
            </span>
          </a>
          <nav
            class="hidden items-center gap-4 md:flex"
          >
            <div
              class="flex items-center text-sm text-muted-foreground"
            >
              <div
                class="flex items-center"
              >
                <a
                  class="transition-colors hover:text-foreground"
                  href="/sirketler"
                >
                  Ara
                </a>
              </div>
              <div
                class="flex items-center"
              >
                <span
                  class="px-2 text-border"
                >
                  |
                </span>
                <a
                  class="transition-colors hover:text-foreground"
                  href="/sirket-oner"
                >
                  ├ûner
                </a>
              </div>
              <div
                class="flex items-center"
              >
                <span
                  class="px-2 text-border"
                >
                  |
                </span>
                <a
                  class="transition-colors hover:text-foreground"
                  href="/sirketler"
                >
                  De─ƒerlendir
                </a>
              </div>
              <div
                class="flex items-center"
              >
                <span
                  class="px-2 text-border"
                >
                  |
                </span>
                <a
                  class="transition-colors hover:text-foreground"
                  href="/sirketler"
                >
                  M├╝lakat
                </a>
              </div>
              <div
                class="flex items-center"
              >
                <span
                  class="px-2 text-border"
                >
                  |
                </span>
                <a
                  class="transition-colors hover:text-foreground"
                  href="/sirketler"
                >
                  Maa┼ƒ
                </a>
              </div>
              <div
                class="flex items-center"
              >
                <span
                  class="px-2 text-border"
                >
                  |
                </span>
                <a
                  class="transition-colors hover:text-foreground"
                  href="/giris"
                >
                  ├£ye Ol
                </a>
              </div>
            </div>
            <a
              class="inline-flex items-center justify-center gap-2 whitespace-nowrap text-sm font-medium ring-offset-background transition-colors focus-visible:outline-none focus-visible:ring-2 focus-visible:ring-ring focus-visible:ring-offset-2 disabled:pointer-events-none disabled:opacity-50 [&_svg]:pointer-events-none [&_svg]:size-4 [&_svg]:shrink-0 bg-primary text-primary-foreground hover:bg-primary/90 h-9 rounded-md px-3"
              href...
 Γ¥» Object.getElementError node_modules/@testing-library/dom/dist/config.js:37:19
 Γ¥» node_modules/@testing-library/dom/dist/query-helpers.js:76:38
 Γ¥» node_modules/@testing-library/dom/dist/query-helpers.js:52:17
 Γ¥» getByText node_modules/@testing-library/dom/dist/query-helpers.js:95:19
 Γ¥» src/pages/__tests__/Auth.test.tsx:136:21
    134|       await user.click(screen.getByRole("button", { name: /giri┼ƒ yap/iΓÇª
    135| 
    136|       expect(screen.getByText("Ge├ºerli bir e-posta adresi girin")).toBΓÇª
       |                     ^
    137|     });
    138| 

ΓÄ»ΓÄ»ΓÄ»ΓÄ»ΓÄ»ΓÄ»ΓÄ»ΓÄ»ΓÄ»ΓÄ»ΓÄ»ΓÄ»ΓÄ»ΓÄ»ΓÄ»ΓÄ»ΓÄ»ΓÄ»ΓÄ»ΓÄ»ΓÄ»ΓÄ»[13/29]ΓÄ»

 FAIL  src/pages/__tests__/Auth.test.tsx > Auth Page > Email/Password Login > shows validation error for short password
TestingLibraryElementError: Unable to find an element with the text: ┼₧ifre en az 6 karakter olmal─▒d─▒r. This could be because the text is broken up by multiple elements. In this case, you can provide a function for your text matcher to make your matcher more flexible.

Ignored nodes: comments, script, style
<body>
  <div>
    <div
      class="flex min-h-screen flex-col bg-background"
    >
      <div
        aria-hidden="true"
        class="h-9"
      />
      <div
        class="fixed inset-x-0 top-0 z-[60] bg-orange-500 px-3 py-2 text-center text-sm font-semibold text-white"
      >
        <div
          class="mx-auto flex max-w-6xl items-center justify-center"
        >
          <p>
            firmascope test yayininda! devami cok yakinda!
          </p>
          <button
            aria-label="Test bannerini kapat"
            class="absolute right-3 rounded p-1 text-white/90 transition hover:bg-white/20 hover:text-white"
            type="button"
          >
            <svg
              class="lucide lucide-x h-4 w-4"
              fill="none"
              height="24"
              stroke="currentColor"
              stroke-linecap="round"
              stroke-linejoin="round"
              stroke-width="2"
              viewBox="0 0 24 24"
              width="24"
              xmlns="http://www.w3.org/2000/svg"
            >
              <path
                d="M18 6 6 18"
              />
              <path
                d="m6 6 12 12"
              />
            </svg>
          </button>
        </div>
      </div>
      <header
        class="sticky top-0 z-50 border-b border-border bg-background/95 backdrop-blur supports-[backdrop-filter]:bg-background/60"
      >
        <div
          class="container mx-auto flex h-14 items-center justify-between px-4"
        >
          <a
            class="flex flex-col leading-tight"
            href="/"
          >
            <span
              class="font-display text-lg font-bold text-foreground"
            >
              firmascope
            </span>
            <span
              class="text-xs font-medium text-muted-foreground"
            >
              offline
            </span>
          </a>
          <nav
            class="hidden items-center gap-4 md:flex"
          >
            <div
              class="flex items-center text-sm text-muted-foreground"
            >
              <div
                class="flex items-center"
              >
                <a
                  class="transition-colors hover:text-foreground"
                  href="/sirketler"
                >
                  Ara
                </a>
              </div>
              <div
                class="flex items-center"
              >
                <span
                  class="px-2 text-border"
                >
                  |
                </span>
                <a
                  class="transition-colors hover:text-foreground"
                  href="/sirket-oner"
                >
                  ├ûner
                </a>
              </div>
              <div
                class="flex items-center"
              >
                <span
                  class="px-2 text-border"
                >
                  |
                </span>
                <a
                  class="transition-colors hover:text-foreground"
                  href="/sirketler"
                >
                  De─ƒerlendir
                </a>
              </div>
              <div
                class="flex items-center"
              >
                <span
                  class="px-2 text-border"
                >
                  |
                </span>
                <a
                  class="transition-colors hover:text-foreground"
                  href="/sirketler"
                >
                  M├╝lakat
                </a>
              </div>
              <div
                class="flex items-center"
              >
                <span
                  class="px-2 text-border"
                >
                  |
                </span>
                <a
                  class="transition-colors hover:text-foreground"
                  href="/sirketler"
                >
                  Maa┼ƒ
                </a>
              </div>
              <div
                class="flex items-center"
              >
                <span
                  class="px-2 text-border"
                >
                  |
                </span>
                <a
                  class="transition-colors hover:text-foreground"
                  href="/giris"
                >
                  ├£ye Ol
                </a>
              </div>
            </div>
            <a
              class="inline-flex items-center justify-center gap-2 whitespace-nowrap text-sm font-medium ring-offset-background transition-colors focus-visible:outline-none focus-visible:ring-2 focus-visible:ring-ring focus-visible:ring-offset-2 disabled:pointer-events-none disabled:opacity-50 [&_svg]:pointer-events-none [&_svg]:size-4 [&_svg]:shrink-0 bg-primary text-primary-foreground hover:bg-primary/90 h-9 rounded-md px-3"
              href...
 Γ¥» Object.getElementError node_modules/@testing-library/dom/dist/config.js:37:19
 Γ¥» node_modules/@testing-library/dom/dist/query-helpers.js:76:38
 Γ¥» node_modules/@testing-library/dom/dist/query-helpers.js:52:17
 Γ¥» getByText node_modules/@testing-library/dom/dist/query-helpers.js:95:19
 Γ¥» src/pages/__tests__/Auth.test.tsx:146:21
    144|       await user.click(screen.getByRole("button", { name: /giri┼ƒ yap/iΓÇª
    145| 
    146|       expect(screen.getByText("┼₧ifre en az 6 karakter olmal─▒d─▒r")).toBΓÇª
       |                     ^
    147|     });
    148| 

ΓÄ»ΓÄ»ΓÄ»ΓÄ»ΓÄ»ΓÄ»ΓÄ»ΓÄ»ΓÄ»ΓÄ»ΓÄ»ΓÄ»ΓÄ»ΓÄ»ΓÄ»ΓÄ»ΓÄ»ΓÄ»ΓÄ»ΓÄ»ΓÄ»ΓÄ»[14/29]ΓÄ»

 FAIL  src/pages/__tests__/Auth.test.tsx > Auth Page > Email/Password Login > shows error toast for wrong password
TestingLibraryElementError: Unable to find an element with the text: E-posta veya ┼ƒifre hatal─▒.. This could be because the text is broken up by multiple elements. In this case, you can provide a function for your text matcher to make your matcher more flexible.

Ignored nodes: comments, script, style
<body>
  <div>
    <div
      class="flex min-h-screen flex-col bg-background"
    >
      <div
        aria-hidden="true"
        class="h-9"
      />
      <div
        class="fixed inset-x-0 top-0 z-[60] bg-orange-500 px-3 py-2 text-center text-sm font-semibold text-white"
      >
        <div
          class="mx-auto flex max-w-6xl items-center justify-center"
        >
          <p>
            firmascope test yayininda! devami cok yakinda!
          </p>
          <button
            aria-label="Test bannerini kapat"
            class="absolute right-3 rounded p-1 text-white/90 transition hover:bg-white/20 hover:text-white"
            type="button"
          >
            <svg
              class="lucide lucide-x h-4 w-4"
              fill="none"
              height="24"
              stroke="currentColor"
              stroke-linecap="round"
              stroke-linejoin="round"
              stroke-width="2"
              viewBox="0 0 24 24"
              width="24"
              xmlns="http://www.w3.org/2000/svg"
            >
              <path
                d="M18 6 6 18"
              />
              <path
                d="m6 6 12 12"
              />
            </svg>
          </button>
        </div>
      </div>
      <header
        class="sticky top-0 z-50 border-b border-border bg-background/95 backdrop-blur supports-[backdrop-filter]:bg-background/60"
      >
        <div
          class="container mx-auto flex h-14 items-center justify-between px-4"
        >
          <a
            class="flex flex-col leading-tight"
            href="/"
          >
            <span
              class="font-display text-lg font-bold text-foreground"
            >
              firmascope
            </span>
            <span
              class="text-xs font-medium text-muted-foreground"
            >
              offline
            </span>
          </a>
          <nav
            class="hidden items-center gap-4 md:flex"
          >
            <div
              class="flex items-center text-sm text-muted-foreground"
            >
              <div
                class="flex items-center"
              >
                <a
                  class="transition-colors hover:text-foreground"
                  href="/sirketler"
                >
                  Ara
                </a>
              </div>
              <div
                class="flex items-center"
              >
                <span
                  class="px-2 text-border"
                >
                  |
                </span>
                <a
                  class="transition-colors hover:text-foreground"
                  href="/sirket-oner"
                >
                  ├ûner
                </a>
              </div>
              <div
                class="flex items-center"
              >
                <span
                  class="px-2 text-border"
                >
                  |
                </span>
                <a
                  class="transition-colors hover:text-foreground"
                  href="/sirketler"
                >
                  De─ƒerlendir
                </a>
              </div>
              <div
                class="flex items-center"
              >
                <span
                  class="px-2 text-border"
                >
                  |
                </span>
                <a
                  class="transition-colors hover:text-foreground"
                  href="/sirketler"
                >
                  M├╝lakat
                </a>
              </div>
              <div
                class="flex items-center"
              >
                <span
                  class="px-2 text-border"
                >
                  |
                </span>
                <a
                  class="transition-colors hover:text-foreground"
                  href="/sirketler"
                >
                  Maa┼ƒ
                </a>
              </div>
              <div
                class="flex items-center"
              >
                <span
                  class="px-2 text-border"
                >
                  |
                </span>
                <a
                  class="transition-colors hover:text-foreground"
                  href="/giris"
                >
                  ├£ye Ol
                </a>
              </div>
            </div>
            <a
              class="inline-flex items-center justify-center gap-2 whitespace-nowrap text-sm font-medium ring-offset-background transition-colors focus-visible:outline-none focus-visible:ring-2 focus-visible:ring-ring focus-visible:ring-offset-2 disabled:pointer-events-none disabled:opacity-50 [&_svg]:pointer-events-none [&_svg]:size-4 [&_svg]:shrink-0 bg-primary text-primary-foreground hover:bg-primary/90 h-9 rounded-md px-3"
              href...

Ignored nodes: comments, script, style
<html>
  <head />
  <body>
    <div>
      <div
        class="flex min-h-screen flex-col bg-background"
      >
        <div
          aria-hidden="true"
          class="h-9"
        />
        <div
          class="fixed inset-x-0 top-0 z-[60] bg-orange-500 px-3 py-2 text-center text-sm font-semibold text-white"
        >
          <div
            class="mx-auto flex max-w-6xl items-center justify-center"
          >
            <p>
              firmascope test yayininda! devami cok yakinda!
            </p>
            <button
              aria-label="Test bannerini kapat"
              class="absolute right-3 rounded p-1 text-white/90 transition hover:bg-white/20 hover:text-white"
              type="button"
            >
              <svg
                class="lucide lucide-x h-4 w-4"
                fill="none"
                height="24"
                stroke="currentColor"
                stroke-linecap="round"
                stroke-linejoin="round"
                stroke-width="2"
                viewBox="0 0 24 24"
                width="24"
                xmlns="http://www.w3.org/2000/svg"
              >
                <path
                  d="M18 6 6 18"
                />
                <path
                  d="m6 6 12 12"
                />
              </svg>
            </button>
          </div>
        </div>
        <header
          class="sticky top-0 z-50 border-b border-border bg-background/95 backdrop-blur supports-[backdrop-filter]:bg-background/60"
        >
          <div
            class="container mx-auto flex h-14 items-center justify-between px-4"
          >
            <a
              class="flex flex-col leading-tight"
              href="/"
            >
              <span
                class="font-display text-lg font-bold text-foreground"
              >
                firmascope
              </span>
              <span
                class="text-xs font-medium text-muted-foreground"
              >
                offline
              </span>
            </a>
            <nav
              class="hidden items-center gap-4 md:flex"
            >
              <div
                class="flex items-center text-sm text-muted-foreground"
              >
                <div
                  class="flex items-center"
                >
                  <a
                    class="transition-colors hover:text-foreground"
                    href="/sirketler"
                  >
                    Ara
                  </a>
                </div>
                <div
                  class="flex items-center"
                >
                  <span
                    class="px-2 text-border"
                  >
                    |
                  </span>
                  <a
                    class="transition-colors hover:text-foreground"
                    href="/sirket-oner"
                  >
                    ├ûner
                  </a>
                </div>
                <div
                  class="flex items-center"
                >
                  <span
                    class="px-2 text-border"
                  >
                    |
                  </span>
                  <a
                    class="transition-colors hover:text-foreground"
                    href="/sirketler"
                  >
                    De─ƒerlendir
                  </a>
                </div>
                <div
                  class="flex items-center"
                >
                  <span
                    class="px-2 text-border"
                  >
                    |
                  </span>
                  <a
                    class="transition-colors hover:text-foreground"
                    href="/sirketler"
                  >
                    M├╝lakat
                  </a>
                </div>
                <div
                  class="flex items-center"
                >
                  <span
                    class="px-2 text-border"
                  >
                    |
                  </span>
                  <a
                    class="transition-colors hover:text-foreground"
                    href="/sirketler"
                  >
                    Maa┼ƒ
                  </a>
                </div>
                <div
                  class="flex items-center"
                >
                  <span
                    class="px-2 text-border"
                  >
                    |
                  </span>
                  <a
                    class="transition-colors hover:text-foreground"
                    href="/giris"
                  >
                    ├£ye Ol
                  </a>
                </div>
              </div>
              <a
                class="inline-flex items-center justify-center gap-2 whitespace-nowrap text-sm font-med...
 Γ¥» Proxy.waitFor node_modules/@testing-library/dom/dist/wait-for.js:163:27
 Γ¥» src/pages/__tests__/Auth.test.tsx:161:13
    159|       await user.click(screen.getByRole("button", { name: /giri┼ƒ yap/iΓÇª
    160| 
    161|       await waitFor(() => {
       |             ^
    162|         expect(screen.getByText("E-posta veya ┼ƒifre hatal─▒.")).toBeInTΓÇª
    163|       });

ΓÄ»ΓÄ»ΓÄ»ΓÄ»ΓÄ»ΓÄ»ΓÄ»ΓÄ»ΓÄ»ΓÄ»ΓÄ»ΓÄ»ΓÄ»ΓÄ»ΓÄ»ΓÄ»ΓÄ»ΓÄ»ΓÄ»ΓÄ»ΓÄ»ΓÄ»[15/29]ΓÄ»

 FAIL  src/pages/__tests__/Auth.test.tsx > Auth Page > Email/Password Login > shows generic error for unknown errors
TestingLibraryElementError: Unable to find an element with the text: Some unknown error. This could be because the text is broken up by multiple elements. In this case, you can provide a function for your text matcher to make your matcher more flexible.

Ignored nodes: comments, script, style
<body>
  <div>
    <div
      class="flex min-h-screen flex-col bg-background"
    >
      <div
        aria-hidden="true"
        class="h-9"
      />
      <div
        class="fixed inset-x-0 top-0 z-[60] bg-orange-500 px-3 py-2 text-center text-sm font-semibold text-white"
      >
        <div
          class="mx-auto flex max-w-6xl items-center justify-center"
        >
          <p>
            firmascope test yayininda! devami cok yakinda!
          </p>
          <button
            aria-label="Test bannerini kapat"
            class="absolute right-3 rounded p-1 text-white/90 transition hover:bg-white/20 hover:text-white"
            type="button"
          >
            <svg
              class="lucide lucide-x h-4 w-4"
              fill="none"
              height="24"
              stroke="currentColor"
              stroke-linecap="round"
              stroke-linejoin="round"
              stroke-width="2"
              viewBox="0 0 24 24"
              width="24"
              xmlns="http://www.w3.org/2000/svg"
            >
              <path
                d="M18 6 6 18"
              />
              <path
                d="m6 6 12 12"
              />
            </svg>
          </button>
        </div>
      </div>
      <header
        class="sticky top-0 z-50 border-b border-border bg-background/95 backdrop-blur supports-[backdrop-filter]:bg-background/60"
      >
        <div
          class="container mx-auto flex h-14 items-center justify-between px-4"
        >
          <a
            class="flex flex-col leading-tight"
            href="/"
          >
            <span
              class="font-display text-lg font-bold text-foreground"
            >
              firmascope
            </span>
            <span
              class="text-xs font-medium text-muted-foreground"
            >
              offline
            </span>
          </a>
          <nav
            class="hidden items-center gap-4 md:flex"
          >
            <div
              class="flex items-center text-sm text-muted-foreground"
            >
              <div
                class="flex items-center"
              >
                <a
                  class="transition-colors hover:text-foreground"
                  href="/sirketler"
                >
                  Ara
                </a>
              </div>
              <div
                class="flex items-center"
              >
                <span
                  class="px-2 text-border"
                >
                  |
                </span>
                <a
                  class="transition-colors hover:text-foreground"
                  href="/sirket-oner"
                >
                  ├ûner
                </a>
              </div>
              <div
                class="flex items-center"
              >
                <span
                  class="px-2 text-border"
                >
                  |
                </span>
                <a
                  class="transition-colors hover:text-foreground"
                  href="/sirketler"
                >
                  De─ƒerlendir
                </a>
              </div>
              <div
                class="flex items-center"
              >
                <span
                  class="px-2 text-border"
                >
                  |
                </span>
                <a
                  class="transition-colors hover:text-foreground"
                  href="/sirketler"
                >
                  M├╝lakat
                </a>
              </div>
              <div
                class="flex items-center"
              >
                <span
                  class="px-2 text-border"
                >
                  |
                </span>
                <a
                  class="transition-colors hover:text-foreground"
                  href="/sirketler"
                >
                  Maa┼ƒ
                </a>
              </div>
              <div
                class="flex items-center"
              >
                <span
                  class="px-2 text-border"
                >
                  |
                </span>
                <a
                  class="transition-colors hover:text-foreground"
                  href="/giris"
                >
                  ├£ye Ol
                </a>
              </div>
            </div>
            <a
              class="inline-flex items-center justify-center gap-2 whitespace-nowrap text-sm font-medium ring-offset-background transition-colors focus-visible:outline-none focus-visible:ring-2 focus-visible:ring-ring focus-visible:ring-offset-2 disabled:pointer-events-none disabled:opacity-50 [&_svg]:pointer-events-none [&_svg]:size-4 [&_svg]:shrink-0 bg-primary text-primary-foreground hover:bg-primary/90 h-9 rounded-md px-3"
              href...

Ignored nodes: comments, script, style
<html>
  <head />
  <body>
    <div>
      <div
        class="flex min-h-screen flex-col bg-background"
      >
        <div
          aria-hidden="true"
          class="h-9"
        />
        <div
          class="fixed inset-x-0 top-0 z-[60] bg-orange-500 px-3 py-2 text-center text-sm font-semibold text-white"
        >
          <div
            class="mx-auto flex max-w-6xl items-center justify-center"
          >
            <p>
              firmascope test yayininda! devami cok yakinda!
            </p>
            <button
              aria-label="Test bannerini kapat"
              class="absolute right-3 rounded p-1 text-white/90 transition hover:bg-white/20 hover:text-white"
              type="button"
            >
              <svg
                class="lucide lucide-x h-4 w-4"
                fill="none"
                height="24"
                stroke="currentColor"
                stroke-linecap="round"
                stroke-linejoin="round"
                stroke-width="2"
                viewBox="0 0 24 24"
                width="24"
                xmlns="http://www.w3.org/2000/svg"
              >
                <path
                  d="M18 6 6 18"
                />
                <path
                  d="m6 6 12 12"
                />
              </svg>
            </button>
          </div>
        </div>
        <header
          class="sticky top-0 z-50 border-b border-border bg-background/95 backdrop-blur supports-[backdrop-filter]:bg-background/60"
        >
          <div
            class="container mx-auto flex h-14 items-center justify-between px-4"
          >
            <a
              class="flex flex-col leading-tight"
              href="/"
            >
              <span
                class="font-display text-lg font-bold text-foreground"
              >
                firmascope
              </span>
              <span
                class="text-xs font-medium text-muted-foreground"
              >
                offline
              </span>
            </a>
            <nav
              class="hidden items-center gap-4 md:flex"
            >
              <div
                class="flex items-center text-sm text-muted-foreground"
              >
                <div
                  class="flex items-center"
                >
                  <a
                    class="transition-colors hover:text-foreground"
                    href="/sirketler"
                  >
                    Ara
                  </a>
                </div>
                <div
                  class="flex items-center"
                >
                  <span
                    class="px-2 text-border"
                  >
                    |
                  </span>
                  <a
                    class="transition-colors hover:text-foreground"
                    href="/sirket-oner"
                  >
                    ├ûner
                  </a>
                </div>
                <div
                  class="flex items-center"
                >
                  <span
                    class="px-2 text-border"
                  >
                    |
                  </span>
                  <a
                    class="transition-colors hover:text-foreground"
                    href="/sirketler"
                  >
                    De─ƒerlendir
                  </a>
                </div>
                <div
                  class="flex items-center"
                >
                  <span
                    class="px-2 text-border"
                  >
                    |
                  </span>
                  <a
                    class="transition-colors hover:text-foreground"
                    href="/sirketler"
                  >
                    M├╝lakat
                  </a>
                </div>
                <div
                  class="flex items-center"
                >
                  <span
                    class="px-2 text-border"
                  >
                    |
                  </span>
                  <a
                    class="transition-colors hover:text-foreground"
                    href="/sirketler"
                  >
                    Maa┼ƒ
                  </a>
                </div>
                <div
                  class="flex items-center"
                >
                  <span
                    class="px-2 text-border"
                  >
                    |
                  </span>
                  <a
                    class="transition-colors hover:text-foreground"
                    href="/giris"
                  >
                    ├£ye Ol
                  </a>
                </div>
              </div>
              <a
                class="inline-flex items-center justify-center gap-2 whitespace-nowrap text-sm font-med...
 Γ¥» Proxy.waitFor node_modules/@testing-library/dom/dist/wait-for.js:163:27
 Γ¥» src/pages/__tests__/Auth.test.tsx:195:13
    193|       await user.click(screen.getByRole("button", { name: /giri┼ƒ yap/iΓÇª
    194| 
    195|       await waitFor(() => {
       |             ^
    196|         expect(screen.getByText("Some unknown error")).toBeInTheDocumeΓÇª
    197|       });

ΓÄ»ΓÄ»ΓÄ»ΓÄ»ΓÄ»ΓÄ»ΓÄ»ΓÄ»ΓÄ»ΓÄ»ΓÄ»ΓÄ»ΓÄ»ΓÄ»ΓÄ»ΓÄ»ΓÄ»ΓÄ»ΓÄ»ΓÄ»ΓÄ»ΓÄ»[16/29]ΓÄ»

 FAIL  src/pages/__tests__/Auth.test.tsx > Auth Page > Signup > calls signUp and shows success toast
TestingLibraryElementError: Unable to find an element with the text: E-postan─▒z─▒ kontrol edin ve hesab─▒n─▒z─▒ onaylay─▒n.. This could be because the text is broken up by multiple elements. In this case, you can provide a function for your text matcher to make your matcher more flexible.

Ignored nodes: comments, script, style
<body>
  <div>
    <div
      class="flex min-h-screen flex-col bg-background"
    >
      <div
        aria-hidden="true"
        class="h-9"
      />
      <div
        class="fixed inset-x-0 top-0 z-[60] bg-orange-500 px-3 py-2 text-center text-sm font-semibold text-white"
      >
        <div
          class="mx-auto flex max-w-6xl items-center justify-center"
        >
          <p>
            firmascope test yayininda! devami cok yakinda!
          </p>
          <button
            aria-label="Test bannerini kapat"
            class="absolute right-3 rounded p-1 text-white/90 transition hover:bg-white/20 hover:text-white"
            type="button"
          >
            <svg
              class="lucide lucide-x h-4 w-4"
              fill="none"
              height="24"
              stroke="currentColor"
              stroke-linecap="round"
              stroke-linejoin="round"
              stroke-width="2"
              viewBox="0 0 24 24"
              width="24"
              xmlns="http://www.w3.org/2000/svg"
            >
              <path
                d="M18 6 6 18"
              />
              <path
                d="m6 6 12 12"
              />
            </svg>
          </button>
        </div>
      </div>
      <header
        class="sticky top-0 z-50 border-b border-border bg-background/95 backdrop-blur supports-[backdrop-filter]:bg-background/60"
      >
        <div
          class="container mx-auto flex h-14 items-center justify-between px-4"
        >
          <a
            class="flex flex-col leading-tight"
            href="/"
          >
            <span
              class="font-display text-lg font-bold text-foreground"
            >
              firmascope
            </span>
            <span
              class="text-xs font-medium text-muted-foreground"
            >
              offline
            </span>
          </a>
          <nav
            class="hidden items-center gap-4 md:flex"
          >
            <div
              class="flex items-center text-sm text-muted-foreground"
            >
              <div
                class="flex items-center"
              >
                <a
                  class="transition-colors hover:text-foreground"
                  href="/sirketler"
                >
                  Ara
                </a>
              </div>
              <div
                class="flex items-center"
              >
                <span
                  class="px-2 text-border"
                >
                  |
                </span>
                <a
                  class="transition-colors hover:text-foreground"
                  href="/sirket-oner"
                >
                  ├ûner
                </a>
              </div>
              <div
                class="flex items-center"
              >
                <span
                  class="px-2 text-border"
                >
                  |
                </span>
                <a
                  class="transition-colors hover:text-foreground"
                  href="/sirketler"
                >
                  De─ƒerlendir
                </a>
              </div>
              <div
                class="flex items-center"
              >
                <span
                  class="px-2 text-border"
                >
                  |
                </span>
                <a
                  class="transition-colors hover:text-foreground"
                  href="/sirketler"
                >
                  M├╝lakat
                </a>
              </div>
              <div
                class="flex items-center"
              >
                <span
                  class="px-2 text-border"
                >
                  |
                </span>
                <a
                  class="transition-colors hover:text-foreground"
                  href="/sirketler"
                >
                  Maa┼ƒ
                </a>
              </div>
              <div
                class="flex items-center"
              >
                <span
                  class="px-2 text-border"
                >
                  |
                </span>
                <a
                  class="transition-colors hover:text-foreground"
                  href="/giris"
                >
                  ├£ye Ol
                </a>
              </div>
            </div>
            <a
              class="inline-flex items-center justify-center gap-2 whitespace-nowrap text-sm font-medium ring-offset-background transition-colors focus-visible:outline-none focus-visible:ring-2 focus-visible:ring-ring focus-visible:ring-offset-2 disabled:pointer-events-none disabled:opacity-50 [&_svg]:pointer-events-none [&_svg]:size-4 [&_svg]:shrink-0 bg-primary text-primary-foreground hover:bg-primary/90 h-9 rounded-md px-3"
              href...

Ignored nodes: comments, script, style
<html>
  <head />
  <body>
    <div>
      <div
        class="flex min-h-screen flex-col bg-background"
      >
        <div
          aria-hidden="true"
          class="h-9"
        />
        <div
          class="fixed inset-x-0 top-0 z-[60] bg-orange-500 px-3 py-2 text-center text-sm font-semibold text-white"
        >
          <div
            class="mx-auto flex max-w-6xl items-center justify-center"
          >
            <p>
              firmascope test yayininda! devami cok yakinda!
            </p>
            <button
              aria-label="Test bannerini kapat"
              class="absolute right-3 rounded p-1 text-white/90 transition hover:bg-white/20 hover:text-white"
              type="button"
            >
              <svg
                class="lucide lucide-x h-4 w-4"
                fill="none"
                height="24"
                stroke="currentColor"
                stroke-linecap="round"
                stroke-linejoin="round"
                stroke-width="2"
                viewBox="0 0 24 24"
                width="24"
                xmlns="http://www.w3.org/2000/svg"
              >
                <path
                  d="M18 6 6 18"
                />
                <path
                  d="m6 6 12 12"
                />
              </svg>
            </button>
          </div>
        </div>
        <header
          class="sticky top-0 z-50 border-b border-border bg-background/95 backdrop-blur supports-[backdrop-filter]:bg-background/60"
        >
          <div
            class="container mx-auto flex h-14 items-center justify-between px-4"
          >
            <a
              class="flex flex-col leading-tight"
              href="/"
            >
              <span
                class="font-display text-lg font-bold text-foreground"
              >
                firmascope
              </span>
              <span
                class="text-xs font-medium text-muted-foreground"
              >
                offline
              </span>
            </a>
            <nav
              class="hidden items-center gap-4 md:flex"
            >
              <div
                class="flex items-center text-sm text-muted-foreground"
              >
                <div
                  class="flex items-center"
                >
                  <a
                    class="transition-colors hover:text-foreground"
                    href="/sirketler"
                  >
                    Ara
                  </a>
                </div>
                <div
                  class="flex items-center"
                >
                  <span
                    class="px-2 text-border"
                  >
                    |
                  </span>
                  <a
                    class="transition-colors hover:text-foreground"
                    href="/sirket-oner"
                  >
                    ├ûner
                  </a>
                </div>
                <div
                  class="flex items-center"
                >
                  <span
                    class="px-2 text-border"
                  >
                    |
                  </span>
                  <a
                    class="transition-colors hover:text-foreground"
                    href="/sirketler"
                  >
                    De─ƒerlendir
                  </a>
                </div>
                <div
                  class="flex items-center"
                >
                  <span
                    class="px-2 text-border"
                  >
                    |
                  </span>
                  <a
                    class="transition-colors hover:text-foreground"
                    href="/sirketler"
                  >
                    M├╝lakat
                  </a>
                </div>
                <div
                  class="flex items-center"
                >
                  <span
                    class="px-2 text-border"
                  >
                    |
                  </span>
                  <a
                    class="transition-colors hover:text-foreground"
                    href="/sirketler"
                  >
                    Maa┼ƒ
                  </a>
                </div>
                <div
                  class="flex items-center"
                >
                  <span
                    class="px-2 text-border"
                  >
                    |
                  </span>
                  <a
                    class="transition-colors hover:text-foreground"
                    href="/giris"
                  >
                    ├£ye Ol
                  </a>
                </div>
              </div>
              <a
                class="inline-flex items-center justify-center gap-2 whitespace-nowrap text-sm font-med...
 Γ¥» Proxy.waitFor node_modules/@testing-library/dom/dist/wait-for.js:163:27
 Γ¥» src/pages/__tests__/Auth.test.tsx:237:13
    235|       });
    236| 
    237|       await waitFor(() => {
       |             ^
    238|         expect(screen.getByText("E-postan─▒z─▒ kontrol edin ve hesab─▒n─▒zΓÇª
    239|       });

ΓÄ»ΓÄ»ΓÄ»ΓÄ»ΓÄ»ΓÄ»ΓÄ»ΓÄ»ΓÄ»ΓÄ»ΓÄ»ΓÄ»ΓÄ»ΓÄ»ΓÄ»ΓÄ»ΓÄ»ΓÄ»ΓÄ»ΓÄ»ΓÄ»ΓÄ»[17/29]ΓÄ»

 FAIL  src/pages/__tests__/Auth.test.tsx > Auth Page > Signup > shows error for already registered email
TestingLibraryElementError: Unable to find an element with the text: Bu e-posta adresi zaten kay─▒tl─▒.. This could be because the text is broken up by multiple elements. In this case, you can provide a function for your text matcher to make your matcher more flexible.

Ignored nodes: comments, script, style
<body>
  <div>
    <div
      class="flex min-h-screen flex-col bg-background"
    >
      <div
        aria-hidden="true"
        class="h-9"
      />
      <div
        class="fixed inset-x-0 top-0 z-[60] bg-orange-500 px-3 py-2 text-center text-sm font-semibold text-white"
      >
        <div
          class="mx-auto flex max-w-6xl items-center justify-center"
        >
          <p>
            firmascope test yayininda! devami cok yakinda!
          </p>
          <button
            aria-label="Test bannerini kapat"
            class="absolute right-3 rounded p-1 text-white/90 transition hover:bg-white/20 hover:text-white"
            type="button"
          >
            <svg
              class="lucide lucide-x h-4 w-4"
              fill="none"
              height="24"
              stroke="currentColor"
              stroke-linecap="round"
              stroke-linejoin="round"
              stroke-width="2"
              viewBox="0 0 24 24"
              width="24"
              xmlns="http://www.w3.org/2000/svg"
            >
              <path
                d="M18 6 6 18"
              />
              <path
                d="m6 6 12 12"
              />
            </svg>
          </button>
        </div>
      </div>
      <header
        class="sticky top-0 z-50 border-b border-border bg-background/95 backdrop-blur supports-[backdrop-filter]:bg-background/60"
      >
        <div
          class="container mx-auto flex h-14 items-center justify-between px-4"
        >
          <a
            class="flex flex-col leading-tight"
            href="/"
          >
            <span
              class="font-display text-lg font-bold text-foreground"
            >
              firmascope
            </span>
            <span
              class="text-xs font-medium text-muted-foreground"
            >
              offline
            </span>
          </a>
          <nav
            class="hidden items-center gap-4 md:flex"
          >
            <div
              class="flex items-center text-sm text-muted-foreground"
            >
              <div
                class="flex items-center"
              >
                <a
                  class="transition-colors hover:text-foreground"
                  href="/sirketler"
                >
                  Ara
                </a>
              </div>
              <div
                class="flex items-center"
              >
                <span
                  class="px-2 text-border"
                >
                  |
                </span>
                <a
                  class="transition-colors hover:text-foreground"
                  href="/sirket-oner"
                >
                  ├ûner
                </a>
              </div>
              <div
                class="flex items-center"
              >
                <span
                  class="px-2 text-border"
                >
                  |
                </span>
                <a
                  class="transition-colors hover:text-foreground"
                  href="/sirketler"
                >
                  De─ƒerlendir
                </a>
              </div>
              <div
                class="flex items-center"
              >
                <span
                  class="px-2 text-border"
                >
                  |
                </span>
                <a
                  class="transition-colors hover:text-foreground"
                  href="/sirketler"
                >
                  M├╝lakat
                </a>
              </div>
              <div
                class="flex items-center"
              >
                <span
                  class="px-2 text-border"
                >
                  |
                </span>
                <a
                  class="transition-colors hover:text-foreground"
                  href="/sirketler"
                >
                  Maa┼ƒ
                </a>
              </div>
              <div
                class="flex items-center"
              >
                <span
                  class="px-2 text-border"
                >
                  |
                </span>
                <a
                  class="transition-colors hover:text-foreground"
                  href="/giris"
                >
                  ├£ye Ol
                </a>
              </div>
            </div>
            <a
              class="inline-flex items-center justify-center gap-2 whitespace-nowrap text-sm font-medium ring-offset-background transition-colors focus-visible:outline-none focus-visible:ring-2 focus-visible:ring-ring focus-visible:ring-offset-2 disabled:pointer-events-none disabled:opacity-50 [&_svg]:pointer-events-none [&_svg]:size-4 [&_svg]:shrink-0 bg-primary text-primary-foreground hover:bg-primary/90 h-9 rounded-md px-3"
              href...

Ignored nodes: comments, script, style
<html>
  <head />
  <body>
    <div>
      <div
        class="flex min-h-screen flex-col bg-background"
      >
        <div
          aria-hidden="true"
          class="h-9"
        />
        <div
          class="fixed inset-x-0 top-0 z-[60] bg-orange-500 px-3 py-2 text-center text-sm font-semibold text-white"
        >
          <div
            class="mx-auto flex max-w-6xl items-center justify-center"
          >
            <p>
              firmascope test yayininda! devami cok yakinda!
            </p>
            <button
              aria-label="Test bannerini kapat"
              class="absolute right-3 rounded p-1 text-white/90 transition hover:bg-white/20 hover:text-white"
              type="button"
            >
              <svg
                class="lucide lucide-x h-4 w-4"
                fill="none"
                height="24"
                stroke="currentColor"
                stroke-linecap="round"
                stroke-linejoin="round"
                stroke-width="2"
                viewBox="0 0 24 24"
                width="24"
                xmlns="http://www.w3.org/2000/svg"
              >
                <path
                  d="M18 6 6 18"
                />
                <path
                  d="m6 6 12 12"
                />
              </svg>
            </button>
          </div>
        </div>
        <header
          class="sticky top-0 z-50 border-b border-border bg-background/95 backdrop-blur supports-[backdrop-filter]:bg-background/60"
        >
          <div
            class="container mx-auto flex h-14 items-center justify-between px-4"
          >
            <a
              class="flex flex-col leading-tight"
              href="/"
            >
              <span
                class="font-display text-lg font-bold text-foreground"
              >
                firmascope
              </span>
              <span
                class="text-xs font-medium text-muted-foreground"
              >
                offline
              </span>
            </a>
            <nav
              class="hidden items-center gap-4 md:flex"
            >
              <div
                class="flex items-center text-sm text-muted-foreground"
              >
                <div
                  class="flex items-center"
                >
                  <a
                    class="transition-colors hover:text-foreground"
                    href="/sirketler"
                  >
                    Ara
                  </a>
                </div>
                <div
                  class="flex items-center"
                >
                  <span
                    class="px-2 text-border"
                  >
                    |
                  </span>
                  <a
                    class="transition-colors hover:text-foreground"
                    href="/sirket-oner"
                  >
                    ├ûner
                  </a>
                </div>
                <div
                  class="flex items-center"
                >
                  <span
                    class="px-2 text-border"
                  >
                    |
                  </span>
                  <a
                    class="transition-colors hover:text-foreground"
                    href="/sirketler"
                  >
                    De─ƒerlendir
                  </a>
                </div>
                <div
                  class="flex items-center"
                >
                  <span
                    class="px-2 text-border"
                  >
                    |
                  </span>
                  <a
                    class="transition-colors hover:text-foreground"
                    href="/sirketler"
                  >
                    M├╝lakat
                  </a>
                </div>
                <div
                  class="flex items-center"
                >
                  <span
                    class="px-2 text-border"
                  >
                    |
                  </span>
                  <a
                    class="transition-colors hover:text-foreground"
                    href="/sirketler"
                  >
                    Maa┼ƒ
                  </a>
                </div>
                <div
                  class="flex items-center"
                >
                  <span
                    class="px-2 text-border"
                  >
                    |
                  </span>
                  <a
                    class="transition-colors hover:text-foreground"
                    href="/giris"
                  >
                    ├£ye Ol
                  </a>
                </div>
              </div>
              <a
                class="inline-flex items-center justify-center gap-2 whitespace-nowrap text-sm font-med...
 Γ¥» Proxy.waitFor node_modules/@testing-library/dom/dist/wait-for.js:163:27
 Γ¥» src/pages/__tests__/Auth.test.tsx:255:13
    253|       await user.click(screen.getByRole("button", { name: /kay─▒t ol/i ΓÇª
    254| 
    255|       await waitFor(() => {
       |             ^
    256|         expect(screen.getByText("Bu e-posta adresi zaten kay─▒tl─▒.")).tΓÇª
    257|       });

ΓÄ»ΓÄ»ΓÄ»ΓÄ»ΓÄ»ΓÄ»ΓÄ»ΓÄ»ΓÄ»ΓÄ»ΓÄ»ΓÄ»ΓÄ»ΓÄ»ΓÄ»ΓÄ»ΓÄ»ΓÄ»ΓÄ»ΓÄ»ΓÄ»ΓÄ»[18/29]ΓÄ»

 FAIL  src/pages/__tests__/Auth.test.tsx > Auth Page > Google OAuth > shows error toast on Google OAuth failure
TestingLibraryElementError: Unable to find an element with the text: OAuth failed. This could be because the text is broken up by multiple elements. In this case, you can provide a function for your text matcher to make your matcher more flexible.

Ignored nodes: comments, script, style
<body>
  <div>
    <div
      class="flex min-h-screen flex-col bg-background"
    >
      <div
        aria-hidden="true"
        class="h-9"
      />
      <div
        class="fixed inset-x-0 top-0 z-[60] bg-orange-500 px-3 py-2 text-center text-sm font-semibold text-white"
      >
        <div
          class="mx-auto flex max-w-6xl items-center justify-center"
        >
          <p>
            firmascope test yayininda! devami cok yakinda!
          </p>
          <button
            aria-label="Test bannerini kapat"
            class="absolute right-3 rounded p-1 text-white/90 transition hover:bg-white/20 hover:text-white"
            type="button"
          >
            <svg
              class="lucide lucide-x h-4 w-4"
              fill="none"
              height="24"
              stroke="currentColor"
              stroke-linecap="round"
              stroke-linejoin="round"
              stroke-width="2"
              viewBox="0 0 24 24"
              width="24"
              xmlns="http://www.w3.org/2000/svg"
            >
              <path
                d="M18 6 6 18"
              />
              <path
                d="m6 6 12 12"
              />
            </svg>
          </button>
        </div>
      </div>
      <header
        class="sticky top-0 z-50 border-b border-border bg-background/95 backdrop-blur supports-[backdrop-filter]:bg-background/60"
      >
        <div
          class="container mx-auto flex h-14 items-center justify-between px-4"
        >
          <a
            class="flex flex-col leading-tight"
            href="/"
          >
            <span
              class="font-display text-lg font-bold text-foreground"
            >
              firmascope
            </span>
            <span
              class="text-xs font-medium text-muted-foreground"
            >
              offline
            </span>
          </a>
          <nav
            class="hidden items-center gap-4 md:flex"
          >
            <div
              class="flex items-center text-sm text-muted-foreground"
            >
              <div
                class="flex items-center"
              >
                <a
                  class="transition-colors hover:text-foreground"
                  href="/sirketler"
                >
                  Ara
                </a>
              </div>
              <div
                class="flex items-center"
              >
                <span
                  class="px-2 text-border"
                >
                  |
                </span>
                <a
                  class="transition-colors hover:text-foreground"
                  href="/sirket-oner"
                >
                  ├ûner
                </a>
              </div>
              <div
                class="flex items-center"
              >
                <span
                  class="px-2 text-border"
                >
                  |
                </span>
                <a
                  class="transition-colors hover:text-foreground"
                  href="/sirketler"
                >
                  De─ƒerlendir
                </a>
              </div>
              <div
                class="flex items-center"
              >
                <span
                  class="px-2 text-border"
                >
                  |
                </span>
                <a
                  class="transition-colors hover:text-foreground"
                  href="/sirketler"
                >
                  M├╝lakat
                </a>
              </div>
              <div
                class="flex items-center"
              >
                <span
                  class="px-2 text-border"
                >
                  |
                </span>
                <a
                  class="transition-colors hover:text-foreground"
                  href="/sirketler"
                >
                  Maa┼ƒ
                </a>
              </div>
              <div
                class="flex items-center"
              >
                <span
                  class="px-2 text-border"
                >
                  |
                </span>
                <a
                  class="transition-colors hover:text-foreground"
                  href="/giris"
                >
                  ├£ye Ol
                </a>
              </div>
            </div>
            <a
              class="inline-flex items-center justify-center gap-2 whitespace-nowrap text-sm font-medium ring-offset-background transition-colors focus-visible:outline-none focus-visible:ring-2 focus-visible:ring-ring focus-visible:ring-offset-2 disabled:pointer-events-none disabled:opacity-50 [&_svg]:pointer-events-none [&_svg]:size-4 [&_svg]:shrink-0 bg-primary text-primary-foreground hover:bg-primary/90 h-9 rounded-md px-3"
              href...

Ignored nodes: comments, script, style
<html>
  <head />
  <body>
    <div>
      <div
        class="flex min-h-screen flex-col bg-background"
      >
        <div
          aria-hidden="true"
          class="h-9"
        />
        <div
          class="fixed inset-x-0 top-0 z-[60] bg-orange-500 px-3 py-2 text-center text-sm font-semibold text-white"
        >
          <div
            class="mx-auto flex max-w-6xl items-center justify-center"
          >
            <p>
              firmascope test yayininda! devami cok yakinda!
            </p>
            <button
              aria-label="Test bannerini kapat"
              class="absolute right-3 rounded p-1 text-white/90 transition hover:bg-white/20 hover:text-white"
              type="button"
            >
              <svg
                class="lucide lucide-x h-4 w-4"
                fill="none"
                height="24"
                stroke="currentColor"
                stroke-linecap="round"
                stroke-linejoin="round"
                stroke-width="2"
                viewBox="0 0 24 24"
                width="24"
                xmlns="http://www.w3.org/2000/svg"
              >
                <path
                  d="M18 6 6 18"
                />
                <path
                  d="m6 6 12 12"
                />
              </svg>
            </button>
          </div>
        </div>
        <header
          class="sticky top-0 z-50 border-b border-border bg-background/95 backdrop-blur supports-[backdrop-filter]:bg-background/60"
        >
          <div
            class="container mx-auto flex h-14 items-center justify-between px-4"
          >
            <a
              class="flex flex-col leading-tight"
              href="/"
            >
              <span
                class="font-display text-lg font-bold text-foreground"
              >
                firmascope
              </span>
              <span
                class="text-xs font-medium text-muted-foreground"
              >
                offline
              </span>
            </a>
            <nav
              class="hidden items-center gap-4 md:flex"
            >
              <div
                class="flex items-center text-sm text-muted-foreground"
              >
                <div
                  class="flex items-center"
                >
                  <a
                    class="transition-colors hover:text-foreground"
                    href="/sirketler"
                  >
                    Ara
                  </a>
                </div>
                <div
                  class="flex items-center"
                >
                  <span
                    class="px-2 text-border"
                  >
                    |
                  </span>
                  <a
                    class="transition-colors hover:text-foreground"
                    href="/sirket-oner"
                  >
                    ├ûner
                  </a>
                </div>
                <div
                  class="flex items-center"
                >
                  <span
                    class="px-2 text-border"
                  >
                    |
                  </span>
                  <a
                    class="transition-colors hover:text-foreground"
                    href="/sirketler"
                  >
                    De─ƒerlendir
                  </a>
                </div>
                <div
                  class="flex items-center"
                >
                  <span
                    class="px-2 text-border"
                  >
                    |
                  </span>
                  <a
                    class="transition-colors hover:text-foreground"
                    href="/sirketler"
                  >
                    M├╝lakat
                  </a>
                </div>
                <div
                  class="flex items-center"
                >
                  <span
                    class="px-2 text-border"
                  >
                    |
                  </span>
                  <a
                    class="transition-colors hover:text-foreground"
                    href="/sirketler"
                  >
                    Maa┼ƒ
                  </a>
                </div>
                <div
                  class="flex items-center"
                >
                  <span
                    class="px-2 text-border"
                  >
                    |
                  </span>
                  <a
                    class="transition-colors hover:text-foreground"
                    href="/giris"
                  >
                    ├£ye Ol
                  </a>
                </div>
              </div>
              <a
                class="inline-flex items-center justify-center gap-2 whitespace-nowrap text-sm font-med...
 Γ¥» Proxy.waitFor node_modules/@testing-library/dom/dist/wait-for.js:163:27
 Γ¥» src/pages/__tests__/Auth.test.tsx:288:13
    286|       await user.click(screen.getByText("Google ile devam et"));
    287| 
    288|       await waitFor(() => {
       |             ^
    289|         expect(screen.getByText("OAuth failed")).toBeInTheDocument();
    290|       });

ΓÄ»ΓÄ»ΓÄ»ΓÄ»ΓÄ»ΓÄ»ΓÄ»ΓÄ»ΓÄ»ΓÄ»ΓÄ»ΓÄ»ΓÄ»ΓÄ»ΓÄ»ΓÄ»ΓÄ»ΓÄ»ΓÄ»ΓÄ»ΓÄ»ΓÄ»[19/29]ΓÄ»

 FAIL  src/pages/__tests__/Auth.test.tsx > Auth Page > Resend Verification > shows validation error for invalid email in resend
TestingLibraryElementError: Unable to find an element with the text: Ge├ºerli bir e-posta adresi girin. This could be because the text is broken up by multiple elements. In this case, you can provide a function for your text matcher to make your matcher more flexible.

Ignored nodes: comments, script, style
<body>
  <div>
    <div
      class="flex min-h-screen flex-col bg-background"
    >
      <div
        aria-hidden="true"
        class="h-9"
      />
      <div
        class="fixed inset-x-0 top-0 z-[60] bg-orange-500 px-3 py-2 text-center text-sm font-semibold text-white"
      >
        <div
          class="mx-auto flex max-w-6xl items-center justify-center"
        >
          <p>
            firmascope test yayininda! devami cok yakinda!
          </p>
          <button
            aria-label="Test bannerini kapat"
            class="absolute right-3 rounded p-1 text-white/90 transition hover:bg-white/20 hover:text-white"
            type="button"
          >
            <svg
              class="lucide lucide-x h-4 w-4"
              fill="none"
              height="24"
              stroke="currentColor"
              stroke-linecap="round"
              stroke-linejoin="round"
              stroke-width="2"
              viewBox="0 0 24 24"
              width="24"
              xmlns="http://www.w3.org/2000/svg"
            >
              <path
                d="M18 6 6 18"
              />
              <path
                d="m6 6 12 12"
              />
            </svg>
          </button>
        </div>
      </div>
      <header
        class="sticky top-0 z-50 border-b border-border bg-background/95 backdrop-blur supports-[backdrop-filter]:bg-background/60"
      >
        <div
          class="container mx-auto flex h-14 items-center justify-between px-4"
        >
          <a
            class="flex flex-col leading-tight"
            href="/"
          >
            <span
              class="font-display text-lg font-bold text-foreground"
            >
              firmascope
            </span>
            <span
              class="text-xs font-medium text-muted-foreground"
            >
              offline
            </span>
          </a>
          <nav
            class="hidden items-center gap-4 md:flex"
          >
            <div
              class="flex items-center text-sm text-muted-foreground"
            >
              <div
                class="flex items-center"
              >
                <a
                  class="transition-colors hover:text-foreground"
                  href="/sirketler"
                >
                  Ara
                </a>
              </div>
              <div
                class="flex items-center"
              >
                <span
                  class="px-2 text-border"
                >
                  |
                </span>
                <a
                  class="transition-colors hover:text-foreground"
                  href="/sirket-oner"
                >
                  ├ûner
                </a>
              </div>
              <div
                class="flex items-center"
              >
                <span
                  class="px-2 text-border"
                >
                  |
                </span>
                <a
                  class="transition-colors hover:text-foreground"
                  href="/sirketler"
                >
                  De─ƒerlendir
                </a>
              </div>
              <div
                class="flex items-center"
              >
                <span
                  class="px-2 text-border"
                >
                  |
                </span>
                <a
                  class="transition-colors hover:text-foreground"
                  href="/sirketler"
                >
                  M├╝lakat
                </a>
              </div>
              <div
                class="flex items-center"
              >
                <span
                  class="px-2 text-border"
                >
                  |
                </span>
                <a
                  class="transition-colors hover:text-foreground"
                  href="/sirketler"
                >
                  Maa┼ƒ
                </a>
              </div>
              <div
                class="flex items-center"
              >
                <span
                  class="px-2 text-border"
                >
                  |
                </span>
                <a
                  class="transition-colors hover:text-foreground"
                  href="/giris"
                >
                  ├£ye Ol
                </a>
              </div>
            </div>
            <a
              class="inline-flex items-center justify-center gap-2 whitespace-nowrap text-sm font-medium ring-offset-background transition-colors focus-visible:outline-none focus-visible:ring-2 focus-visible:ring-ring focus-visible:ring-offset-2 disabled:pointer-events-none disabled:opacity-50 [&_svg]:pointer-events-none [&_svg]:size-4 [&_svg]:shrink-0 bg-primary text-primary-foreground hover:bg-primary/90 h-9 rounded-md px-3"
              href...
 Γ¥» Object.getElementError node_modules/@testing-library/dom/dist/config.js:37:19
 Γ¥» node_modules/@testing-library/dom/dist/query-helpers.js:76:38
 Γ¥» node_modules/@testing-library/dom/dist/query-helpers.js:52:17
 Γ¥» getByText node_modules/@testing-library/dom/dist/query-helpers.js:95:19
 Γ¥» src/pages/__tests__/Auth.test.tsx:345:21
    343|       await user.click(screen.getByRole("button", { name: /onay e-postΓÇª
    344| 
    345|       expect(screen.getByText("Ge├ºerli bir e-posta adresi girin")).toBΓÇª
       |                     ^
    346|     });
    347| 

ΓÄ»ΓÄ»ΓÄ»ΓÄ»ΓÄ»ΓÄ»ΓÄ»ΓÄ»ΓÄ»ΓÄ»ΓÄ»ΓÄ»ΓÄ»ΓÄ»ΓÄ»ΓÄ»ΓÄ»ΓÄ»ΓÄ»ΓÄ»ΓÄ»ΓÄ»[20/29]ΓÄ»

 FAIL  src/pages/__tests__/Auth.test.tsx > Auth Page > UI Interactions > toggles between login and signup modes
TestingLibraryElementError: Found multiple elements with the text: Giri┼ƒ Yap

Here are the matching elements:

Ignored nodes: comments, script, style
<a
  class="inline-flex items-center justify-center gap-2 whitespace-nowrap text-sm font-medium ring-offset-background transition-colors focus-visible:outline-none focus-visible:ring-2 focus-visible:ring-ring focus-visible:ring-offset-2 disabled:pointer-events-none disabled:opacity-50 [&_svg]:pointer-events-none [&_svg]:size-4 [&_svg]:shrink-0 bg-primary text-primary-foreground hover:bg-primary/90 h-9 rounded-md px-3"
  href="/giris"
>
  Giri┼ƒ Yap
</a>

Ignored nodes: comments, script, style
<button
  class="text-primary hover:underline font-medium"
>
  Giri┼ƒ Yap
</button>

(If this is intentional, then use the `*AllBy*` variant of the query (like `queryAllByText`, `getAllByText`, or `findAllByText`)).

Ignored nodes: comments, script, style
<body>
  <div>
    <div
      class="flex min-h-screen flex-col bg-background"
    >
      <div
        aria-hidden="true"
        class="h-9"
      />
      <div
        class="fixed inset-x-0 top-0 z-[60] bg-orange-500 px-3 py-2 text-center text-sm font-semibold text-white"
      >
        <div
          class="mx-auto flex max-w-6xl items-center justify-center"
        >
          <p>
            firmascope test yayininda! devami cok yakinda!
          </p>
          <button
            aria-label="Test bannerini kapat"
            class="absolute right-3 rounded p-1 text-white/90 transition hover:bg-white/20 hover:text-white"
            type="button"
          >
            <svg
              class="lucide lucide-x h-4 w-4"
              fill="none"
              height="24"
              stroke="currentColor"
              stroke-linecap="round"
              stroke-linejoin="round"
              stroke-width="2"
              viewBox="0 0 24 24"
              width="24"
              xmlns="http://www.w3.org/2000/svg"
            >
              <path
                d="M18 6 6 18"
              />
              <path
                d="m6 6 12 12"
              />
            </svg>
          </button>
        </div>
      </div>
      <header
        class="sticky top-0 z-50 border-b border-border bg-background/95 backdrop-blur supports-[backdrop-filter]:bg-background/60"
      >
        <div
          class="container mx-auto flex h-14 items-center justify-between px-4"
        >
          <a
            class="flex flex-col leading-tight"
            href="/"
          >
            <span
              class="font-display text-lg font-bold text-foreground"
            >
              firmascope
            </span>
            <span
              class="text-xs font-medium text-muted-foreground"
            >
              offline
            </span>
          </a>
          <nav
            class="hidden items-center gap-4 md:flex"
          >
            <div
              class="flex items-center text-sm text-muted-foreground"
            >
              <div
                class="flex items-center"
              >
                <a
                  class="transition-colors hover:text-foreground"
                  href="/sirketler"
                >
                  Ara
                </a>
              </div>
              <div
                class="flex items-center"
              >
                <span
                  class="px-2 text-border"
                >
                  |
                </span>
                <a
                  class="transition-colors hover:text-foreground"
                  href="/sirket-oner"
                >
                  ├ûner
                </a>
              </div>
              <div
                class="flex items-center"
              >
                <span
                  class="px-2 text-border"
                >
                  |
                </span>
                <a
                  class="transition-colors hover:text-foreground"
                  href="/sirketler"
                >
                  De─ƒerlendir
                </a>
              </div>
              <div
                class="flex items-center"
              >
                <span
                  class="px-2 text-border"
                >
                  |
                </span>
                <a
                  class="transition-colors hover:text-foreground"
                  href="/sirketler"
                >
                  M├╝lakat
                </a>
              </div>
              <div
                class="flex items-center"
              >
                <span
                  class="px-2 text-border"
                >
                  |
                </span>
                <a
                  class="transition-colors hover:text-foreground"
                  href="/sirketler"
                >
                  Maa┼ƒ
                </a>
              </div>
              <div
                class="flex items-center"
              >
                <span
                  class="px-2 text-border"
                >
                  |
                </span>
                <a
                  class="transition-colors hover:text-foreground"
                  href="/giris"
                >
                  ├£ye Ol
                </a>
              </div>
            </div>
            <a
              class="inline-flex items-center justify-center gap-2 whitespace-nowrap text-sm font-medium ring-offset-background transition-colors focus-visible:outline-none focus-visible:ring-2 focus-visible:ring-ring focus-visible:ring-offset-2 disabled:pointer-events-none disabled:opacity-50 [&_svg]:pointer-events-none [&_svg]:size-4 [&_svg]:shrink-0 bg-primary text-primary-foreground hover:bg-primary/90 h-9 rounded-md px-3"
              href...
 Γ¥» Object.getElementError node_modules/@testing-library/dom/dist/config.js:37:19
 Γ¥» getElementError node_modules/@testing-library/dom/dist/query-helpers.js:20:35
 Γ¥» getMultipleElementsFoundError node_modules/@testing-library/dom/dist/query-helpers.js:23:10
 Γ¥» node_modules/@testing-library/dom/dist/query-helpers.js:55:13
 Γ¥» getByText node_modules/@testing-library/dom/dist/query-helpers.js:95:19
 Γ¥» src/pages/__tests__/Auth.test.tsx:391:31
    389|       expect(screen.getByText("Zaten hesab─▒n─▒z var m─▒?")).toBeInTheDocΓÇª
    390| 
    391|       await user.click(screen.getByText("Giri┼ƒ Yap"));
       |                               ^
    392|       expect(screen.getByText("Hesab─▒n─▒z yok mu?")).toBeInTheDocument(ΓÇª
    393|     });

ΓÄ»ΓÄ»ΓÄ»ΓÄ»ΓÄ»ΓÄ»ΓÄ»ΓÄ»ΓÄ»ΓÄ»ΓÄ»ΓÄ»ΓÄ»ΓÄ»ΓÄ»ΓÄ»ΓÄ»ΓÄ»ΓÄ»ΓÄ»ΓÄ»ΓÄ»[21/29]ΓÄ»

 FAIL  src/hooks/__tests__/useAuth.test.tsx > useAuth > starts with loading=true and updates after getSession resolves
Error: Test timed out in 5000ms.
If this is a long-running test, pass a timeout value as the last argument or configure it globally with "testTimeout".
 Γ¥» src/hooks/__tests__/useAuth.test.tsx:60:3
     58|   });
     59| 
     60|   it("starts with loading=true and updates after getSession resolves",ΓÇª
       |   ^
     61|     vi.mocked(supabase.auth.getSession).mockResolvedValue({
     62|       data: { session: null },

ΓÄ»ΓÄ»ΓÄ»ΓÄ»ΓÄ»ΓÄ»ΓÄ»ΓÄ»ΓÄ»ΓÄ»ΓÄ»ΓÄ»ΓÄ»ΓÄ»ΓÄ»ΓÄ»ΓÄ»ΓÄ»ΓÄ»ΓÄ»ΓÄ»ΓÄ»[22/29]ΓÄ»

 FAIL  src/hooks/__tests__/useAuth.test.tsx > useAuth > sets user and session from getSession when session exists
Error: Test timed out in 5000ms.
If this is a long-running test, pass a timeout value as the last argument or configure it globally with "testTimeout".
 Γ¥» src/hooks/__tests__/useAuth.test.tsx:82:3
     80|   });
     81| 
     82|   it("sets user and session from getSession when session exists", asynΓÇª
       |   ^
     83|     vi.mocked(supabase.auth.getSession).mockResolvedValue({
     84|       data: { session: mockSession },

ΓÄ»ΓÄ»ΓÄ»ΓÄ»ΓÄ»ΓÄ»ΓÄ»ΓÄ»ΓÄ»ΓÄ»ΓÄ»ΓÄ»ΓÄ»ΓÄ»ΓÄ»ΓÄ»ΓÄ»ΓÄ»ΓÄ»ΓÄ»ΓÄ»ΓÄ»[23/29]ΓÄ»

 FAIL  src/hooks/__tests__/useAuth.test.tsx > useAuth > calls is_admin RPC and sets isAdmin=true when admin
Error: Test timed out in 5000ms.
If this is a long-running test, pass a timeout value as the last argument or configure it globally with "testTimeout".
 Γ¥» src/hooks/__tests__/useAuth.test.tsx:102:3
    100|   });
    101| 
    102|   it("calls is_admin RPC and sets isAdmin=true when admin", async () =ΓÇª
       |   ^
    103|     vi.mocked(supabase.auth.getSession).mockResolvedValue({
    104|       data: { session: mockSession },

ΓÄ»ΓÄ»ΓÄ»ΓÄ»ΓÄ»ΓÄ»ΓÄ»ΓÄ»ΓÄ»ΓÄ»ΓÄ»ΓÄ»ΓÄ»ΓÄ»ΓÄ»ΓÄ»ΓÄ»ΓÄ»ΓÄ»ΓÄ»ΓÄ»ΓÄ»[24/29]ΓÄ»

 FAIL  src/hooks/__tests__/useAuth.test.tsx > useAuth > calls is_admin RPC and keeps isAdmin=false when not admin
Error: Test timed out in 5000ms.
If this is a long-running test, pass a timeout value as the last argument or configure it globally with "testTimeout".
 Γ¥» src/hooks/__tests__/useAuth.test.tsx:123:3
    121|   });
    122| 
    123|   it("calls is_admin RPC and keeps isAdmin=false when not admin", asynΓÇª
       |   ^
    124|     vi.mocked(supabase.auth.getSession).mockResolvedValue({
    125|       data: { session: mockSession },

ΓÄ»ΓÄ»ΓÄ»ΓÄ»ΓÄ»ΓÄ»ΓÄ»ΓÄ»ΓÄ»ΓÄ»ΓÄ»ΓÄ»ΓÄ»ΓÄ»ΓÄ»ΓÄ»ΓÄ»ΓÄ»ΓÄ»ΓÄ»ΓÄ»ΓÄ»[25/29]ΓÄ»

 FAIL  src/hooks/__tests__/useAuth.test.tsx > useAuth > updates state via onAuthStateChange callback
Error: Test timed out in 5000ms.
If this is a long-running test, pass a timeout value as the last argument or configure it globally with "testTimeout".
 Γ¥» src/hooks/__tests__/useAuth.test.tsx:142:3
    140|   });
    141| 
    142|   it("updates state via onAuthStateChange callback", async () => {
       |   ^
    143|     vi.mocked(supabase.auth.getSession).mockResolvedValue({
    144|       data: { session: null },

ΓÄ»ΓÄ»ΓÄ»ΓÄ»ΓÄ»ΓÄ»ΓÄ»ΓÄ»ΓÄ»ΓÄ»ΓÄ»ΓÄ»ΓÄ»ΓÄ»ΓÄ»ΓÄ»ΓÄ»ΓÄ»ΓÄ»ΓÄ»ΓÄ»ΓÄ»[26/29]ΓÄ»

 FAIL  src/hooks/__tests__/useAuth.test.tsx > useAuth > sets isAdmin=false when onAuthStateChange fires with no session
Error: Test timed out in 5000ms.
If this is a long-running test, pass a timeout value as the last argument or configure it globally with "testTimeout".
 Γ¥» src/hooks/__tests__/useAuth.test.tsx:173:3
    171|   });
    172| 
    173|   it("sets isAdmin=false when onAuthStateChange fires with no session"ΓÇª
       |   ^
    174|     vi.mocked(supabase.auth.getSession).mockResolvedValue({
    175|       data: { session: mockSession },

ΓÄ»ΓÄ»ΓÄ»ΓÄ»ΓÄ»ΓÄ»ΓÄ»ΓÄ»ΓÄ»ΓÄ»ΓÄ»ΓÄ»ΓÄ»ΓÄ»ΓÄ»ΓÄ»ΓÄ»ΓÄ»ΓÄ»ΓÄ»ΓÄ»ΓÄ»[27/29]ΓÄ»

 FAIL  src/hooks/__tests__/useAuth.test.tsx > useAuth > signOut resets user, session, and isAdmin
Error: Test timed out in 5000ms.
If this is a long-running test, pass a timeout value as the last argument or configure it globally with "testTimeout".
 Γ¥» src/hooks/__tests__/useAuth.test.tsx:199:3
    197|   });
    198| 
    199|   it("signOut resets user, session, and isAdmin", async () => {
       |   ^
    200|     vi.mocked(supabase.auth.getSession).mockResolvedValue({
    201|       data: { session: mockSession },

ΓÄ»ΓÄ»ΓÄ»ΓÄ»ΓÄ»ΓÄ»ΓÄ»ΓÄ»ΓÄ»ΓÄ»ΓÄ»ΓÄ»ΓÄ»ΓÄ»ΓÄ»ΓÄ»ΓÄ»ΓÄ»ΓÄ»ΓÄ»ΓÄ»ΓÄ»[28/29]ΓÄ»

 FAIL  src/hooks/__tests__/useAuth.test.tsx > useAuth > unsubscribes on unmount
Error: Test timed out in 5000ms.
If this is a long-running test, pass a timeout value as the last argument or configure it globally with "testTimeout".
 Γ¥» src/hooks/__tests__/useAuth.test.tsx:225:3
    223|   });
    224| 
    225|   it("unsubscribes on unmount", async () => {
       |   ^
    226|     vi.mocked(supabase.auth.getSession).mockResolvedValue({
    227|       data: { session: null },

ΓÄ»ΓÄ»ΓÄ»ΓÄ»ΓÄ»ΓÄ»ΓÄ»ΓÄ»ΓÄ»ΓÄ»ΓÄ»ΓÄ»ΓÄ»ΓÄ»ΓÄ»ΓÄ»ΓÄ»ΓÄ»ΓÄ»ΓÄ»ΓÄ»ΓÄ»[29/29]ΓÄ»

ΓÄ»ΓÄ»ΓÄ»ΓÄ»ΓÄ»ΓÄ» Unhandled Errors ΓÄ»ΓÄ»ΓÄ»ΓÄ»ΓÄ»ΓÄ»

Vitest caught 2 unhandled errors during the test run.
This might cause false positive tests. Resolve unhandled errors to make sure your tests are not affected.

ΓÄ»ΓÄ»ΓÄ»ΓÄ» Unhandled Rejection ΓÄ»ΓÄ»ΓÄ»ΓÄ»ΓÄ»
TypeError: supabase.from(...).select(...).order is not a function
 Γ¥» fetchAll src/pages/Admin.tsx:142:56
    140|     setLoadingData(true);
    141|     const [sugRes, claimRes, compRes, userRes, revRes, salRes, intRes]ΓÇª
    142|       supabase.from("company_suggestions").select("*").order("created_ΓÇª
       |                                                        ^
    143|       supabase.from("company_claims").select("*, companies(name)").ordΓÇª
    144|       supabase.from("companies").select("*").order("name"),
 Γ¥» src/pages/Admin.tsx:136:18
 Γ¥» commitHookEffectListMount node_modules/react-dom/cjs/react-dom.development.js:23189:26
 Γ¥» commitPassiveMountOnFiber node_modules/react-dom/cjs/react-dom.development.js:24970:11
 Γ¥» commitPassiveMountEffects_complete node_modules/react-dom/cjs/react-dom.development.js:24930:9
 Γ¥» commitPassiveMountEffects_begin node_modules/react-dom/cjs/react-dom.development.js:24917:7
 Γ¥» commitPassiveMountEffects node_modules/react-dom/cjs/react-dom.development.js:24905:3
 Γ¥» flushPassiveEffectsImpl node_modules/react-dom/cjs/react-dom.development.js:27078:3
 Γ¥» flushPassiveEffects node_modules/react-dom/cjs/react-dom.development.js:27023:14
 Γ¥» node_modules/react-dom/cjs/react-dom.development.js:26808:9

This error originated in "src/pages/__tests__/Admin.test.tsx" test file. It doesn't mean the error was thrown inside the file itself, but while it was running.
The latest test that might've caused the error is "renders admin panel for admin users". It might mean one of the following:
- The error was thrown, while Vitest was running this test.
- If the error occurred after the test had been completed, this was the last documented test before it was thrown.

ΓÄ»ΓÄ»ΓÄ»ΓÄ» Unhandled Rejection ΓÄ»ΓÄ»ΓÄ»ΓÄ»ΓÄ»
TypeError: Cannot destructure property 'error' of '(intermediate value)' as it is undefined.
 Γ¥» handleSubmit src/pages/Auth.tsx:58:17
     56|     try {
     57|       if (mode === "login") {
     58|         const { error } = await supabase.auth.signInWithPassword({ emaΓÇª
       |                 ^
     59|         if (error) {
     60|           if (error.message.includes("Invalid login")) {

This error originated in "src/pages/__tests__/Auth.test.tsx" test file. It doesn't mean the error was thrown inside the file itself, but while it was running.
The latest test that might've caused the error is "calls resend with valid email". It might mean one of the following:
- The error was thrown, while Vitest was running this test.
- If the error occurred after the test had been completed, this was the last documented test before it was thrown.
ΓÄ»ΓÄ»ΓÄ»ΓÄ»ΓÄ»ΓÄ»ΓÄ»ΓÄ»ΓÄ»ΓÄ»ΓÄ»ΓÄ»ΓÄ»ΓÄ»ΓÄ»ΓÄ»ΓÄ»ΓÄ»ΓÄ»ΓÄ»ΓÄ»ΓÄ»ΓÄ»ΓÄ»ΓÄ»ΓÄ»ΓÄ»ΓÄ»ΓÄ»ΓÄ»


[2m Test Files [22m [1m[31m11 failed[39m[22m[2m | [22m[1m[32m3 passed[39m[22m[90m (14)[39m
[2m      Tests [22m [1m[31m22 failed[39m[22m[2m | [22m[1m[32m27 passed[39m[22m[90m (49)[39m
[2m     Errors [22m [1m[31m2 errors[39m[22m
[2m   Start at [22m 21:01:53
[2m   Duration [22m 42.41s[2m (transform 1.63s, setup 1.78s, collect 5.35s, tests 55.02s, environment 10.32s, prepare 2.75s)[22m

